Archive member included to satisfy reference by file (symbol)

c:/st/stm32cubeide_1.5.0/stm32cubeide/plugins/com.st.stm32cube.ide.mcu.externaltools.gnu-tools-for-stm32.7-2018-q2-update.win32_1.5.0.202011040924/tools/bin/../lib/gcc/arm-none-eabi/7.3.1/../../../../arm-none-eabi/lib/thumb/v7e-m/fpv4-sp/hard\libc_nano.a(lib_a-errno.o)
                              Core/Src/syscalls.o (__errno)
c:/st/stm32cubeide_1.5.0/stm32cubeide/plugins/com.st.stm32cube.ide.mcu.externaltools.gnu-tools-for-stm32.7-2018-q2-update.win32_1.5.0.202011040924/tools/bin/../lib/gcc/arm-none-eabi/7.3.1/../../../../arm-none-eabi/lib/thumb/v7e-m/fpv4-sp/hard\libc_nano.a(lib_a-exit.o)
                              c:/st/stm32cubeide_1.5.0/stm32cubeide/plugins/com.st.stm32cube.ide.mcu.externaltools.gnu-tools-for-stm32.7-2018-q2-update.win32_1.5.0.202011040924/tools/bin/../lib/gcc/arm-none-eabi/7.3.1/../../../../arm-none-eabi/lib/thumb/v7e-m/fpv4-sp/hard/crt0.o (exit)
c:/st/stm32cubeide_1.5.0/stm32cubeide/plugins/com.st.stm32cube.ide.mcu.externaltools.gnu-tools-for-stm32.7-2018-q2-update.win32_1.5.0.202011040924/tools/bin/../lib/gcc/arm-none-eabi/7.3.1/../../../../arm-none-eabi/lib/thumb/v7e-m/fpv4-sp/hard\libc_nano.a(lib_a-impure.o)
                              c:/st/stm32cubeide_1.5.0/stm32cubeide/plugins/com.st.stm32cube.ide.mcu.externaltools.gnu-tools-for-stm32.7-2018-q2-update.win32_1.5.0.202011040924/tools/bin/../lib/gcc/arm-none-eabi/7.3.1/../../../../arm-none-eabi/lib/thumb/v7e-m/fpv4-sp/hard\libc_nano.a(lib_a-exit.o) (_global_impure_ptr)
c:/st/stm32cubeide_1.5.0/stm32cubeide/plugins/com.st.stm32cube.ide.mcu.externaltools.gnu-tools-for-stm32.7-2018-q2-update.win32_1.5.0.202011040924/tools/bin/../lib/gcc/arm-none-eabi/7.3.1/../../../../arm-none-eabi/lib/thumb/v7e-m/fpv4-sp/hard\libc_nano.a(lib_a-init.o)
                              c:/st/stm32cubeide_1.5.0/stm32cubeide/plugins/com.st.stm32cube.ide.mcu.externaltools.gnu-tools-for-stm32.7-2018-q2-update.win32_1.5.0.202011040924/tools/bin/../lib/gcc/arm-none-eabi/7.3.1/../../../../arm-none-eabi/lib/thumb/v7e-m/fpv4-sp/hard/crt0.o (__libc_init_array)
c:/st/stm32cubeide_1.5.0/stm32cubeide/plugins/com.st.stm32cube.ide.mcu.externaltools.gnu-tools-for-stm32.7-2018-q2-update.win32_1.5.0.202011040924/tools/bin/../lib/gcc/arm-none-eabi/7.3.1/../../../../arm-none-eabi/lib/thumb/v7e-m/fpv4-sp/hard\libc_nano.a(lib_a-memcmp.o)
                              Middlewares/Third_Party/FreeRTOS-Plus-TCP/FreeRTOS_ARP.o (memcmp)
c:/st/stm32cubeide_1.5.0/stm32cubeide/plugins/com.st.stm32cube.ide.mcu.externaltools.gnu-tools-for-stm32.7-2018-q2-update.win32_1.5.0.202011040924/tools/bin/../lib/gcc/arm-none-eabi/7.3.1/../../../../arm-none-eabi/lib/thumb/v7e-m/fpv4-sp/hard\libc_nano.a(lib_a-memcpy-stub.o)
                              Middlewares/Third_Party/FreeRTOS/Source/queue.o (memcpy)
c:/st/stm32cubeide_1.5.0/stm32cubeide/plugins/com.st.stm32cube.ide.mcu.externaltools.gnu-tools-for-stm32.7-2018-q2-update.win32_1.5.0.202011040924/tools/bin/../lib/gcc/arm-none-eabi/7.3.1/../../../../arm-none-eabi/lib/thumb/v7e-m/fpv4-sp/hard\libc_nano.a(lib_a-memmove.o)
                              Middlewares/Third_Party/FreeRTOS-Plus-TCP/FreeRTOS_IP.o (memmove)
c:/st/stm32cubeide_1.5.0/stm32cubeide/plugins/com.st.stm32cube.ide.mcu.externaltools.gnu-tools-for-stm32.7-2018-q2-update.win32_1.5.0.202011040924/tools/bin/../lib/gcc/arm-none-eabi/7.3.1/../../../../arm-none-eabi/lib/thumb/v7e-m/fpv4-sp/hard\libc_nano.a(lib_a-memset.o)
                              c:/st/stm32cubeide_1.5.0/stm32cubeide/plugins/com.st.stm32cube.ide.mcu.externaltools.gnu-tools-for-stm32.7-2018-q2-update.win32_1.5.0.202011040924/tools/bin/../lib/gcc/arm-none-eabi/7.3.1/../../../../arm-none-eabi/lib/thumb/v7e-m/fpv4-sp/hard/crt0.o (memset)
c:/st/stm32cubeide_1.5.0/stm32cubeide/plugins/com.st.stm32cube.ide.mcu.externaltools.gnu-tools-for-stm32.7-2018-q2-update.win32_1.5.0.202011040924/tools/bin/../lib/gcc/arm-none-eabi/7.3.1/../../../../arm-none-eabi/lib/thumb/v7e-m/fpv4-sp/hard\libc_nano.a(lib_a-rand.o)
                              Middlewares/Third_Party/FreeRTOS-Plus-TCP/portable/NetworkInterface/STM32Fxx/NetworkInterface.o (rand)
c:/st/stm32cubeide_1.5.0/stm32cubeide/plugins/com.st.stm32cube.ide.mcu.externaltools.gnu-tools-for-stm32.7-2018-q2-update.win32_1.5.0.202011040924/tools/bin/../lib/gcc/arm-none-eabi/7.3.1/../../../../arm-none-eabi/lib/thumb/v7e-m/fpv4-sp/hard\libc_nano.a(lib_a-snprintf.o)
                              Middlewares/Third_Party/FreeRTOS-Plus-TCP/FreeRTOS_IP.o (snprintf)
c:/st/stm32cubeide_1.5.0/stm32cubeide/plugins/com.st.stm32cube.ide.mcu.externaltools.gnu-tools-for-stm32.7-2018-q2-update.win32_1.5.0.202011040924/tools/bin/../lib/gcc/arm-none-eabi/7.3.1/../../../../arm-none-eabi/lib/thumb/v7e-m/fpv4-sp/hard\libc_nano.a(lib_a-strcpy.o)
                              Middlewares/Third_Party/FreeRTOS-Plus-TCP/FreeRTOS_DNS.o (strcpy)
[...]
Memory Configuration

Name             Origin             Length             Attributes
CCMRAM           0x0000000010000000 0x0000000000010000 xrw
RAM              0x0000000020000000 0x0000000000020000 xrw
FLASH            0x0000000008000000 0x0000000000100000 xr
*default*        0x0000000000000000 0xffffffffffffffff

Linker script and memory map

LOAD c:/st/stm32cubeide_1.5.0/stm32cubeide/plugins/com.st.stm32cube.ide.mcu.externaltools.gnu-tools-for-stm32.7-2018-q2-update.win32_1.5.0.202011040924/tools/bin/../lib/gcc/arm-none-eabi/7.3.1/thumb/v7e-m/fpv4-sp/hard/crti.o
LOAD c:/st/stm32cubeide_1.5.0/stm32cubeide/plugins/com.st.stm32cube.ide.mcu.externaltools.gnu-tools-for-stm32.7-2018-q2-update.win32_1.5.0.202011040924/tools/bin/../lib/gcc/arm-none-eabi/7.3.1/thumb/v7e-m/fpv4-sp/hard/crtbegin.o
LOAD c:/st/stm32cubeide_1.5.0/stm32cubeide/plugins/com.st.stm32cube.ide.mcu.externaltools.gnu-tools-for-stm32.7-2018-q2-update.win32_1.5.0.202011040924/tools/bin/../lib/gcc/arm-none-eabi/7.3.1/../../../../arm-none-eabi/lib/thumb/v7e-m/fpv4-sp/hard/crt0.o
LOAD Core/Src/freertos.o
LOAD Core/Src/main.o
LOAD Core/Src/stm32f4xx_hal_msp.o
LOAD Core/Src/stm32f4xx_hal_timebase_tim.o
LOAD Core/Src/stm32f4xx_it.o
LOAD Core/Src/syscalls.o
LOAD Core/Src/sysmem.o
LOAD Core/Src/system_stm32f4xx.o
LOAD Core/Startup/startup_stm32f407igtx.o
LOAD Drivers/STM32F4xx_HAL_Driver/Src/stm32f4xx_hal.o
LOAD Drivers/STM32F4xx_HAL_Driver/Src/stm32f4xx_hal_cortex.o
LOAD Drivers/STM32F4xx_HAL_Driver/Src/stm32f4xx_hal_dma.o
LOAD Drivers/STM32F4xx_HAL_Driver/Src/stm32f4xx_hal_dma_ex.o
LOAD Drivers/STM32F4xx_HAL_Driver/Src/stm32f4xx_hal_eth.o
LOAD Drivers/STM32F4xx_HAL_Driver/Src/stm32f4xx_hal_exti.o
LOAD Drivers/STM32F4xx_HAL_Driver/Src/stm32f4xx_hal_flash.o
LOAD Drivers/STM32F4xx_HAL_Driver/Src/stm32f4xx_hal_flash_ex.o
LOAD Drivers/STM32F4xx_HAL_Driver/Src/stm32f4xx_hal_flash_ramfunc.o
LOAD Drivers/STM32F4xx_HAL_Driver/Src/stm32f4xx_hal_gpio.o
LOAD Drivers/STM32F4xx_HAL_Driver/Src/stm32f4xx_hal_pwr.o
LOAD Drivers/STM32F4xx_HAL_Driver/Src/stm32f4xx_hal_pwr_ex.o
LOAD Drivers/STM32F4xx_HAL_Driver/Src/stm32f4xx_hal_rcc.o
LOAD Drivers/STM32F4xx_HAL_Driver/Src/stm32f4xx_hal_rcc_ex.o
LOAD Drivers/STM32F4xx_HAL_Driver/Src/stm32f4xx_hal_tim.o
LOAD Drivers/STM32F4xx_HAL_Driver/Src/stm32f4xx_hal_tim_ex.o
LOAD Drivers/STM32F4xx_HAL_Driver/Src/stm32f4xx_hal_usart.o
LOAD Middlewares/Third_Party/FreeRTOS/Source/CMSIS_RTOS/cmsis_os.o
LOAD Middlewares/Third_Party/FreeRTOS/Source/croutine.o
LOAD Middlewares/Third_Party/FreeRTOS/Source/event_groups.o
LOAD Middlewares/Third_Party/FreeRTOS/Source/list.o
LOAD Middlewares/Third_Party/FreeRTOS/Source/queue.o
LOAD Middlewares/Third_Party/FreeRTOS/Source/stream_buffer.o
LOAD Middlewares/Third_Party/FreeRTOS/Source/tasks.o
LOAD Middlewares/Third_Party/FreeRTOS/Source/timers.o
LOAD Middlewares/Third_Party/FreeRTOS/Source/portable/GCC/ARM_CM4F/port.o
LOAD Middlewares/Third_Party/FreeRTOS/Source/portable/MemMang/heap_4.o
LOAD Middlewares/Third_Party/FreeRTOS-Plus-TCP/FreeRTOS_ARP.o
LOAD Middlewares/Third_Party/FreeRTOS-Plus-TCP/FreeRTOS_DHCP.o
LOAD Middlewares/Third_Party/FreeRTOS-Plus-TCP/FreeRTOS_DNS.o
LOAD Middlewares/Third_Party/FreeRTOS-Plus-TCP/FreeRTOS_IP.o
LOAD Middlewares/Third_Party/FreeRTOS-Plus-TCP/FreeRTOS_Sockets.o
LOAD Middlewares/Third_Party/FreeRTOS-Plus-TCP/FreeRTOS_Stream_Buffer.o
LOAD Middlewares/Third_Party/FreeRTOS-Plus-TCP/FreeRTOS_TCP_IP.o
LOAD Middlewares/Third_Party/FreeRTOS-Plus-TCP/FreeRTOS_TCP_WIN.o
LOAD Middlewares/Third_Party/FreeRTOS-Plus-TCP/FreeRTOS_UDP_IP.o
LOAD Middlewares/Third_Party/FreeRTOS-Plus-TCP/portable/BufferManagement/BufferAllocation_2.o
LOAD Middlewares/Third_Party/FreeRTOS-Plus-TCP/portable/NetworkInterface/Common/phyHandling.o
LOAD Middlewares/Third_Party/FreeRTOS-Plus-TCP/portable/NetworkInterface/STM32Fxx/NetworkInterface.o
LOAD Middlewares/Third_Party/FreeRTOS-Plus-TCP/portable/NetworkInterface/STM32Fxx/SimpleTCPEchoServer.o
START GROUP
LOAD c:/st/stm32cubeide_1.5.0/stm32cubeide/plugins/com.st.stm32cube.ide.mcu.externaltools.gnu-tools-for-stm32.7-2018-q2-update.win32_1.5.0.202011040924/tools/bin/../lib/gcc/arm-none-eabi/7.3.1/../../../../arm-none-eabi/lib/thumb/v7e-m/fpv4-sp/hard\libc_nano.a
LOAD c:/st/stm32cubeide_1.5.0/stm32cubeide/plugins/com.st.stm32cube.ide.mcu.externaltools.gnu-tools-for-stm32.7-2018-q2-update.win32_1.5.0.202011040924/tools/bin/../lib/gcc/arm-none-eabi/7.3.1/../../../../arm-none-eabi/lib/thumb/v7e-m/fpv4-sp/hard\libm.a
END GROUP
START GROUP
LOAD c:/st/stm32cubeide_1.5.0/stm32cubeide/plugins/com.st.stm32cube.ide.mcu.externaltools.gnu-tools-for-stm32.7-2018-q2-update.win32_1.5.0.202011040924/tools/bin/../lib/gcc/arm-none-eabi/7.3.1/thumb/v7e-m/fpv4-sp/hard\libgcc.a
LOAD c:/st/stm32cubeide_1.5.0/stm32cubeide/plugins/com.st.stm32cube.ide.mcu.externaltools.gnu-tools-for-stm32.7-2018-q2-update.win32_1.5.0.202011040924/tools/bin/../lib/gcc/arm-none-eabi/7.3.1/../../../../arm-none-eabi/lib/thumb/v7e-m/fpv4-sp/hard\libc_nano.a
END GROUP
START GROUP
LOAD c:/st/stm32cubeide_1.5.0/stm32cubeide/plugins/com.st.stm32cube.ide.mcu.externaltools.gnu-tools-for-stm32.7-2018-q2-update.win32_1.5.0.202011040924/tools/bin/../lib/gcc/arm-none-eabi/7.3.1/thumb/v7e-m/fpv4-sp/hard\libgcc.a
LOAD c:/st/stm32cubeide_1.5.0/stm32cubeide/plugins/com.st.stm32cube.ide.mcu.externaltools.gnu-tools-for-stm32.7-2018-q2-update.win32_1.5.0.202011040924/tools/bin/../lib/gcc/arm-none-eabi/7.3.1/../../../../arm-none-eabi/lib/thumb/v7e-m/fpv4-sp/hard\libc_nano.a
LOAD c:/st/stm32cubeide_1.5.0/stm32cubeide/plugins/com.st.stm32cube.ide.mcu.externaltools.gnu-tools-for-stm32.7-2018-q2-update.win32_1.5.0.202011040924/tools/bin/../lib/gcc/arm-none-eabi/7.3.1/../../../../arm-none-eabi/lib/thumb/v7e-m/fpv4-sp/hard\libnosys.a
END GROUP
START GROUP
LOAD c:/st/stm32cubeide_1.5.0/stm32cubeide/plugins/com.st.stm32cube.ide.mcu.externaltools.gnu-tools-for-stm32.7-2018-q2-update.win32_1.5.0.202011040924/tools/bin/../lib/gcc/arm-none-eabi/7.3.1/thumb/v7e-m/fpv4-sp/hard\libgcc.a
LOAD c:/st/stm32cubeide_1.5.0/stm32cubeide/plugins/com.st.stm32cube.ide.mcu.externaltools.gnu-tools-for-stm32.7-2018-q2-update.win32_1.5.0.202011040924/tools/bin/../lib/gcc/arm-none-eabi/7.3.1/../../../../arm-none-eabi/lib/thumb/v7e-m/fpv4-sp/hard\libc_nano.a
LOAD c:/st/stm32cubeide_1.5.0/stm32cubeide/plugins/com.st.stm32cube.ide.mcu.externaltools.gnu-tools-for-stm32.7-2018-q2-update.win32_1.5.0.202011040924/tools/bin/../lib/gcc/arm-none-eabi/7.3.1/../../../../arm-none-eabi/lib/thumb/v7e-m/fpv4-sp/hard\libnosys.a
END GROUP
LOAD c:/st/stm32cubeide_1.5.0/stm32cubeide/plugins/com.st.stm32cube.ide.mcu.externaltools.gnu-tools-for-stm32.7-2018-q2-update.win32_1.5.0.202011040924/tools/bin/../lib/gcc/arm-none-eabi/7.3.1/thumb/v7e-m/fpv4-sp/hard/crtend.o
LOAD c:/st/stm32cubeide_1.5.0/stm32cubeide/plugins/com.st.stm32cube.ide.mcu.externaltools.gnu-tools-for-stm32.7-2018-q2-update.win32_1.5.0.202011040924/tools/bin/../lib/gcc/arm-none-eabi/7.3.1/thumb/v7e-m/fpv4-sp/hard/crtn.o
                0x0000000020020000                _estack = (ORIGIN (RAM) + LENGTH (RAM))
                0x0000000000000200                _Min_Heap_Size = 0x200
                0x0000000000000400                _Min_Stack_Size = 0x400

.isr_vector     0x0000000008000000      0x188
                0x0000000008000000                . = ALIGN (0x4)
 *(.isr_vector)
 .isr_vector    0x0000000008000000      0x188 Core/Startup/startup_stm32f407igtx.o
                0x0000000008000000                g_pfnVectors
                0x0000000008000188                . = ALIGN (0x4)

.text           0x0000000008000190     0xe978
                0x0000000008000190                . = ALIGN (0x4)
 *(.text)
 .text          0x0000000008000190       0x40 c:/st/stm32cubeide_1.5.0/stm32cubeide/plugins/com.st.stm32cube.ide.mcu.externaltools.gnu-tools-for-stm32.7-2018-q2-update.win32_1.5.0.202011040924/tools/bin/../lib/gcc/arm-none-eabi/7.3.1/thumb/v7e-m/fpv4-sp/hard/crtbegin.o
 .text          0x00000000080001d0       0x10 c:/st/stm32cubeide_1.5.0/stm32cubeide/plugins/com.st.stm32cube.ide.mcu.externaltools.gnu-tools-for-stm32.7-2018-q2-update.win32_1.5.0.202011040924/tools/bin/../lib/gcc/arm-none-eabi/7.3.1/../../../../arm-none-eabi/lib/thumb/v7e-m/fpv4-sp/hard\libc_nano.a(lib_a-strlen.o)
                0x00000000080001d0                strlen
 .text          0x00000000080001e0       0x30 c:/st/stm32cubeide_1.5.0/stm32cubeide/plugins/com.st.stm32cube.ide.mcu.externaltools.gnu-tools-for-stm32.7-2018-q2-update.win32_1.5.0.202011040924/tools/bin/../lib/gcc/arm-none-eabi/7.3.1/thumb/v7e-m/fpv4-sp/hard\libgcc.a(_aeabi_uldivmod.o)
                0x00000000080001e0                __aeabi_uldivmod
 .text          0x0000000008000210      0x2cc c:/st/stm32cubeide_1.5.0/stm32cubeide/plugins/com.st.stm32cube.ide.mcu.externaltools.gnu-tools-for-stm32.7-2018-q2-update.win32_1.5.0.202011040924/tools/bin/../lib/gcc/arm-none-eabi/7.3.1/thumb/v7e-m/fpv4-sp/hard\libgcc.a(_udivmoddi4.o)
                0x0000000008000210                __udivmoddi4
 .text          0x00000000080004dc        0x4 c:/st/stm32cubeide_1.5.0/stm32cubeide/plugins/com.st.stm32cube.ide.mcu.externaltools.gnu-tools-for-stm32.7-2018-q2-update.win32_1.5.0.202011040924/tools/bin/../lib/gcc/arm-none-eabi/7.3.1/thumb/v7e-m/fpv4-sp/hard\libgcc.a(_dvmd_tls.o)
                0x00000000080004dc                __aeabi_idiv0
                0x00000000080004dc                __aeabi_ldiv0
 *(.text*)
 .text.vApplicationGetIdleTaskMemory
                0x00000000080004e0       0x34 Core/Src/freertos.o
                0x00000000080004e0                vApplicationGetIdleTaskMemory
 .text.main     0x0000000008000514       0xcc Core/Src/main.o
                0x0000000008000514                main
 .text.SystemClock_Config
                0x00000000080005e0       0xd4 Core/Src/main.o
                0x00000000080005e0                SystemClock_Config
 .text.MX_ETH_Init
                0x00000000080006b4       0x90 Core/Src/main.o
 .text.MX_GPIO_Init
                0x0000000008000744       0x88 Core/Src/main.o
 .text.USART6_Init
                0x00000000080007cc       0x40 Core/Src/main.o
 .text.MX_USART6_UART_Init
                0x000000000800080c       0x88 Core/Src/main.o
 .text.vApplicationIPNetworkEventHook
                0x0000000008000894       0x84 Core/Src/main.o
                0x0000000008000894                vApplicationIPNetworkEventHook
 .text.vTask1_handler
                0x0000000008000918       0x78 Core/Src/main.o
                0x0000000008000918                vTask1_handler
 .text.vTask2_handler
                0x0000000008000990       0x84 Core/Src/main.o
                0x0000000008000990                vTask2_handler
 .text.HAL_TIM_PeriodElapsedCallback
                0x0000000008000a14       0x30 Core/Src/main.o
                0x0000000008000a14                HAL_TIM_PeriodElapsedCallback
 .text.Error_Handler
                0x0000000008000a44        0x8 Core/Src/main.o
                0x0000000008000a44                Error_Handler
 .text.HAL_MspInit
                0x0000000008000a4c       0x58 Core/Src/stm32f4xx_hal_msp.o
                0x0000000008000a4c                HAL_MspInit
 .text.HAL_ETH_MspInit
                0x0000000008000aa4      0x15c Core/Src/stm32f4xx_hal_msp.o
                0x0000000008000aa4                HAL_ETH_MspInit
 .text.HAL_InitTick
                0x0000000008000c00       0xb4 Core/Src/stm32f4xx_hal_timebase_tim.o
                0x0000000008000c00                HAL_InitTick
 .text.NMI_Handler
                0x0000000008000cb4        0x6 Core/Src/stm32f4xx_it.o
                0x0000000008000cb4                NMI_Handler
 .text.HardFault_Handler
                0x0000000008000cba        0x6 Core/Src/stm32f4xx_it.o
                0x0000000008000cba                HardFault_Handler
 .text.MemManage_Handler
                0x0000000008000cc0        0x6 Core/Src/stm32f4xx_it.o
                0x0000000008000cc0                MemManage_Handler
 .text.BusFault_Handler
                0x0000000008000cc6        0x6 Core/Src/stm32f4xx_it.o
                0x0000000008000cc6                BusFault_Handler
 .text.UsageFault_Handler
                0x0000000008000ccc        0x6 Core/Src/stm32f4xx_it.o
                0x0000000008000ccc                UsageFault_Handler
 .text.DebugMon_Handler
                0x0000000008000cd2        0xe Core/Src/stm32f4xx_it.o
                0x0000000008000cd2                DebugMon_Handler
 .text.TIM6_DAC_IRQHandler
                0x0000000008000ce0       0x14 Core/Src/stm32f4xx_it.o
                0x0000000008000ce0                TIM6_DAC_IRQHandler
 .text.ETH_IRQHandler
                0x0000000008000cf4       0x14 Core/Src/stm32f4xx_it.o
                0x0000000008000cf4                ETH_IRQHandler
 .text._sbrk    0x0000000008000d08       0x6c Core/Src/sysmem.o
                0x0000000008000d08                _sbrk
 .text.SystemInit
                0x0000000008000d74       0x2c Core/Src/system_stm32f4xx.o
                0x0000000008000d74                SystemInit
 .text.Reset_Handler
                0x0000000008000da0       0x50 Core/Startup/startup_stm32f407igtx.o
                0x0000000008000da0                Reset_Handler
 .text.Default_Handler
                0x0000000008000df0        0x2 Core/Startup/startup_stm32f407igtx.o
                0x0000000008000df0                RTC_Alarm_IRQHandler
                0x0000000008000df0                HASH_RNG_IRQHandler
                0x0000000008000df0                EXTI2_IRQHandler
                0x0000000008000df0                TIM8_CC_IRQHandler
                0x0000000008000df0                TIM1_CC_IRQHandler
                0x0000000008000df0                DMA2_Stream5_IRQHandler
                0x0000000008000df0                DMA1_Stream5_IRQHandler
                0x0000000008000df0                PVD_IRQHandler
                0x0000000008000df0                SDIO_IRQHandler
                0x0000000008000df0                TAMP_STAMP_IRQHandler
                0x0000000008000df0                CAN2_RX1_IRQHandler
                0x0000000008000df0                EXTI3_IRQHandler
                0x0000000008000df0                TIM8_TRG_COM_TIM14_IRQHandler
                0x0000000008000df0                TIM1_UP_TIM10_IRQHandler
                0x0000000008000df0                TIM8_UP_TIM13_IRQHandler
                0x0000000008000df0                I2C3_ER_IRQHandler
                0x0000000008000df0                EXTI0_IRQHandler
                0x0000000008000df0                I2C2_EV_IRQHandler
                0x0000000008000df0                DMA1_Stream2_IRQHandler
                0x0000000008000df0                CAN1_RX0_IRQHandler
                0x0000000008000df0                FPU_IRQHandler
                0x0000000008000df0                OTG_HS_WKUP_IRQHandler
                0x0000000008000df0                CAN2_SCE_IRQHandler
                0x0000000008000df0                DMA2_Stream2_IRQHandler
                0x0000000008000df0                SPI1_IRQHandler
                0x0000000008000df0                TIM1_BRK_TIM9_IRQHandler
                0x0000000008000df0                DCMI_IRQHandler
                0x0000000008000df0                CAN2_RX0_IRQHandler
                0x0000000008000df0                DMA2_Stream3_IRQHandler
                0x0000000008000df0                USART6_IRQHandler
                0x0000000008000df0                USART3_IRQHandler
                0x0000000008000df0                CAN1_RX1_IRQHandler
                0x0000000008000df0                UART5_IRQHandler
                0x0000000008000df0                DMA2_Stream0_IRQHandler
                0x0000000008000df0                TIM4_IRQHandler
                0x0000000008000df0                I2C1_EV_IRQHandler
                0x0000000008000df0                DMA1_Stream6_IRQHandler
                0x0000000008000df0                DMA1_Stream1_IRQHandler
                0x0000000008000df0                UART4_IRQHandler
                0x0000000008000df0                TIM3_IRQHandler
                0x0000000008000df0                RCC_IRQHandler
                0x0000000008000df0                TIM8_BRK_TIM12_IRQHandler
                0x0000000008000df0                Default_Handler
                0x0000000008000df0                EXTI15_10_IRQHandler
                0x0000000008000df0                ADC_IRQHandler
                0x0000000008000df0                DMA1_Stream7_IRQHandler
                0x0000000008000df0                TIM7_IRQHandler
                0x0000000008000df0                CAN2_TX_IRQHandler
                0x0000000008000df0                TIM5_IRQHandler
                0x0000000008000df0                DMA2_Stream7_IRQHandler
                0x0000000008000df0                I2C3_EV_IRQHandler
                0x0000000008000df0                EXTI9_5_IRQHandler
                0x0000000008000df0                RTC_WKUP_IRQHandler
                0x0000000008000df0                ETH_WKUP_IRQHandler
                0x0000000008000df0                SPI2_IRQHandler
                0x0000000008000df0                OTG_HS_EP1_IN_IRQHandler
                0x0000000008000df0                DMA1_Stream0_IRQHandler
                0x0000000008000df0                CAN1_TX_IRQHandler
                0x0000000008000df0                EXTI4_IRQHandler
                0x0000000008000df0                FSMC_IRQHandler
                0x0000000008000df0                OTG_HS_EP1_OUT_IRQHandler
                0x0000000008000df0                WWDG_IRQHandler
                0x0000000008000df0                TIM2_IRQHandler
                0x0000000008000df0                OTG_FS_WKUP_IRQHandler
                0x0000000008000df0                TIM1_TRG_COM_TIM11_IRQHandler
                0x0000000008000df0                OTG_HS_IRQHandler
                0x0000000008000df0                EXTI1_IRQHandler
                0x0000000008000df0                USART2_IRQHandler
                0x0000000008000df0                I2C2_ER_IRQHandler
                0x0000000008000df0                DMA2_Stream1_IRQHandler
                0x0000000008000df0                CAN1_SCE_IRQHandler
                0x0000000008000df0                FLASH_IRQHandler
                0x0000000008000df0                DMA2_Stream4_IRQHandler
                0x0000000008000df0                USART1_IRQHandler
                0x0000000008000df0                OTG_FS_IRQHandler
                0x0000000008000df0                SPI3_IRQHandler
                0x0000000008000df0                DMA1_Stream4_IRQHandler
                0x0000000008000df0                I2C1_ER_IRQHandler
                0x0000000008000df0                DMA2_Stream6_IRQHandler
                0x0000000008000df0                DMA1_Stream3_IRQHandler
 *fill*         0x0000000008000df2        0x2 
 .text.HAL_Init
                0x0000000008000df4       0x44 Drivers/STM32F4xx_HAL_Driver/Src/stm32f4xx_hal.o
                0x0000000008000df4                HAL_Init
 .text.HAL_IncTick
                0x0000000008000e38       0x28 Drivers/STM32F4xx_HAL_Driver/Src/stm32f4xx_hal.o
                0x0000000008000e38                HAL_IncTick
 .text.HAL_GetTick
                0x0000000008000e60       0x18 Drivers/STM32F4xx_HAL_Driver/Src/stm32f4xx_hal.o
                0x0000000008000e60                HAL_GetTick
 .text.HAL_Delay
                0x0000000008000e78       0x44 Drivers/STM32F4xx_HAL_Driver/Src/stm32f4xx_hal.o
                0x0000000008000e78                HAL_Delay
 .text.__NVIC_SetPriorityGrouping
                0x0000000008000ebc       0x48 Drivers/STM32F4xx_HAL_Driver/Src/stm32f4xx_hal_cortex.o
 .text.__NVIC_GetPriorityGrouping
                0x0000000008000f04       0x1c Drivers/STM32F4xx_HAL_Driver/Src/stm32f4xx_hal_cortex.o
 .text.__NVIC_EnableIRQ
                0x0000000008000f20       0x3c Drivers/STM32F4xx_HAL_Driver/Src/stm32f4xx_hal_cortex.o
 .text.__NVIC_SetPriority
                0x0000000008000f5c       0x54 Drivers/STM32F4xx_HAL_Driver/Src/stm32f4xx_hal_cortex.o
 .text.NVIC_EncodePriority
                0x0000000008000fb0       0x66 Drivers/STM32F4xx_HAL_Driver/Src/stm32f4xx_hal_cortex.o
 .text.HAL_NVIC_SetPriorityGrouping
                0x0000000008001016       0x16 Drivers/STM32F4xx_HAL_Driver/Src/stm32f4xx_hal_cortex.o
                0x0000000008001016                HAL_NVIC_SetPriorityGrouping
 .text.HAL_NVIC_SetPriority
                0x000000000800102c       0x38 Drivers/STM32F4xx_HAL_Driver/Src/stm32f4xx_hal_cortex.o
                0x000000000800102c                HAL_NVIC_SetPriority
 .text.HAL_NVIC_EnableIRQ
                0x0000000008001064       0x1c Drivers/STM32F4xx_HAL_Driver/Src/stm32f4xx_hal_cortex.o
                0x0000000008001064                HAL_NVIC_EnableIRQ
 .text.HAL_ETH_Init
                0x0000000008001080      0x33c Drivers/STM32F4xx_HAL_Driver/Src/stm32f4xx_hal_eth.o
                0x0000000008001080                HAL_ETH_Init
 .text.HAL_ETH_IRQHandler
                0x00000000080013bc       0xce Drivers/STM32F4xx_HAL_Driver/Src/stm32f4xx_hal_eth.o
                0x00000000080013bc                HAL_ETH_IRQHandler
 .text.HAL_ETH_ErrorCallback
                0x000000000800148a       0x14 Drivers/STM32F4xx_HAL_Driver/Src/stm32f4xx_hal_eth.o
                0x000000000800148a                HAL_ETH_ErrorCallback
 .text.HAL_ETH_ReadPHYRegister
                0x000000000800149e       0xd0 Drivers/STM32F4xx_HAL_Driver/Src/stm32f4xx_hal_eth.o
                0x000000000800149e                HAL_ETH_ReadPHYRegister
 .text.HAL_ETH_WritePHYRegister
                0x000000000800156e       0xcc Drivers/STM32F4xx_HAL_Driver/Src/stm32f4xx_hal_eth.o
                0x000000000800156e                HAL_ETH_WritePHYRegister
 .text.HAL_ETH_Start
                0x000000000800163a       0x5e Drivers/STM32F4xx_HAL_Driver/Src/stm32f4xx_hal_eth.o
                0x000000000800163a                HAL_ETH_Start
 .text.HAL_ETH_Stop
                0x0000000008001698       0x5e Drivers/STM32F4xx_HAL_Driver/Src/stm32f4xx_hal_eth.o
                0x0000000008001698                HAL_ETH_Stop
 *fill*         0x00000000080016f6        0x2 
 .text.HAL_ETH_ConfigMAC
                0x00000000080016f8      0x1f4 Drivers/STM32F4xx_HAL_Driver/Src/stm32f4xx_hal_eth.o
                0x00000000080016f8                HAL_ETH_ConfigMAC
 .text.ETH_MACDMAConfig
                0x00000000080018ec      0x394 Drivers/STM32F4xx_HAL_Driver/Src/stm32f4xx_hal_eth.o
 .text.ETH_MACAddressConfig
                0x0000000008001c80       0x70 Drivers/STM32F4xx_HAL_Driver/Src/stm32f4xx_hal_eth.o
 .text.ETH_MACTransmissionEnable
                0x0000000008001cf0       0x3a Drivers/STM32F4xx_HAL_Driver/Src/stm32f4xx_hal_eth.o
 .text.ETH_MACTransmissionDisable
                0x0000000008001d2a       0x3a Drivers/STM32F4xx_HAL_Driver/Src/stm32f4xx_hal_eth.o
 .text.ETH_MACReceptionEnable
                0x0000000008001d64       0x3a Drivers/STM32F4xx_HAL_Driver/Src/stm32f4xx_hal_eth.o
 .text.ETH_MACReceptionDisable
                0x0000000008001d9e       0x3a Drivers/STM32F4xx_HAL_Driver/Src/stm32f4xx_hal_eth.o
 .text.ETH_DMATransmissionEnable
                0x0000000008001dd8       0x30 Drivers/STM32F4xx_HAL_Driver/Src/stm32f4xx_hal_eth.o
 .text.ETH_DMATransmissionDisable
                0x0000000008001e08       0x30 Drivers/STM32F4xx_HAL_Driver/Src/stm32f4xx_hal_eth.o
 .text.ETH_DMAReceptionEnable
                0x0000000008001e38       0x30 Drivers/STM32F4xx_HAL_Driver/Src/stm32f4xx_hal_eth.o
 .text.ETH_DMAReceptionDisable
                0x0000000008001e68       0x30 Drivers/STM32F4xx_HAL_Driver/Src/stm32f4xx_hal_eth.o
 .text.ETH_FlushTransmitFIFO
                0x0000000008001e98       0x52 Drivers/STM32F4xx_HAL_Driver/Src/stm32f4xx_hal_eth.o
 *fill*         0x0000000008001eea        0x2 
 .text.ETH_Delay
                0x0000000008001eec       0x3c Drivers/STM32F4xx_HAL_Driver/Src/stm32f4xx_hal_eth.o
 .text.HAL_GPIO_Init
                0x0000000008001f28      0x334 Drivers/STM32F4xx_HAL_Driver/Src/stm32f4xx_hal_gpio.o
                0x0000000008001f28                HAL_GPIO_Init
 .text.HAL_RCC_OscConfig
                0x000000000800225c      0x4e0 Drivers/STM32F4xx_HAL_Driver/Src/stm32f4xx_hal_rcc.o
                0x000000000800225c                HAL_RCC_OscConfig
 .text.HAL_RCC_ClockConfig
                0x000000000800273c      0x1cc Drivers/STM32F4xx_HAL_Driver/Src/stm32f4xx_hal_rcc.o
                0x000000000800273c                HAL_RCC_ClockConfig
 .text.HAL_RCC_GetSysClockFreq
                0x0000000008002908      0x164 Drivers/STM32F4xx_HAL_Driver/Src/stm32f4xx_hal_rcc.o
                0x0000000008002908                HAL_RCC_GetSysClockFreq
 .text.HAL_RCC_GetHCLKFreq
                0x0000000008002a6c       0x18 Drivers/STM32F4xx_HAL_Driver/Src/stm32f4xx_hal_rcc.o
                0x0000000008002a6c                HAL_RCC_GetHCLKFreq
 .text.HAL_RCC_GetPCLK1Freq
                0x0000000008002a84       0x28 Drivers/STM32F4xx_HAL_Driver/Src/stm32f4xx_hal_rcc.o
                0x0000000008002a84                HAL_RCC_GetPCLK1Freq
 .text.HAL_RCC_GetPCLK2Freq
                0x0000000008002aac       0x28 Drivers/STM32F4xx_HAL_Driver/Src/stm32f4xx_hal_rcc.o
                0x0000000008002aac                HAL_RCC_GetPCLK2Freq
 .text.HAL_RCC_GetClockConfig
                0x0000000008002ad4       0x64 Drivers/STM32F4xx_HAL_Driver/Src/stm32f4xx_hal_rcc.o
                0x0000000008002ad4                HAL_RCC_GetClockConfig
 .text.HAL_TIM_Base_Init
                0x0000000008002b38       0x56 Drivers/STM32F4xx_HAL_Driver/Src/stm32f4xx_hal_tim.o
                0x0000000008002b38                HAL_TIM_Base_Init
 .text.HAL_TIM_Base_MspInit
                0x0000000008002b8e       0x14 Drivers/STM32F4xx_HAL_Driver/Src/stm32f4xx_hal_tim.o
                0x0000000008002b8e                HAL_TIM_Base_MspInit
 .text.HAL_TIM_Base_Start_IT
                0x0000000008002ba2       0x48 Drivers/STM32F4xx_HAL_Driver/Src/stm32f4xx_hal_tim.o
                0x0000000008002ba2                HAL_TIM_Base_Start_IT
 .text.HAL_TIM_IRQHandler
                0x0000000008002bea      0x210 Drivers/STM32F4xx_HAL_Driver/Src/stm32f4xx_hal_tim.o
                0x0000000008002bea                HAL_TIM_IRQHandler
 .text.HAL_TIM_OC_DelayElapsedCallback
                0x0000000008002dfa       0x14 Drivers/STM32F4xx_HAL_Driver/Src/stm32f4xx_hal_tim.o
                0x0000000008002dfa                HAL_TIM_OC_DelayElapsedCallback
 .text.HAL_TIM_IC_CaptureCallback
                0x0000000008002e0e       0x14 Drivers/STM32F4xx_HAL_Driver/Src/stm32f4xx_hal_tim.o
                0x0000000008002e0e                HAL_TIM_IC_CaptureCallback
 .text.HAL_TIM_PWM_PulseFinishedCallback
                0x0000000008002e22       0x14 Drivers/STM32F4xx_HAL_Driver/Src/stm32f4xx_hal_tim.o
                0x0000000008002e22                HAL_TIM_PWM_PulseFinishedCallback
 .text.HAL_TIM_TriggerCallback
                0x0000000008002e36       0x14 Drivers/STM32F4xx_HAL_Driver/Src/stm32f4xx_hal_tim.o
                0x0000000008002e36                HAL_TIM_TriggerCallback
 *fill*         0x0000000008002e4a        0x2 
 .text.TIM_Base_SetConfig
                0x0000000008002e4c      0x140 Drivers/STM32F4xx_HAL_Driver/Src/stm32f4xx_hal_tim.o
                0x0000000008002e4c                TIM_Base_SetConfig
 .text.HAL_TIMEx_CommutCallback
                0x0000000008002f8c       0x14 Drivers/STM32F4xx_HAL_Driver/Src/stm32f4xx_hal_tim_ex.o
                0x0000000008002f8c                HAL_TIMEx_CommutCallback
 .text.HAL_TIMEx_BreakCallback
                0x0000000008002fa0       0x14 Drivers/STM32F4xx_HAL_Driver/Src/stm32f4xx_hal_tim_ex.o
                0x0000000008002fa0                HAL_TIMEx_BreakCallback
 .text.HAL_USART_Init
                0x0000000008002fb4       0x82 Drivers/STM32F4xx_HAL_Driver/Src/stm32f4xx_hal_usart.o
                0x0000000008002fb4                HAL_USART_Init
 .text.HAL_USART_MspInit
                0x0000000008003036       0x14 Drivers/STM32F4xx_HAL_Driver/Src/stm32f4xx_hal_usart.o
                0x0000000008003036                HAL_USART_MspInit
 .text.HAL_USART_Transmit
                0x000000000800304a      0x120 Drivers/STM32F4xx_HAL_Driver/Src/stm32f4xx_hal_usart.o
                0x000000000800304a                HAL_USART_Transmit
 .text.USART_WaitOnFlagUntilTimeout
                0x000000000800316a       0xac Drivers/STM32F4xx_HAL_Driver/Src/stm32f4xx_hal_usart.o
 *fill*         0x0000000008003216        0x2 
 .text.USART_SetConfig
                0x0000000008003218      0x3bc Drivers/STM32F4xx_HAL_Driver/Src/stm32f4xx_hal_usart.o
 .text.osKernelStart
                0x00000000080035d4        0xe Middlewares/Third_Party/FreeRTOS/Source/CMSIS_RTOS/cmsis_os.o
                0x00000000080035d4                osKernelStart
 .text.xEventGroupCreate
                0x00000000080035e2       0x34 Middlewares/Third_Party/FreeRTOS/Source/event_groups.o
                0x00000000080035e2                xEventGroupCreate
 *fill*         0x0000000008003616        0x2 
 .text.xEventGroupWaitBits
                0x0000000008003618      0x194 Middlewares/Third_Party/FreeRTOS/Source/event_groups.o
                0x0000000008003618                xEventGroupWaitBits
 .text.xEventGroupSetBits
                0x00000000080037ac      0x112 Middlewares/Third_Party/FreeRTOS/Source/event_groups.o
                0x00000000080037ac                xEventGroupSetBits
 .text.vEventGroupDelete
                0x00000000080038be       0x68 Middlewares/Third_Party/FreeRTOS/Source/event_groups.o
                0x00000000080038be                vEventGroupDelete
 .text.prvTestWaitCondition
                0x0000000008003926       0x44 Middlewares/Third_Party/FreeRTOS/Source/event_groups.o
 .text.vListInitialise
                0x000000000800396a       0x40 Middlewares/Third_Party/FreeRTOS/Source/list.o
                0x000000000800396a                vListInitialise
 .text.vListInitialiseItem
                0x00000000080039aa       0x1a Middlewares/Third_Party/FreeRTOS/Source/list.o
                0x00000000080039aa                vListInitialiseItem
 .text.vListInsertEnd
                0x00000000080039c4       0x48 Middlewares/Third_Party/FreeRTOS/Source/list.o
                0x00000000080039c4                vListInsertEnd
 .text.vListInsert
                0x0000000008003a0c       0x72 Middlewares/Third_Party/FreeRTOS/Source/list.o
                0x0000000008003a0c                vListInsert
 .text.uxListRemove
                0x0000000008003a7e       0x54 Middlewares/Third_Party/FreeRTOS/Source/list.o
                0x0000000008003a7e                uxListRemove
 *fill*         0x0000000008003ad2        0x2 
 .text.xQueueGenericReset
                0x0000000008003ad4       0xd0 Middlewares/Third_Party/FreeRTOS/Source/queue.o
                0x0000000008003ad4                xQueueGenericReset
 .text.xQueueGenericCreate
                0x0000000008003ba4       0x7e Middlewares/Third_Party/FreeRTOS/Source/queue.o
                0x0000000008003ba4                xQueueGenericCreate
 .text.prvInitialiseNewQueue
                0x0000000008003c22       0x3e Middlewares/Third_Party/FreeRTOS/Source/queue.o
 .text.xQueueCreateCountingSemaphore
                0x0000000008003c60       0x62 Middlewares/Third_Party/FreeRTOS/Source/queue.o
                0x0000000008003c60                xQueueCreateCountingSemaphore
 *fill*         0x0000000008003cc2        0x2 
 .text.xQueueGenericSend
                0x0000000008003cc4      0x1f4 Middlewares/Third_Party/FreeRTOS/Source/queue.o
                0x0000000008003cc4                xQueueGenericSend
 .text.xQueueReceive
                0x0000000008003eb8      0x1b8 Middlewares/Third_Party/FreeRTOS/Source/queue.o
                0x0000000008003eb8                xQueueReceive
 .text.xQueueSemaphoreTake
                0x0000000008004070      0x210 Middlewares/Third_Party/FreeRTOS/Source/queue.o
                0x0000000008004070                xQueueSemaphoreTake
 .text.uxQueueMessagesWaiting
                0x0000000008004280       0x3a Middlewares/Third_Party/FreeRTOS/Source/queue.o
                0x0000000008004280                uxQueueMessagesWaiting
 .text.vQueueDelete
                0x00000000080042ba       0x44 Middlewares/Third_Party/FreeRTOS/Source/queue.o
                0x00000000080042ba                vQueueDelete
 .text.prvGetDisinheritPriorityAfterTimeout
                0x00000000080042fe       0x30 Middlewares/Third_Party/FreeRTOS/Source/queue.o
 .text.prvCopyDataToQueue
                0x000000000800432e       0xd4 Middlewares/Third_Party/FreeRTOS/Source/queue.o
 .text.prvCopyDataFromQueue
                0x0000000008004402       0x4c Middlewares/Third_Party/FreeRTOS/Source/queue.o
 .text.prvUnlockQueue
                0x000000000800444e       0xa4 Middlewares/Third_Party/FreeRTOS/Source/queue.o
 .text.prvIsQueueEmpty
                0x00000000080044f2       0x2c Middlewares/Third_Party/FreeRTOS/Source/queue.o
 .text.prvIsQueueFull
                0x000000000800451e       0x30 Middlewares/Third_Party/FreeRTOS/Source/queue.o
 *fill*         0x000000000800454e        0x2 
 .text.vQueueAddToRegistry
                0x0000000008004550       0x50 Middlewares/Third_Party/FreeRTOS/Source/queue.o
                0x0000000008004550                vQueueAddToRegistry
 .text.vQueueUnregisterQueue
                0x00000000080045a0       0x54 Middlewares/Third_Party/FreeRTOS/Source/queue.o
                0x00000000080045a0                vQueueUnregisterQueue
 .text.xTaskCreateStatic
                0x00000000080045f4       0xb4 Middlewares/Third_Party/FreeRTOS/Source/tasks.o
                0x00000000080045f4                xTaskCreateStatic
 .text.xTaskCreate
                0x00000000080046a8       0x8a Middlewares/Third_Party/FreeRTOS/Source/tasks.o
                0x00000000080046a8                xTaskCreate
 .text.prvInitialiseNewTask
                0x0000000008004732      0x10c Middlewares/Third_Party/FreeRTOS/Source/tasks.o
 *fill*         0x000000000800483e        0x2 
 .text.prvAddNewTaskToReadyList
                0x0000000008004840       0xd4 Middlewares/Third_Party/FreeRTOS/Source/tasks.o
 .text.vTaskDelete
                0x0000000008004914      0x11c Middlewares/Third_Party/FreeRTOS/Source/tasks.o
                0x0000000008004914                vTaskDelete
 .text.vTaskDelay
                0x0000000008004a30       0x68 Middlewares/Third_Party/FreeRTOS/Source/tasks.o
                0x0000000008004a30                vTaskDelay
 .text.vTaskStartScheduler
                0x0000000008004a98       0xbc Middlewares/Third_Party/FreeRTOS/Source/tasks.o
                0x0000000008004a98                vTaskStartScheduler
 .text.vTaskSuspendAll
                0x0000000008004b54       0x1c Middlewares/Third_Party/FreeRTOS/Source/tasks.o
                0x0000000008004b54                vTaskSuspendAll
 .text.xTaskResumeAll
                0x0000000008004b70      0x138 Middlewares/Third_Party/FreeRTOS/Source/tasks.o
                0x0000000008004b70                xTaskResumeAll
 .text.xTaskGetTickCount
                0x0000000008004ca8       0x20 Middlewares/Third_Party/FreeRTOS/Source/tasks.o
                0x0000000008004ca8                xTaskGetTickCount
 .text.xTaskIncrementTick
                0x0000000008004cc8      0x170 Middlewares/Third_Party/FreeRTOS/Source/tasks.o
                0x0000000008004cc8                xTaskIncrementTick
 .text.vTaskSwitchContext
                0x0000000008004e38       0xb4 Middlewares/Third_Party/FreeRTOS/Source/tasks.o
                0x0000000008004e38                vTaskSwitchContext
 .text.vTaskPlaceOnEventList
                0x0000000008004eec       0x48 Middlewares/Third_Party/FreeRTOS/Source/tasks.o
                0x0000000008004eec                vTaskPlaceOnEventList
 .text.vTaskPlaceOnUnorderedEventList
                0x0000000008004f34       0x74 Middlewares/Third_Party/FreeRTOS/Source/tasks.o
                0x0000000008004f34                vTaskPlaceOnUnorderedEventList
 .text.xTaskRemoveFromEventList
                0x0000000008004fa8       0xc4 Middlewares/Third_Party/FreeRTOS/Source/tasks.o
                0x0000000008004fa8                xTaskRemoveFromEventList
 .text.vTaskRemoveFromUnorderedEventList
                0x000000000800506c       0xc0 Middlewares/Third_Party/FreeRTOS/Source/tasks.o
                0x000000000800506c                vTaskRemoveFromUnorderedEventList
 .text.vTaskSetTimeOutState
                0x000000000800512c       0x4c Middlewares/Third_Party/FreeRTOS/Source/tasks.o
                0x000000000800512c                vTaskSetTimeOutState
 .text.vTaskInternalSetTimeOutState
                0x0000000008005178       0x2c Middlewares/Third_Party/FreeRTOS/Source/tasks.o
                0x0000000008005178                vTaskInternalSetTimeOutState
 .text.xTaskCheckForTimeOut
                0x00000000080051a4       0xc0 Middlewares/Third_Party/FreeRTOS/Source/tasks.o
                0x00000000080051a4                xTaskCheckForTimeOut
 .text.vTaskMissedYield
                0x0000000008005264       0x18 Middlewares/Third_Party/FreeRTOS/Source/tasks.o
                0x0000000008005264                vTaskMissedYield
 .text.prvIdleTask
                0x000000000800527c       0x30 Middlewares/Third_Party/FreeRTOS/Source/tasks.o
 .text.prvInitialiseTaskLists
                0x00000000080052ac       0x80 Middlewares/Third_Party/FreeRTOS/Source/tasks.o
 .text.prvCheckTasksWaitingTermination
                0x000000000800532c       0x58 Middlewares/Third_Party/FreeRTOS/Source/tasks.o
 .text.prvDeleteTCB
                0x0000000008005384       0x5c Middlewares/Third_Party/FreeRTOS/Source/tasks.o
 .text.prvResetNextTaskUnblockTime
                0x00000000080053e0       0x40 Middlewares/Third_Party/FreeRTOS/Source/tasks.o
 .text.xTaskGetCurrentTaskHandle
                0x0000000008005420       0x20 Middlewares/Third_Party/FreeRTOS/Source/tasks.o
                0x0000000008005420                xTaskGetCurrentTaskHandle
 .text.xTaskGetSchedulerState
                0x0000000008005440       0x3c Middlewares/Third_Party/FreeRTOS/Source/tasks.o
                0x0000000008005440                xTaskGetSchedulerState
 .text.xTaskPriorityInherit
                0x000000000800547c      0x100 Middlewares/Third_Party/FreeRTOS/Source/tasks.o
                0x000000000800547c                xTaskPriorityInherit
 .text.xTaskPriorityDisinherit
                0x000000000800557c      0x108 Middlewares/Third_Party/FreeRTOS/Source/tasks.o
                0x000000000800557c                xTaskPriorityDisinherit
 .text.vTaskPriorityDisinheritAfterTimeout
                0x0000000008005684      0x130 Middlewares/Third_Party/FreeRTOS/Source/tasks.o
                0x0000000008005684                vTaskPriorityDisinheritAfterTimeout
 .text.uxTaskResetEventItemValue
                0x00000000080057b4       0x30 Middlewares/Third_Party/FreeRTOS/Source/tasks.o
                0x00000000080057b4                uxTaskResetEventItemValue
 .text.pvTaskIncrementMutexHeldCount
                0x00000000080057e4       0x28 Middlewares/Third_Party/FreeRTOS/Source/tasks.o
                0x00000000080057e4                pvTaskIncrementMutexHeldCount
 .text.ulTaskNotifyTake
                0x000000000800580c       0x90 Middlewares/Third_Party/FreeRTOS/Source/tasks.o
                0x000000000800580c                ulTaskNotifyTake
 .text.vTaskNotifyGiveFromISR
                0x000000000800589c      0x11c Middlewares/Third_Party/FreeRTOS/Source/tasks.o
                0x000000000800589c                vTaskNotifyGiveFromISR
 .text.prvAddCurrentTaskToDelayedList
                0x00000000080059b8       0xcc Middlewares/Third_Party/FreeRTOS/Source/tasks.o
 .text.pxPortInitialiseStack
                0x0000000008005a84       0x68 Middlewares/Third_Party/FreeRTOS/Source/portable/GCC/ARM_CM4F/port.o
                0x0000000008005a84                pxPortInitialiseStack
 .text.prvTaskExitError
                0x0000000008005aec       0x54 Middlewares/Third_Party/FreeRTOS/Source/portable/GCC/ARM_CM4F/port.o
 .text.SVC_Handler
                0x0000000008005b40       0x28 Middlewares/Third_Party/FreeRTOS/Source/portable/GCC/ARM_CM4F/port.o
                0x0000000008005b40                SVC_Handler
 .text.prvPortStartFirstTask
                0x0000000008005b68       0x28 Middlewares/Third_Party/FreeRTOS/Source/portable/GCC/ARM_CM4F/port.o
 .text.xPortStartScheduler
                0x0000000008005b90      0x13c Middlewares/Third_Party/FreeRTOS/Source/portable/GCC/ARM_CM4F/port.o
                0x0000000008005b90                xPortStartScheduler
 .text.vPortEnterCritical
                0x0000000008005ccc       0x5c Middlewares/Third_Party/FreeRTOS/Source/portable/GCC/ARM_CM4F/port.o
                0x0000000008005ccc                vPortEnterCritical
 .text.vPortExitCritical
                0x0000000008005d28       0x50 Middlewares/Third_Party/FreeRTOS/Source/portable/GCC/ARM_CM4F/port.o
                0x0000000008005d28                vPortExitCritical
 *fill*         0x0000000008005d78        0x8 
 .text.PendSV_Handler
                0x0000000008005d80       0x68 Middlewares/Third_Party/FreeRTOS/Source/portable/GCC/ARM_CM4F/port.o
                0x0000000008005d80                PendSV_Handler
 .text.SysTick_Handler
                0x0000000008005de8       0x40 Middlewares/Third_Party/FreeRTOS/Source/portable/GCC/ARM_CM4F/port.o
                0x0000000008005de8                SysTick_Handler
 .text.vPortSetupTimerInterrupt
                0x0000000008005e28       0x48 Middlewares/Third_Party/FreeRTOS/Source/portable/GCC/ARM_CM4F/port.o
                0x0000000008005e28                vPortSetupTimerInterrupt
 .text.vPortEnableVFP
                0x0000000008005e70       0x14 Middlewares/Third_Party/FreeRTOS/Source/portable/GCC/ARM_CM4F/port.o
 .text.vPortValidateInterruptPriority
                0x0000000008005e84       0x7c Middlewares/Third_Party/FreeRTOS/Source/portable/GCC/ARM_CM4F/port.o
                0x0000000008005e84                vPortValidateInterruptPriority
 .text.pvPortMalloc
                0x0000000008005f00      0x184 Middlewares/Third_Party/FreeRTOS/Source/portable/MemMang/heap_4.o
                0x0000000008005f00                pvPortMalloc
 .text.vPortFree
                0x0000000008006084       0xb0 Middlewares/Third_Party/FreeRTOS/Source/portable/MemMang/heap_4.o
                0x0000000008006084                vPortFree
 .text.prvHeapInit
                0x0000000008006134       0xc4 Middlewares/Third_Party/FreeRTOS/Source/portable/MemMang/heap_4.o
 .text.prvInsertBlockIntoFreeList
                0x00000000080061f8       0xb4 Middlewares/Third_Party/FreeRTOS/Source/portable/MemMang/heap_4.o
 .text.vCastPointerTo_ARPPacket_t
                0x00000000080062ac       0x16 Middlewares/Third_Party/FreeRTOS-Plus-TCP/FreeRTOS_ARP.o
 *fill*         0x00000000080062c2        0x2 
 .text.eARPProcessPacket
                0x00000000080062c4      0x124 Middlewares/Third_Party/FreeRTOS-Plus-TCP/FreeRTOS_ARP.o
                0x00000000080062c4                eARPProcessPacket
 .text.vARPRefreshCacheEntry
                0x00000000080063e8      0x1f0 Middlewares/Third_Party/FreeRTOS-Plus-TCP/FreeRTOS_ARP.o
                0x00000000080063e8                vARPRefreshCacheEntry
 .text.eARPGetCacheEntry
                0x00000000080065d8       0xd0 Middlewares/Third_Party/FreeRTOS-Plus-TCP/FreeRTOS_ARP.o
                0x00000000080065d8                eARPGetCacheEntry
 .text.prvCacheLookup
                0x00000000080066a8       0x80 Middlewares/Third_Party/FreeRTOS-Plus-TCP/FreeRTOS_ARP.o
 .text.vARPAgeCache
                0x0000000008006728      0x11c Middlewares/Third_Party/FreeRTOS-Plus-TCP/FreeRTOS_ARP.o
                0x0000000008006728                vARPAgeCache
 .text.FreeRTOS_OutputARPRequest
                0x0000000008006844       0x62 Middlewares/Third_Party/FreeRTOS-Plus-TCP/FreeRTOS_ARP.o
                0x0000000008006844                FreeRTOS_OutputARPRequest
 *fill*         0x00000000080068a6        0x2 
 .text.vARPGenerateRequestPacket
                0x00000000080068a8       0xbc Middlewares/Third_Party/FreeRTOS-Plus-TCP/FreeRTOS_ARP.o
                0x00000000080068a8                vARPGenerateRequestPacket
 .text.FreeRTOS_ClearARP
                0x0000000008006964       0x18 Middlewares/Third_Party/FreeRTOS-Plus-TCP/FreeRTOS_ARP.o
                0x0000000008006964                FreeRTOS_ClearARP
 .text.vCastPointerTo_EthernetHeader_t
                0x000000000800697c       0x16 Middlewares/Third_Party/FreeRTOS-Plus-TCP/FreeRTOS_IP.o
 .text.vCastConstPointerTo_EthernetHeader_t
                0x0000000008006992       0x16 Middlewares/Third_Party/FreeRTOS-Plus-TCP/FreeRTOS_IP.o
 .text.vCastPointerTo_ARPPacket_t
                0x00000000080069a8       0x16 Middlewares/Third_Party/FreeRTOS-Plus-TCP/FreeRTOS_IP.o
 .text.vCastPointerTo_IPPacket_t
                0x00000000080069be       0x16 Middlewares/Third_Party/FreeRTOS-Plus-TCP/FreeRTOS_IP.o
 .text.vCastConstPointerTo_IPPacket_t
                0x00000000080069d4       0x16 Middlewares/Third_Party/FreeRTOS-Plus-TCP/FreeRTOS_IP.o
 .text.vCastPointerTo_ICMPPacket_t
                0x00000000080069ea       0x16 Middlewares/Third_Party/FreeRTOS-Plus-TCP/FreeRTOS_IP.o
 .text.vCastConstPointerTo_UDPPacket_t
                0x0000000008006a00       0x16 Middlewares/Third_Party/FreeRTOS-Plus-TCP/FreeRTOS_IP.o
 .text.vCastConstPointerTo_ProtocolPacket_t
                0x0000000008006a16       0x16 Middlewares/Third_Party/FreeRTOS-Plus-TCP/FreeRTOS_IP.o
 .text.vCastPointerTo_FreeRTOS_Socket_t
                0x0000000008006a2c       0x16 Middlewares/Third_Party/FreeRTOS-Plus-TCP/FreeRTOS_IP.o
 .text.vCastPointerTo_NetworkBufferDescriptor_t
                0x0000000008006a42       0x16 Middlewares/Third_Party/FreeRTOS-Plus-TCP/FreeRTOS_IP.o
 .text.prvIPTask
                0x0000000008006a58      0x198 Middlewares/Third_Party/FreeRTOS-Plus-TCP/FreeRTOS_IP.o
 .text.xIsCallingFromIPTask
                0x0000000008006bf0       0x2c Middlewares/Third_Party/FreeRTOS-Plus-TCP/FreeRTOS_IP.o
                0x0000000008006bf0                xIsCallingFromIPTask
 .text.prvHandleEthernetPacket
                0x0000000008006c1c       0x2c Middlewares/Third_Party/FreeRTOS-Plus-TCP/FreeRTOS_IP.o
 .text.prvCalculateSleepTime
                0x0000000008006c48       0x50 Middlewares/Third_Party/FreeRTOS-Plus-TCP/FreeRTOS_IP.o
 .text.prvCheckNetworkTimers
                0x0000000008006c98       0x80 Middlewares/Third_Party/FreeRTOS-Plus-TCP/FreeRTOS_IP.o
 .text.prvIPTimerStart
                0x0000000008006d18       0x48 Middlewares/Third_Party/FreeRTOS-Plus-TCP/FreeRTOS_IP.o
 .text.prvIPTimerReload
                0x0000000008006d60       0x20 Middlewares/Third_Party/FreeRTOS-Plus-TCP/FreeRTOS_IP.o
 .text.prvIPTimerCheck
                0x0000000008006d80       0x78 Middlewares/Third_Party/FreeRTOS-Plus-TCP/FreeRTOS_IP.o
 .text.FreeRTOS_NetworkDown
                0x0000000008006df8       0x38 Middlewares/Third_Party/FreeRTOS-Plus-TCP/FreeRTOS_IP.o
                0x0000000008006df8                FreeRTOS_NetworkDown
 .text.pxDuplicateNetworkBufferWithDescriptor
                0x0000000008006e30       0x54 Middlewares/Third_Party/FreeRTOS-Plus-TCP/FreeRTOS_IP.o
                0x0000000008006e30                pxDuplicateNetworkBufferWithDescriptor
 .text.prvPacketBuffer_to_NetworkBuffer
                0x0000000008006e84       0x48 Middlewares/Third_Party/FreeRTOS-Plus-TCP/FreeRTOS_IP.o
 .text.pxPacketBuffer_to_NetworkBuffer
                0x0000000008006ecc       0x1a Middlewares/Third_Party/FreeRTOS-Plus-TCP/FreeRTOS_IP.o
                0x0000000008006ecc                pxPacketBuffer_to_NetworkBuffer
 *fill*         0x0000000008006ee6        0x2 
 .text.FreeRTOS_IPInit
                0x0000000008006ee8      0x208 Middlewares/Third_Party/FreeRTOS-Plus-TCP/FreeRTOS_IP.o
                0x0000000008006ee8                FreeRTOS_IPInit
 .text.FreeRTOS_GetAddressConfiguration
                0x00000000080070f0       0x5c Middlewares/Third_Party/FreeRTOS-Plus-TCP/FreeRTOS_IP.o
                0x00000000080070f0                FreeRTOS_GetAddressConfiguration
 .text.xSendEventToIPTask
                0x000000000800714c       0x2c Middlewares/Third_Party/FreeRTOS-Plus-TCP/FreeRTOS_IP.o
                0x000000000800714c                xSendEventToIPTask
 .text.xSendEventStructToIPTask
                0x0000000008007178       0x98 Middlewares/Third_Party/FreeRTOS-Plus-TCP/FreeRTOS_IP.o
                0x0000000008007178                xSendEventStructToIPTask
 .text.prvProcessNetworkDownEvent
                0x0000000008007210       0x50 Middlewares/Third_Party/FreeRTOS-Plus-TCP/FreeRTOS_IP.o
 .text.vIPNetworkUpCalls
                0x0000000008007260       0x28 Middlewares/Third_Party/FreeRTOS-Plus-TCP/FreeRTOS_IP.o
                0x0000000008007260                vIPNetworkUpCalls
 .text.prvProcessEthernetPacket
                0x0000000008007288       0xcc Middlewares/Third_Party/FreeRTOS-Plus-TCP/FreeRTOS_IP.o
 .text.xIsIPv4Multicast
                0x0000000008007354       0x50 Middlewares/Third_Party/FreeRTOS-Plus-TCP/FreeRTOS_IP.o
                0x0000000008007354                xIsIPv4Multicast
 .text.vSetMultiCastIPv4MacAddress
                0x00000000080073a4       0x6a Middlewares/Third_Party/FreeRTOS-Plus-TCP/FreeRTOS_IP.o
                0x00000000080073a4                vSetMultiCastIPv4MacAddress
 *fill*         0x000000000800740e        0x2 
 .text.prvAllowIPPacket
                0x0000000008007410       0xd0 Middlewares/Third_Party/FreeRTOS-Plus-TCP/FreeRTOS_IP.o
 .text.prvProcessIPPacket
                0x00000000080074e0      0x1e8 Middlewares/Third_Party/FreeRTOS-Plus-TCP/FreeRTOS_IP.o
 .text.prvProcessICMPEchoRequest
                0x00000000080076c8       0xb0 Middlewares/Third_Party/FreeRTOS-Plus-TCP/FreeRTOS_IP.o
 .text.prvProcessICMPPacket
                0x0000000008007778       0x34 Middlewares/Third_Party/FreeRTOS-Plus-TCP/FreeRTOS_IP.o
 .text.usGenerateProtocolChecksum
                0x00000000080077ac      0x200 Middlewares/Third_Party/FreeRTOS-Plus-TCP/FreeRTOS_IP.o
                0x00000000080077ac                usGenerateProtocolChecksum
 .text.usGenerateChecksum
                0x00000000080079ac      0x1cc Middlewares/Third_Party/FreeRTOS-Plus-TCP/FreeRTOS_IP.o
                0x00000000080079ac                usGenerateChecksum
 .text.vReturnEthernetFrame
                0x0000000008007b78       0x84 Middlewares/Third_Party/FreeRTOS-Plus-TCP/FreeRTOS_IP.o
                0x0000000008007b78                vReturnEthernetFrame
 .text.FreeRTOS_GetMACAddress
                0x0000000008007bfc       0x14 Middlewares/Third_Party/FreeRTOS-Plus-TCP/FreeRTOS_IP.o
                0x0000000008007bfc                FreeRTOS_GetMACAddress
 .text.xIPIsNetworkTaskReady
                0x0000000008007c10       0x18 Middlewares/Third_Party/FreeRTOS-Plus-TCP/FreeRTOS_IP.o
                0x0000000008007c10                xIPIsNetworkTaskReady
 .text.FreeRTOS_max_uint32
                0x0000000008007c28       0x20 Middlewares/Third_Party/FreeRTOS-Plus-TCP/FreeRTOS_Sockets.o
 .text.FreeRTOS_min_int32
                0x0000000008007c48       0x20 Middlewares/Third_Party/FreeRTOS-Plus-TCP/FreeRTOS_Sockets.o
 .text.FreeRTOS_min_uint32
                0x0000000008007c68       0x20 Middlewares/Third_Party/FreeRTOS-Plus-TCP/FreeRTOS_Sockets.o
 .text.FreeRTOS_round_up
                0x0000000008007c88       0x2a Middlewares/Third_Party/FreeRTOS-Plus-TCP/FreeRTOS_Sockets.o
 .text.vStreamBufferClear
                0x0000000008007cb2       0x2c Middlewares/Third_Party/FreeRTOS-Plus-TCP/FreeRTOS_Sockets.o
 .text.uxStreamBufferSpace
                0x0000000008007cde       0x3e Middlewares/Third_Party/FreeRTOS-Plus-TCP/FreeRTOS_Sockets.o
 .text.uxStreamBufferDistance
                0x0000000008007d1c       0x3c Middlewares/Third_Party/FreeRTOS-Plus-TCP/FreeRTOS_Sockets.o
 .text.uxStreamBufferGetSpace
                0x0000000008007d58       0x28 Middlewares/Third_Party/FreeRTOS-Plus-TCP/FreeRTOS_Sockets.o
 .text.uxStreamBufferFrontSpace
                0x0000000008007d80       0x28 Middlewares/Third_Party/FreeRTOS-Plus-TCP/FreeRTOS_Sockets.o
 .text.uxStreamBufferGetSize
                0x0000000008007da8       0x28 Middlewares/Third_Party/FreeRTOS-Plus-TCP/FreeRTOS_Sockets.o
 .text.uxStreamBufferGetPtr
                0x0000000008007dd0       0x40 Middlewares/Third_Party/FreeRTOS-Plus-TCP/FreeRTOS_Sockets.o
 .text.vCastPointerTo_FreeRTOS_Socket_t
                0x0000000008007e10       0x16 Middlewares/Third_Party/FreeRTOS-Plus-TCP/FreeRTOS_Sockets.o
 .text.vCastPointerTo_NetworkBufferDescriptor_t
                0x0000000008007e26       0x16 Middlewares/Third_Party/FreeRTOS-Plus-TCP/FreeRTOS_Sockets.o
 .text.vCastPointerTo_StreamBuffer_t
                0x0000000008007e3c       0x16 Middlewares/Third_Party/FreeRTOS-Plus-TCP/FreeRTOS_Sockets.o
 .text.prvValidSocket
                0x0000000008007e52       0x5a Middlewares/Third_Party/FreeRTOS-Plus-TCP/FreeRTOS_Sockets.o
 .text.vNetworkSocketsInit
                0x0000000008007eac       0x1c Middlewares/Third_Party/FreeRTOS-Plus-TCP/FreeRTOS_Sockets.o
                0x0000000008007eac                vNetworkSocketsInit
 .text.prvDetermineSocketSize
                0x0000000008007ec8      0x114 Middlewares/Third_Party/FreeRTOS-Plus-TCP/FreeRTOS_Sockets.o
 .text.FreeRTOS_socket
                0x0000000008007fdc      0x138 Middlewares/Third_Party/FreeRTOS-Plus-TCP/FreeRTOS_Sockets.o
                0x0000000008007fdc                FreeRTOS_socket
 .text.FreeRTOS_bind
                0x0000000008008114       0xd2 Middlewares/Third_Party/FreeRTOS-Plus-TCP/FreeRTOS_Sockets.o
                0x0000000008008114                FreeRTOS_bind
 *fill*         0x00000000080081e6        0x2 
 .text.vSocketBind
                0x00000000080081e8      0x128 Middlewares/Third_Party/FreeRTOS-Plus-TCP/FreeRTOS_Sockets.o
                0x00000000080081e8                vSocketBind
 .text.FreeRTOS_closesocket
                0x0000000008008310       0x4c Middlewares/Third_Party/FreeRTOS-Plus-TCP/FreeRTOS_Sockets.o
                0x0000000008008310                FreeRTOS_closesocket
 .text.vSocketClose
                0x000000000800835c       0xbc Middlewares/Third_Party/FreeRTOS-Plus-TCP/FreeRTOS_Sockets.o
                0x000000000800835c                vSocketClose
 .text.prvTCPSetSocketCount
                0x0000000008008418       0x6c Middlewares/Third_Party/FreeRTOS-Plus-TCP/FreeRTOS_Sockets.o
 .text.prvSockopt_so_buffer
                0x0000000008008484       0x78 Middlewares/Third_Party/FreeRTOS-Plus-TCP/FreeRTOS_Sockets.o
 .text.FreeRTOS_setsockopt
                0x00000000080084fc      0x348 Middlewares/Third_Party/FreeRTOS-Plus-TCP/FreeRTOS_Sockets.o
                0x00000000080084fc                FreeRTOS_setsockopt
 .text.prvGetPrivatePortNumber
                0x0000000008008844       0xb0 Middlewares/Third_Party/FreeRTOS-Plus-TCP/FreeRTOS_Sockets.o
 .text.pxListFindListItemWithValue
                0x00000000080088f4       0x54 Middlewares/Third_Party/FreeRTOS-Plus-TCP/FreeRTOS_Sockets.o
 .text.pxUDPSocketLookup
                0x0000000008008948       0x50 Middlewares/Third_Party/FreeRTOS-Plus-TCP/FreeRTOS_Sockets.o
                0x0000000008008948                pxUDPSocketLookup
 .text.FreeRTOS_inet_ntoa
                0x0000000008008998      0x120 Middlewares/Third_Party/FreeRTOS-Plus-TCP/FreeRTOS_Sockets.o
                0x0000000008008998                FreeRTOS_inet_ntoa
 .text.vSocketWakeUpUser
                0x0000000008008ab8       0x36 Middlewares/Third_Party/FreeRTOS-Plus-TCP/FreeRTOS_Sockets.o
                0x0000000008008ab8                vSocketWakeUpUser
 .text.FreeRTOS_accept
                0x0000000008008aee      0x19c Middlewares/Third_Party/FreeRTOS-Plus-TCP/FreeRTOS_Sockets.o
                0x0000000008008aee                FreeRTOS_accept
 .text.FreeRTOS_recv
                0x0000000008008c8a      0x1c4 Middlewares/Third_Party/FreeRTOS-Plus-TCP/FreeRTOS_Sockets.o
                0x0000000008008c8a                FreeRTOS_recv
 .text.prvTCPSendCheck
                0x0000000008008e4e       0xae Middlewares/Third_Party/FreeRTOS-Plus-TCP/FreeRTOS_Sockets.o
 .text.FreeRTOS_send
                0x0000000008008efc      0x188 Middlewares/Third_Party/FreeRTOS-Plus-TCP/FreeRTOS_Sockets.o
                0x0000000008008efc                FreeRTOS_send
 .text.FreeRTOS_listen
                0x0000000008009084       0xd8 Middlewares/Third_Party/FreeRTOS-Plus-TCP/FreeRTOS_Sockets.o
                0x0000000008009084                FreeRTOS_listen
 .text.FreeRTOS_shutdown
                0x000000000800915c       0x60 Middlewares/Third_Party/FreeRTOS-Plus-TCP/FreeRTOS_Sockets.o
                0x000000000800915c                FreeRTOS_shutdown
 .text.xTCPTimerCheck
                0x00000000080091bc       0xdc Middlewares/Third_Party/FreeRTOS-Plus-TCP/FreeRTOS_Sockets.o
                0x00000000080091bc                xTCPTimerCheck
 .text.pxTCPSocketLookup
                0x0000000008009298       0x8c Middlewares/Third_Party/FreeRTOS-Plus-TCP/FreeRTOS_Sockets.o
                0x0000000008009298                pxTCPSocketLookup
 .text.prvTCPCreateStream
                0x0000000008009324       0xd8 Middlewares/Third_Party/FreeRTOS-Plus-TCP/FreeRTOS_Sockets.o
 .text.lTCPAddRxdata
                0x00000000080093fc       0xb4 Middlewares/Third_Party/FreeRTOS-Plus-TCP/FreeRTOS_Sockets.o
                0x00000000080093fc                lTCPAddRxdata
 .text.FreeRTOS_tx_size
                0x00000000080094b0       0x44 Middlewares/Third_Party/FreeRTOS-Plus-TCP/FreeRTOS_Sockets.o
                0x00000000080094b0                FreeRTOS_tx_size
 .text.FreeRTOS_min_uint32
                0x00000000080094f4       0x20 Middlewares/Third_Party/FreeRTOS-Plus-TCP/FreeRTOS_Stream_Buffer.o
 .text.uxStreamBufferSpace
                0x0000000008009514       0x3e Middlewares/Third_Party/FreeRTOS-Plus-TCP/FreeRTOS_Stream_Buffer.o
 .text.uxStreamBufferDistance
                0x0000000008009552       0x3c Middlewares/Third_Party/FreeRTOS-Plus-TCP/FreeRTOS_Stream_Buffer.o
 .text.uxStreamBufferGetSpace
                0x000000000800958e       0x28 Middlewares/Third_Party/FreeRTOS-Plus-TCP/FreeRTOS_Stream_Buffer.o
 .text.uxStreamBufferGetSize
                0x00000000080095b6       0x28 Middlewares/Third_Party/FreeRTOS-Plus-TCP/FreeRTOS_Stream_Buffer.o
 .text.xStreamBufferLessThenEqual
                0x00000000080095de       0x66 Middlewares/Third_Party/FreeRTOS-Plus-TCP/FreeRTOS_Stream_Buffer.o
 .text.uxStreamBufferAdd
                0x0000000008009644      0x100 Middlewares/Third_Party/FreeRTOS-Plus-TCP/FreeRTOS_Stream_Buffer.o
                0x0000000008009644                uxStreamBufferAdd
 .text.uxStreamBufferGet
                0x0000000008009744       0xe8 Middlewares/Third_Party/FreeRTOS-Plus-TCP/FreeRTOS_Stream_Buffer.o
                0x0000000008009744                uxStreamBufferGet
 .text.FreeRTOS_min_int32
                0x000000000800982c       0x20 Middlewares/Third_Party/FreeRTOS-Plus-TCP/FreeRTOS_TCP_IP.o
 .text.FreeRTOS_min_uint32
                0x000000000800984c       0x20 Middlewares/Third_Party/FreeRTOS-Plus-TCP/FreeRTOS_TCP_IP.o
 .text.uxStreamBufferSpace
                0x000000000800986c       0x3e Middlewares/Third_Party/FreeRTOS-Plus-TCP/FreeRTOS_TCP_IP.o
 .text.uxStreamBufferDistance
                0x00000000080098aa       0x3c Middlewares/Third_Party/FreeRTOS-Plus-TCP/FreeRTOS_TCP_IP.o
 .text.uxStreamBufferGetSpace
                0x00000000080098e6       0x28 Middlewares/Third_Party/FreeRTOS-Plus-TCP/FreeRTOS_TCP_IP.o
 .text.uxStreamBufferFrontSpace
                0x000000000800990e       0x28 Middlewares/Third_Party/FreeRTOS-Plus-TCP/FreeRTOS_TCP_IP.o
 .text.uxStreamBufferMidSpace
                0x0000000008009936       0x28 Middlewares/Third_Party/FreeRTOS-Plus-TCP/FreeRTOS_TCP_IP.o
 .text.vStreamBufferMoveMid
                0x000000000800995e       0x50 Middlewares/Third_Party/FreeRTOS-Plus-TCP/FreeRTOS_TCP_IP.o
 .text.vCastConstPointerTo_IPHeader_t
                0x00000000080099ae       0x16 Middlewares/Third_Party/FreeRTOS-Plus-TCP/FreeRTOS_TCP_IP.o
 .text.vCastPointerTo_TCPPacket_t
                0x00000000080099c4       0x16 Middlewares/Third_Party/FreeRTOS-Plus-TCP/FreeRTOS_TCP_IP.o
 .text.vCastConstPointerTo_TCPPacket_t
                0x00000000080099da       0x16 Middlewares/Third_Party/FreeRTOS-Plus-TCP/FreeRTOS_TCP_IP.o
 .text.vCastPointerTo_ProtocolHeaders_t
                0x00000000080099f0       0x16 Middlewares/Third_Party/FreeRTOS-Plus-TCP/FreeRTOS_TCP_IP.o
 .text.vCastConstPointerTo_ProtocolHeaders_t
                0x0000000008009a06       0x16 Middlewares/Third_Party/FreeRTOS-Plus-TCP/FreeRTOS_TCP_IP.o
 .text.vCastPointerTo_FreeRTOS_Socket_t
                0x0000000008009a1c       0x16 Middlewares/Third_Party/FreeRTOS-Plus-TCP/FreeRTOS_TCP_IP.o
 .text.ulChar2u32
                0x0000000008009a32       0x36 Middlewares/Third_Party/FreeRTOS-Plus-TCP/FreeRTOS_TCP_IP.o
 .text.usChar2u16
                0x0000000008009a68       0x2a Middlewares/Third_Party/FreeRTOS-Plus-TCP/FreeRTOS_TCP_IP.o
 *fill*         0x0000000008009a92        0x2 
 .text.prvTCPSocketIsActive
                0x0000000008009a94       0x64 Middlewares/Third_Party/FreeRTOS-Plus-TCP/FreeRTOS_TCP_IP.o
 .text.prvTCPStatusAgeCheck
                0x0000000008009af8       0x98 Middlewares/Third_Party/FreeRTOS-Plus-TCP/FreeRTOS_TCP_IP.o
 .text.xTCPSocketCheck
                0x0000000008009b90       0xc8 Middlewares/Third_Party/FreeRTOS-Plus-TCP/FreeRTOS_TCP_IP.o
                0x0000000008009b90                xTCPSocketCheck
 .text.prvTCPSendPacket
                0x0000000008009c58       0xd0 Middlewares/Third_Party/FreeRTOS-Plus-TCP/FreeRTOS_TCP_IP.o
 .text.prvTCPSendRepeated
                0x0000000008009d28       0x60 Middlewares/Third_Party/FreeRTOS-Plus-TCP/FreeRTOS_TCP_IP.o
 .text.prvTCPReturnPacket
                0x0000000008009d88      0x388 Middlewares/Third_Party/FreeRTOS-Plus-TCP/FreeRTOS_TCP_IP.o
 .text.prvTCPCreateWindow
                0x000000000800a110       0x4e Middlewares/Third_Party/FreeRTOS-Plus-TCP/FreeRTOS_TCP_IP.o
 *fill*         0x000000000800a15e        0x2 
 .text.prvTCPPrepareConnect
                0x000000000800a160      0x1cc Middlewares/Third_Party/FreeRTOS-Plus-TCP/FreeRTOS_TCP_IP.o
 .text.prvCheckOptions
                0x000000000800a32c       0xbc Middlewares/Third_Party/FreeRTOS-Plus-TCP/FreeRTOS_TCP_IP.o
 .text.prvSingleStepTCPHeaderOptions
                0x000000000800a3e8      0x1ac Middlewares/Third_Party/FreeRTOS-Plus-TCP/FreeRTOS_TCP_IP.o
 .text.prvReadSackOption
                0x000000000800a594       0x6e Middlewares/Third_Party/FreeRTOS-Plus-TCP/FreeRTOS_TCP_IP.o
 .text.prvWinScaleFactor
                0x000000000800a602       0x40 Middlewares/Third_Party/FreeRTOS-Plus-TCP/FreeRTOS_TCP_IP.o
 .text.prvSetSynAckOptions
                0x000000000800a642       0xa0 Middlewares/Third_Party/FreeRTOS-Plus-TCP/FreeRTOS_TCP_IP.o
 .text.prvTCPTouchSocket
                0x000000000800a6e2       0x1a Middlewares/Third_Party/FreeRTOS-Plus-TCP/FreeRTOS_TCP_IP.o
 .text.vTCPStateChange
                0x000000000800a6fc      0x170 Middlewares/Third_Party/FreeRTOS-Plus-TCP/FreeRTOS_TCP_IP.o
                0x000000000800a6fc                vTCPStateChange
 .text.prvTCPBufferResize
                0x000000000800a86c       0xe4 Middlewares/Third_Party/FreeRTOS-Plus-TCP/FreeRTOS_TCP_IP.o
 .text.prvTCPPrepareSend
                0x000000000800a950      0x23e Middlewares/Third_Party/FreeRTOS-Plus-TCP/FreeRTOS_TCP_IP.o
 *fill*         0x000000000800ab8e        0x2 
 .text.prvTCPNextTimeout
                0x000000000800ab90       0xf8 Middlewares/Third_Party/FreeRTOS-Plus-TCP/FreeRTOS_TCP_IP.o
 .text.prvTCPAddTxData
                0x000000000800ac88       0x54 Middlewares/Third_Party/FreeRTOS-Plus-TCP/FreeRTOS_TCP_IP.o
 .text.prvTCPHandleFin
                0x000000000800acdc      0x158 Middlewares/Third_Party/FreeRTOS-Plus-TCP/FreeRTOS_TCP_IP.o
 .text.prvCheckRxData
                0x000000000800ae34       0xf8 Middlewares/Third_Party/FreeRTOS-Plus-TCP/FreeRTOS_TCP_IP.o
 .text.prvStoreRxData
                0x000000000800af2c       0xee Middlewares/Third_Party/FreeRTOS-Plus-TCP/FreeRTOS_TCP_IP.o
 .text.prvSetOptions
                0x000000000800b01a       0xc2 Middlewares/Third_Party/FreeRTOS-Plus-TCP/FreeRTOS_TCP_IP.o
 .text.prvHandleSynReceived
                0x000000000800b0dc      0x1dc Middlewares/Third_Party/FreeRTOS-Plus-TCP/FreeRTOS_TCP_IP.o
 .text.prvHandleEstablished
                0x000000000800b2b8      0x222 Middlewares/Third_Party/FreeRTOS-Plus-TCP/FreeRTOS_TCP_IP.o
 *fill*         0x000000000800b4da        0x2 
 .text.prvSendData
                0x000000000800b4dc      0x12c Middlewares/Third_Party/FreeRTOS-Plus-TCP/FreeRTOS_TCP_IP.o
 .text.prvTCPHandleState
                0x000000000800b608      0x234 Middlewares/Third_Party/FreeRTOS-Plus-TCP/FreeRTOS_TCP_IP.o
 .text.prvTCPSendSpecialPacketHelper
                0x000000000800b83c       0x42 Middlewares/Third_Party/FreeRTOS-Plus-TCP/FreeRTOS_TCP_IP.o
 .text.prvTCPSendChallengeAck
                0x000000000800b87e       0x1a Middlewares/Third_Party/FreeRTOS-Plus-TCP/FreeRTOS_TCP_IP.o
 .text.prvTCPSendReset
                0x000000000800b898       0x1a Middlewares/Third_Party/FreeRTOS-Plus-TCP/FreeRTOS_TCP_IP.o
 *fill*         0x000000000800b8b2        0x2 
 .text.prvSocketSetMSS
                0x000000000800b8b4       0x70 Middlewares/Third_Party/FreeRTOS-Plus-TCP/FreeRTOS_TCP_IP.o
 .text.xProcessReceivedTCPPacket
                0x000000000800b924      0x34e Middlewares/Third_Party/FreeRTOS-Plus-TCP/FreeRTOS_TCP_IP.o
                0x000000000800b924                xProcessReceivedTCPPacket
 *fill*         0x000000000800bc72        0x2 
 .text.prvHandleListen
                0x000000000800bc74      0x188 Middlewares/Third_Party/FreeRTOS-Plus-TCP/FreeRTOS_TCP_IP.o
 .text.prvTCPSocketCopy
                0x000000000800bdfc       0xd0 Middlewares/Third_Party/FreeRTOS-Plus-TCP/FreeRTOS_TCP_IP.o
 .text.xTCPCheckNewClient
                0x000000000800becc       0x90 Middlewares/Third_Party/FreeRTOS-Plus-TCP/FreeRTOS_TCP_IP.o
                0x000000000800becc                xTCPCheckNewClient
 .text.FreeRTOS_min_int32
                0x000000000800bf5c       0x20 Middlewares/Third_Party/FreeRTOS-Plus-TCP/FreeRTOS_TCP_WIN.o
 .text.FreeRTOS_min_uint32
                0x000000000800bf7c       0x20 Middlewares/Third_Party/FreeRTOS-Plus-TCP/FreeRTOS_TCP_WIN.o
 .text.vCastPointerTo_TCPSegment_t
                0x000000000800bf9c       0x16 Middlewares/Third_Party/FreeRTOS-Plus-TCP/FreeRTOS_TCP_WIN.o
 .text.xSequenceLessThanOrEqual
                0x000000000800bfb2       0x2c Middlewares/Third_Party/FreeRTOS-Plus-TCP/FreeRTOS_TCP_WIN.o
 .text.xSequenceLessThan
                0x000000000800bfde       0x2e Middlewares/Third_Party/FreeRTOS-Plus-TCP/FreeRTOS_TCP_WIN.o
 .text.xSequenceGreaterThan
                0x000000000800c00c       0x2e Middlewares/Third_Party/FreeRTOS-Plus-TCP/FreeRTOS_TCP_WIN.o
 .text.xSequenceGreaterThanOrEqual
                0x000000000800c03a       0x2c Middlewares/Third_Party/FreeRTOS-Plus-TCP/FreeRTOS_TCP_WIN.o
 .text.vListInsertFifo
                0x000000000800c066       0x20 Middlewares/Third_Party/FreeRTOS-Plus-TCP/FreeRTOS_TCP_WIN.o
 .text.vTCPTimerSet
                0x000000000800c086       0x1a Middlewares/Third_Party/FreeRTOS-Plus-TCP/FreeRTOS_TCP_WIN.o
 .text.ulTimerGetAge
                0x000000000800c0a0       0x1c Middlewares/Third_Party/FreeRTOS-Plus-TCP/FreeRTOS_TCP_WIN.o
 .text.vListInsertGeneric
                0x000000000800c0bc       0x44 Middlewares/Third_Party/FreeRTOS-Plus-TCP/FreeRTOS_TCP_WIN.o
 .text.prvCreateSectors
                0x000000000800c100       0xa8 Middlewares/Third_Party/FreeRTOS-Plus-TCP/FreeRTOS_TCP_WIN.o
 .text.xTCPWindowRxFind
                0x000000000800c1a8       0x50 Middlewares/Third_Party/FreeRTOS-Plus-TCP/FreeRTOS_TCP_WIN.o
 .text.xTCPWindowNew
                0x000000000800c1f8       0xd0 Middlewares/Third_Party/FreeRTOS-Plus-TCP/FreeRTOS_TCP_WIN.o
 .text.xTCPWindowRxEmpty
                0x000000000800c2c8       0x42 Middlewares/Third_Party/FreeRTOS-Plus-TCP/FreeRTOS_TCP_WIN.o
                0x000000000800c2c8                xTCPWindowRxEmpty
 .text.xTCPWindowGetHead
                0x000000000800c30a       0x38 Middlewares/Third_Party/FreeRTOS-Plus-TCP/FreeRTOS_TCP_WIN.o
 .text.xTCPWindowPeekHead
                0x000000000800c342       0x32 Middlewares/Third_Party/FreeRTOS-Plus-TCP/FreeRTOS_TCP_WIN.o
 .text.vTCPWindowFree
                0x000000000800c374       0x58 Middlewares/Third_Party/FreeRTOS-Plus-TCP/FreeRTOS_TCP_WIN.o
 .text.vTCPWindowDestroy
                0x000000000800c3cc       0x5e Middlewares/Third_Party/FreeRTOS-Plus-TCP/FreeRTOS_TCP_WIN.o
                0x000000000800c3cc                vTCPWindowDestroy
 *fill*         0x000000000800c42a        0x2 
 .text.vTCPWindowCreate
                0x000000000800c42c       0x70 Middlewares/Third_Party/FreeRTOS-Plus-TCP/FreeRTOS_TCP_WIN.o
                0x000000000800c42c                vTCPWindowCreate
 .text.vTCPWindowInit
                0x000000000800c49c       0xb6 Middlewares/Third_Party/FreeRTOS-Plus-TCP/FreeRTOS_TCP_WIN.o
                0x000000000800c49c                vTCPWindowInit
 .text.xTCPWindowRxConfirm
                0x000000000800c552       0x9c Middlewares/Third_Party/FreeRTOS-Plus-TCP/FreeRTOS_TCP_WIN.o
 *fill*         0x000000000800c5ee        0x2 
 .text.lTCPWindowRxCheck
                0x000000000800c5f0      0x1c8 Middlewares/Third_Party/FreeRTOS-Plus-TCP/FreeRTOS_TCP_WIN.o
                0x000000000800c5f0                lTCPWindowRxCheck
 .text.lTCPIncrementTxPosition
                0x000000000800c7b8       0x32 Middlewares/Third_Party/FreeRTOS-Plus-TCP/FreeRTOS_TCP_WIN.o
 *fill*         0x000000000800c7ea        0x2 
 .text.lTCPWindowTxAdd
                0x000000000800c7ec      0x16c Middlewares/Third_Party/FreeRTOS-Plus-TCP/FreeRTOS_TCP_WIN.o
                0x000000000800c7ec                lTCPWindowTxAdd
 .text.xTCPWindowTxDone
                0x000000000800c958       0x24 Middlewares/Third_Party/FreeRTOS-Plus-TCP/FreeRTOS_TCP_WIN.o
                0x000000000800c958                xTCPWindowTxDone
 .text.prvTCPWindowTxHasSpace
                0x000000000800c97c       0x8c Middlewares/Third_Party/FreeRTOS-Plus-TCP/FreeRTOS_TCP_WIN.o
 .text.xTCPWindowTxHasData
                0x000000000800ca08       0xc0 Middlewares/Third_Party/FreeRTOS-Plus-TCP/FreeRTOS_TCP_WIN.o
                0x000000000800ca08                xTCPWindowTxHasData
 .text.ulTCPWindowTxGet
                0x000000000800cac8      0x1b8 Middlewares/Third_Party/FreeRTOS-Plus-TCP/FreeRTOS_TCP_WIN.o
                0x000000000800cac8                ulTCPWindowTxGet
 .text.prvTCPWindowTxCheckAck
                0x000000000800cc80      0x184 Middlewares/Third_Party/FreeRTOS-Plus-TCP/FreeRTOS_TCP_WIN.o
 .text.prvTCPWindowFastRetransmit
                0x000000000800ce04       0xa8 Middlewares/Third_Party/FreeRTOS-Plus-TCP/FreeRTOS_TCP_WIN.o
 .text.ulTCPWindowTxAck
                0x000000000800ceac       0x3a Middlewares/Third_Party/FreeRTOS-Plus-TCP/FreeRTOS_TCP_WIN.o
                0x000000000800ceac                ulTCPWindowTxAck
 *fill*         0x000000000800cee6        0x2 
 .text.ulTCPWindowTxSack
                0x000000000800cee8       0x44 Middlewares/Third_Party/FreeRTOS-Plus-TCP/FreeRTOS_TCP_WIN.o
                0x000000000800cee8                ulTCPWindowTxSack
 .text.vCastPointerTo_UDPPacket_t
                0x000000000800cf2c       0x16 Middlewares/Third_Party/FreeRTOS-Plus-TCP/FreeRTOS_UDP_IP.o
 .text.vCastConstPointerTo_UDPPacket_t
                0x000000000800cf42       0x16 Middlewares/Third_Party/FreeRTOS-Plus-TCP/FreeRTOS_UDP_IP.o
 .text.vProcessGeneratedUDPPacket
                0x000000000800cf58      0x1a4 Middlewares/Third_Party/FreeRTOS-Plus-TCP/FreeRTOS_UDP_IP.o
                0x000000000800cf58                vProcessGeneratedUDPPacket
 .text.xProcessReceivedUDPPacket
                0x000000000800d0fc       0xb6 Middlewares/Third_Party/FreeRTOS-Plus-TCP/FreeRTOS_UDP_IP.o
                0x000000000800d0fc                xProcessReceivedUDPPacket
 *fill*         0x000000000800d1b2        0x2 
 .text.xNetworkBuffersInitialise
                0x000000000800d1b4       0xf8 Middlewares/Third_Party/FreeRTOS-Plus-TCP/portable/BufferManagement/BufferAllocation_2.o
                0x000000000800d1b4                xNetworkBuffersInitialise
 .text.vReleaseNetworkBuffer
                0x000000000800d2ac       0x22 Middlewares/Third_Party/FreeRTOS-Plus-TCP/portable/BufferManagement/BufferAllocation_2.o
                0x000000000800d2ac                vReleaseNetworkBuffer
 *fill*         0x000000000800d2ce        0x2 
 .text.pxGetNetworkBufferWithDescriptor
                0x000000000800d2d0       0xfc Middlewares/Third_Party/FreeRTOS-Plus-TCP/portable/BufferManagement/BufferAllocation_2.o
                0x000000000800d2d0                pxGetNetworkBufferWithDescriptor
 .text.vReleaseNetworkBufferAndDescriptor
                0x000000000800d3cc       0x68 Middlewares/Third_Party/FreeRTOS-Plus-TCP/portable/BufferManagement/BufferAllocation_2.o
                0x000000000800d3cc                vReleaseNetworkBufferAndDescriptor
 .text.xHas_1F_PHYSPCS
                0x000000000800d434       0x30 Middlewares/Third_Party/FreeRTOS-Plus-TCP/portable/NetworkInterface/Common/phyHandling.o
 .text.xHas_19_PHYCR
                0x000000000800d464       0x38 Middlewares/Third_Party/FreeRTOS-Plus-TCP/portable/NetworkInterface/Common/phyHandling.o
 .text.vPhyInitialise
                0x000000000800d49c       0x2a Middlewares/Third_Party/FreeRTOS-Plus-TCP/portable/NetworkInterface/Common/phyHandling.o
                0x000000000800d49c                vPhyInitialise
 .text.xPhyDiscover
                0x000000000800d4c6       0x98 Middlewares/Third_Party/FreeRTOS-Plus-TCP/portable/NetworkInterface/Common/phyHandling.o
                0x000000000800d4c6                xPhyDiscover
 .text.xPhyReset
                0x000000000800d55e      0x132 Middlewares/Third_Party/FreeRTOS-Plus-TCP/portable/NetworkInterface/Common/phyHandling.o
 .text.xPhyConfigure
                0x000000000800d690      0x1f0 Middlewares/Third_Party/FreeRTOS-Plus-TCP/portable/NetworkInterface/Common/phyHandling.o
                0x000000000800d690                xPhyConfigure
 .text.xPhyFixedValue
                0x000000000800d880       0x7e Middlewares/Third_Party/FreeRTOS-Plus-TCP/portable/NetworkInterface/Common/phyHandling.o
                0x000000000800d880                xPhyFixedValue
 *fill*         0x000000000800d8fe        0x2 
 .text.xPhyStartAutoNegotiation
                0x000000000800d900      0x2c8 Middlewares/Third_Party/FreeRTOS-Plus-TCP/portable/NetworkInterface/Common/phyHandling.o
                0x000000000800d900                xPhyStartAutoNegotiation
 .text.xPhyCheckLinkStatus
                0x000000000800dbc8      0x140 Middlewares/Third_Party/FreeRTOS-Plus-TCP/portable/NetworkInterface/Common/phyHandling.o
                0x000000000800dbc8                xPhyCheckLinkStatus
 .text.HAL_ETH_RxCpltCallback
                0x000000000800dd08       0x5c Middlewares/Third_Party/FreeRTOS-Plus-TCP/portable/NetworkInterface/STM32Fxx/NetworkInterface.o
                0x000000000800dd08                HAL_ETH_RxCpltCallback
 .text.HAL_ETH_TxCpltCallback
                0x000000000800dd64       0x5c Middlewares/Third_Party/FreeRTOS-Plus-TCP/portable/NetworkInterface/STM32Fxx/NetworkInterface.o
                0x000000000800dd64                HAL_ETH_TxCpltCallback
 .text.vClearTXBuffers
                0x000000000800ddc0       0xa4 Middlewares/Third_Party/FreeRTOS-Plus-TCP/portable/NetworkInterface/STM32Fxx/NetworkInterface.o
 .text.xNetworkInterfaceInitialise
                0x000000000800de64      0x150 Middlewares/Third_Party/FreeRTOS-Plus-TCP/portable/NetworkInterface/STM32Fxx/NetworkInterface.o
                0x000000000800de64                xNetworkInterfaceInitialise
 .text.prvDMATxDescListInit
                0x000000000800dfb4       0x88 Middlewares/Third_Party/FreeRTOS-Plus-TCP/portable/NetworkInterface/STM32Fxx/NetworkInterface.o
 .text.prvDMARxDescListInit
                0x000000000800e03c       0xa0 Middlewares/Third_Party/FreeRTOS-Plus-TCP/portable/NetworkInterface/STM32Fxx/NetworkInterface.o
 .text.xNetworkInterfaceOutput
                0x000000000800e0dc      0x114 Middlewares/Third_Party/FreeRTOS-Plus-TCP/portable/NetworkInterface/STM32Fxx/NetworkInterface.o
                0x000000000800e0dc                xNetworkInterfaceOutput
 .text.xMayAcceptPacket
                0x000000000800e1f0       0x34 Middlewares/Third_Party/FreeRTOS-Plus-TCP/portable/NetworkInterface/STM32Fxx/NetworkInterface.o
 .text.prvPassEthMessages
                0x000000000800e224       0x42 Middlewares/Third_Party/FreeRTOS-Plus-TCP/portable/NetworkInterface/STM32Fxx/NetworkInterface.o
 *fill*         0x000000000800e266        0x2 
 .text.prvNetworkInterfaceInput
                0x000000000800e268      0x170 Middlewares/Third_Party/FreeRTOS-Plus-TCP/portable/NetworkInterface/STM32Fxx/NetworkInterface.o
 .text.xSTM32_PhyRead
                0x000000000800e3d8       0x54 Middlewares/Third_Party/FreeRTOS-Plus-TCP/portable/NetworkInterface/STM32Fxx/NetworkInterface.o
                0x000000000800e3d8                xSTM32_PhyRead
 .text.xSTM32_PhyWrite
                0x000000000800e42c       0x54 Middlewares/Third_Party/FreeRTOS-Plus-TCP/portable/NetworkInterface/STM32Fxx/NetworkInterface.o
                0x000000000800e42c                xSTM32_PhyWrite
 .text.vMACBProbePhy
                0x000000000800e480       0x30 Middlewares/Third_Party/FreeRTOS-Plus-TCP/portable/NetworkInterface/STM32Fxx/NetworkInterface.o
                0x000000000800e480                vMACBProbePhy
 .text.prvEthernetUpdateConfig
                0x000000000800e4b0       0xe0 Middlewares/Third_Party/FreeRTOS-Plus-TCP/portable/NetworkInterface/STM32Fxx/NetworkInterface.o
 .text.prvEMACHandlerTask
                0x000000000800e590       0xc0 Middlewares/Third_Party/FreeRTOS-Plus-TCP/portable/NetworkInterface/STM32Fxx/NetworkInterface.o
 .text.xApplicationGetRandomNumber
                0x000000000800e650       0x30 Middlewares/Third_Party/FreeRTOS-Plus-TCP/portable/NetworkInterface/STM32Fxx/NetworkInterface.o
                0x000000000800e650                xApplicationGetRandomNumber
 .text.ulApplicationGetNextSequenceNumber
                0x000000000800e680       0x22 Middlewares/Third_Party/FreeRTOS-Plus-TCP/portable/NetworkInterface/STM32Fxx/NetworkInterface.o
                0x000000000800e680                ulApplicationGetNextSequenceNumber
 *fill*         0x000000000800e6a2        0x2 
 .text.vStartSimpleTCPServerTasks
                0x000000000800e6a4       0x3c Middlewares/Third_Party/FreeRTOS-Plus-TCP/portable/NetworkInterface/STM32Fxx/SimpleTCPEchoServer.o
                0x000000000800e6a4                vStartSimpleTCPServerTasks
 .text.prvConnectionListeningTask
                0x000000000800e6e0       0xf8 Middlewares/Third_Party/FreeRTOS-Plus-TCP/portable/NetworkInterface/STM32Fxx/SimpleTCPEchoServer.o
 .text.prvServerConnectionInstance
                0x000000000800e7d8       0xfc Middlewares/Third_Party/FreeRTOS-Plus-TCP/portable/NetworkInterface/STM32Fxx/SimpleTCPEchoServer.o
 .text.__errno  0x000000000800e8d4        0xc c:/st/stm32cubeide_1.5.0/stm32cubeide/plugins/com.st.stm32cube.ide.mcu.externaltools.gnu-tools-for-stm32.7-2018-q2-update.win32_1.5.0.202011040924/tools/bin/../lib/gcc/arm-none-eabi/7.3.1/../../../../arm-none-eabi/lib/thumb/v7e-m/fpv4-sp/hard\libc_nano.a(lib_a-errno.o)
                0x000000000800e8d4                __errno
 .text.__libc_init_array
                0x000000000800e8e0       0x48 c:/st/stm32cubeide_1.5.0/stm32cubeide/plugins/com.st.stm32cube.ide.mcu.externaltools.gnu-tools-for-stm32.7-2018-q2-update.win32_1.5.0.202011040924/tools/bin/../lib/gcc/arm-none-eabi/7.3.1/../../../../arm-none-eabi/lib/thumb/v7e-m/fpv4-sp/hard\libc_nano.a(lib_a-init.o)
                0x000000000800e8e0                __libc_init_array
 .text.memcmp   0x000000000800e928       0x1e c:/st/stm32cubeide_1.5.0/stm32cubeide/plugins/com.st.stm32cube.ide.mcu.externaltools.gnu-tools-for-stm32.7-2018-q2-update.win32_1.5.0.202011040924/tools/bin/../lib/gcc/arm-none-eabi/7.3.1/../../../../arm-none-eabi/lib/thumb/v7e-m/fpv4-sp/hard\libc_nano.a(lib_a-memcmp.o)
                0x000000000800e928                memcmp
 .text.memcpy   0x000000000800e946       0x16 c:/st/stm32cubeide_1.5.0/stm32cubeide/plugins/com.st.stm32cube.ide.mcu.externaltools.gnu-tools-for-stm32.7-2018-q2-update.win32_1.5.0.202011040924/tools/bin/../lib/gcc/arm-none-eabi/7.3.1/../../../../arm-none-eabi/lib/thumb/v7e-m/fpv4-sp/hard\libc_nano.a(lib_a-memcpy-stub.o)
                0x000000000800e946                memcpy
 .text.memmove  0x000000000800e95c       0x32 c:/st/stm32cubeide_1.5.0/stm32cubeide/plugins/com.st.stm32cube.ide.mcu.externaltools.gnu-tools-for-stm32.7-2018-q2-update.win32_1.5.0.202011040924/tools/bin/../lib/gcc/arm-none-eabi/7.3.1/../../../../arm-none-eabi/lib/thumb/v7e-m/fpv4-sp/hard\libc_nano.a(lib_a-memmove.o)
                0x000000000800e95c                memmove
 .text.memset   0x000000000800e98e       0x10 c:/st/stm32cubeide_1.5.0/stm32cubeide/plugins/com.st.stm32cube.ide.mcu.externaltools.gnu-tools-for-stm32.7-2018-q2-update.win32_1.5.0.202011040924/tools/bin/../lib/gcc/arm-none-eabi/7.3.1/../../../../arm-none-eabi/lib/thumb/v7e-m/fpv4-sp/hard\libc_nano.a(lib_a-memset.o)
                0x000000000800e98e                memset
 *fill*         0x000000000800e99e        0x2 
 .text.rand     0x000000000800e9a0       0x68 c:/st/stm32cubeide_1.5.0/stm32cubeide/plugins/com.st.stm32cube.ide.mcu.externaltools.gnu-tools-for-stm32.7-2018-q2-update.win32_1.5.0.202011040924/tools/bin/../lib/gcc/arm-none-eabi/7.3.1/../../../../arm-none-eabi/lib/thumb/v7e-m/fpv4-sp/hard\libc_nano.a(lib_a-rand.o)
                0x000000000800e9a0                rand
 .text.malloc   0x000000000800ea08       0x10 c:/st/stm32cubeide_1.5.0/stm32cubeide/plugins/com.st.stm32cube.ide.mcu.externaltools.gnu-tools-for-stm32.7-2018-q2-update.win32_1.5.0.202011040924/tools/bin/../lib/gcc/arm-none-eabi/7.3.1/../../../../arm-none-eabi/lib/thumb/v7e-m/fpv4-sp/hard\libc_nano.a(lib_a-malloc.o)
                0x000000000800ea08                malloc
 .text._malloc_r
                0x000000000800ea18       0xb4 c:/st/stm32cubeide_1.5.0/stm32cubeide/plugins/com.st.stm32cube.ide.mcu.externaltools.gnu-tools-for-stm32.7-2018-q2-update.win32_1.5.0.202011040924/tools/bin/../lib/gcc/arm-none-eabi/7.3.1/../../../../arm-none-eabi/lib/thumb/v7e-m/fpv4-sp/hard\libc_nano.a(lib_a-nano-mallocr.o)
                0x000000000800ea18                _malloc_r
 .text._sbrk_r  0x000000000800eacc       0x20 c:/st/stm32cubeide_1.5.0/stm32cubeide/plugins/com.st.stm32cube.ide.mcu.externaltools.gnu-tools-for-stm32.7-2018-q2-update.win32_1.5.0.202011040924/tools/bin/../lib/gcc/arm-none-eabi/7.3.1/../../../../arm-none-eabi/lib/thumb/v7e-m/fpv4-sp/hard\libc_nano.a(lib_a-sbrkr.o)
                0x000000000800eacc                _sbrk_r
 .text.__malloc_lock
                0x000000000800eaec        0x2 c:/st/stm32cubeide_1.5.0/stm32cubeide/plugins/com.st.stm32cube.ide.mcu.externaltools.gnu-tools-for-stm32.7-2018-q2-update.win32_1.5.0.202011040924/tools/bin/../lib/gcc/arm-none-eabi/7.3.1/../../../../arm-none-eabi/lib/thumb/v7e-m/fpv4-sp/hard\libc_nano.a(lib_a-mlock.o)
                0x000000000800eaec                __malloc_lock
 .text.__malloc_unlock
                0x000000000800eaee        0x2 c:/st/stm32cubeide_1.5.0/stm32cubeide/plugins/com.st.stm32cube.ide.mcu.externaltools.gnu-tools-for-stm32.7-2018-q2-update.win32_1.5.0.202011040924/tools/bin/../lib/gcc/arm-none-eabi/7.3.1/../../../../arm-none-eabi/lib/thumb/v7e-m/fpv4-sp/hard\libc_nano.a(lib_a-mlock.o)
                0x000000000800eaee                __malloc_unlock
 *(.glue_7)
 .glue_7        0x000000000800eaf0        0x0 linker stubs
 *(.glue_7t)
 .glue_7t       0x000000000800eaf0        0x0 linker stubs
 *(.eh_frame)
 .eh_frame      0x000000000800eaf0        0x0 c:/st/stm32cubeide_1.5.0/stm32cubeide/plugins/com.st.stm32cube.ide.mcu.externaltools.gnu-tools-for-stm32.7-2018-q2-update.win32_1.5.0.202011040924/tools/bin/../lib/gcc/arm-none-eabi/7.3.1/thumb/v7e-m/fpv4-sp/hard/crtbegin.o
 *(.init)
 .init          0x000000000800eaf0        0x4 c:/st/stm32cubeide_1.5.0/stm32cubeide/plugins/com.st.stm32cube.ide.mcu.externaltools.gnu-tools-for-stm32.7-2018-q2-update.win32_1.5.0.202011040924/tools/bin/../lib/gcc/arm-none-eabi/7.3.1/thumb/v7e-m/fpv4-sp/hard/crti.o
                0x000000000800eaf0                _init
 .init          0x000000000800eaf4        0x8 c:/st/stm32cubeide_1.5.0/stm32cubeide/plugins/com.st.stm32cube.ide.mcu.externaltools.gnu-tools-for-stm32.7-2018-q2-update.win32_1.5.0.202011040924/tools/bin/../lib/gcc/arm-none-eabi/7.3.1/thumb/v7e-m/fpv4-sp/hard/crtn.o
 *(.fini)
 .fini          0x000000000800eafc        0x4 c:/st/stm32cubeide_1.5.0/stm32cubeide/plugins/com.st.stm32cube.ide.mcu.externaltools.gnu-tools-for-stm32.7-2018-q2-update.win32_1.5.0.202011040924/tools/bin/../lib/gcc/arm-none-eabi/7.3.1/thumb/v7e-m/fpv4-sp/hard/crti.o
                0x000000000800eafc                _fini
 .fini          0x000000000800eb00        0x8 c:/st/stm32cubeide_1.5.0/stm32cubeide/plugins/com.st.stm32cube.ide.mcu.externaltools.gnu-tools-for-stm32.7-2018-q2-update.win32_1.5.0.202011040924/tools/bin/../lib/gcc/arm-none-eabi/7.3.1/thumb/v7e-m/fpv4-sp/hard/crtn.o
                0x000000000800eb08                . = ALIGN (0x4)
                0x000000000800eb08                _etext = .

.vfp11_veneer   0x000000000800eb08        0x0
 .vfp11_veneer  0x000000000800eb08        0x0 linker stubs

.v4_bx          0x000000000800eb08        0x0
 .v4_bx         0x000000000800eb08        0x0 linker stubs

.iplt           0x000000000800eb08        0x0
 .iplt          0x000000000800eb08        0x0 c:/st/stm32cubeide_1.5.0/stm32cubeide/plugins/com.st.stm32cube.ide.mcu.externaltools.gnu-tools-for-stm32.7-2018-q2-update.win32_1.5.0.202011040924/tools/bin/../lib/gcc/arm-none-eabi/7.3.1/thumb/v7e-m/fpv4-sp/hard/crtbegin.o

.rodata         0x000000000800eb08      0x1d8
                0x000000000800eb08                . = ALIGN (0x4)
 *(.rodata)
 .rodata        0x000000000800eb08       0x6c Core/Src/main.o
 .rodata        0x000000000800eb74        0x5 Middlewares/Third_Party/FreeRTOS/Source/tasks.o
 *fill*         0x000000000800eb79        0x3 
 .rodata        0x000000000800eb7c       0xbf Middlewares/Third_Party/FreeRTOS-Plus-TCP/FreeRTOS_IP.o
 *fill*         0x000000000800ec3b        0x1 
 .rodata        0x000000000800ec3c        0xa Middlewares/Third_Party/FreeRTOS-Plus-TCP/portable/BufferManagement/BufferAllocation_2.o
 *fill*         0x000000000800ec46        0x2 
 .rodata        0x000000000800ec48        0x5 Middlewares/Third_Party/FreeRTOS-Plus-TCP/portable/NetworkInterface/STM32Fxx/NetworkInterface.o
 *fill*         0x000000000800ec4d        0x3 
 .rodata        0x000000000800ec50       0x1b Middlewares/Third_Party/FreeRTOS-Plus-TCP/portable/NetworkInterface/STM32Fxx/SimpleTCPEchoServer.o
 *(.rodata*)
 *fill*         0x000000000800ec6b        0x1 
 .rodata.ucIPAddress
                0x000000000800ec6c        0x4 Core/Src/main.o
 .rodata.ucNetMask
                0x000000000800ec70        0x4 Core/Src/main.o
 .rodata.ucGatewayAddress
                0x000000000800ec74        0x4 Core/Src/main.o
 .rodata.ucDNSServerAddress
                0x000000000800ec78        0x4 Core/Src/main.o
 .rodata.AHBPrescTable
                0x000000000800ec7c       0x10 Core/Src/system_stm32f4xx.o
                0x000000000800ec7c                AHBPrescTable
 .rodata.APBPrescTable
                0x000000000800ec8c        0x8 Core/Src/system_stm32f4xx.o
                0x000000000800ec8c                APBPrescTable
 .rodata.xDefaultPartARPPacketHeader.8223
                0x000000000800ec94       0x26 Middlewares/Third_Party/FreeRTOS-Plus-TCP/FreeRTOS_ARP.o
 *fill*         0x000000000800ecba        0x2 
 .rodata.xBroadcastMACAddress
                0x000000000800ecbc        0x6 Middlewares/Third_Party/FreeRTOS-Plus-TCP/FreeRTOS_IP.o
                0x000000000800ecbc                xBroadcastMACAddress
 *fill*         0x000000000800ecc2        0x2 
 .rodata.xNetworkDownEvent.8523
                0x000000000800ecc4        0x8 Middlewares/Third_Party/FreeRTOS-Plus-TCP/FreeRTOS_IP.o
 .rodata.xBufferAllocFixedSize
                0x000000000800eccc        0x4 Middlewares/Third_Party/FreeRTOS-Plus-TCP/portable/BufferManagement/BufferAllocation_2.o
                0x000000000800eccc                xBufferAllocFixedSize
 .rodata.xPHYProperties
                0x000000000800ecd0        0x4 Middlewares/Third_Party/FreeRTOS-Plus-TCP/portable/NetworkInterface/STM32Fxx/NetworkInterface.o
                0x000000000800ecd0                xPHYProperties
 .rodata.xReceiveTimeOut.7729
                0x000000000800ecd4        0x4 Middlewares/Third_Party/FreeRTOS-Plus-TCP/portable/NetworkInterface/STM32Fxx/SimpleTCPEchoServer.o
 .rodata.xReceiveTimeOut.7742
                0x000000000800ecd8        0x4 Middlewares/Third_Party/FreeRTOS-Plus-TCP/portable/NetworkInterface/STM32Fxx/SimpleTCPEchoServer.o
 .rodata.xSendTimeOut.7743
                0x000000000800ecdc        0x4 Middlewares/Third_Party/FreeRTOS-Plus-TCP/portable/NetworkInterface/STM32Fxx/SimpleTCPEchoServer.o
                0x000000000800ece0                . = ALIGN (0x4)

.ARM.extab      0x000000000800ece0        0x0
                0x000000000800ece0                . = ALIGN (0x4)
 *(.ARM.extab* .gnu.linkonce.armextab.*)
                0x000000000800ece0                . = ALIGN (0x4)

.ARM            0x000000000800ece0        0x8
                0x000000000800ece0                . = ALIGN (0x4)
                0x000000000800ece0                __exidx_start = .
 *(.ARM.exidx*)
 .ARM.exidx     0x000000000800ece0        0x8 c:/st/stm32cubeide_1.5.0/stm32cubeide/plugins/com.st.stm32cube.ide.mcu.externaltools.gnu-tools-for-stm32.7-2018-q2-update.win32_1.5.0.202011040924/tools/bin/../lib/gcc/arm-none-eabi/7.3.1/thumb/v7e-m/fpv4-sp/hard\libgcc.a(_udivmoddi4.o)
                0x000000000800ece8                __exidx_end = .
                0x000000000800ece8                . = ALIGN (0x4)

.rel.dyn        0x000000000800ece8        0x0
 .rel.iplt      0x000000000800ece8        0x0 c:/st/stm32cubeide_1.5.0/stm32cubeide/plugins/com.st.stm32cube.ide.mcu.externaltools.gnu-tools-for-stm32.7-2018-q2-update.win32_1.5.0.202011040924/tools/bin/../lib/gcc/arm-none-eabi/7.3.1/thumb/v7e-m/fpv4-sp/hard/crtbegin.o

.preinit_array  0x000000000800ece8        0x0
                0x000000000800ece8                . = ALIGN (0x4)
                0x000000000800ece8                PROVIDE (__preinit_array_start = .)
 *(.preinit_array*)
                0x000000000800ece8                PROVIDE (__preinit_array_end = .)
                0x000000000800ece8                . = ALIGN (0x4)

.init_array     0x000000000800ece8        0x4
                0x000000000800ece8                . = ALIGN (0x4)
                0x000000000800ece8                PROVIDE (__init_array_start = .)
 *(SORT_BY_NAME(.init_array.*))
 *(.init_array*)
 .init_array    0x000000000800ece8        0x4 c:/st/stm32cubeide_1.5.0/stm32cubeide/plugins/com.st.stm32cube.ide.mcu.externaltools.gnu-tools-for-stm32.7-2018-q2-update.win32_1.5.0.202011040924/tools/bin/../lib/gcc/arm-none-eabi/7.3.1/thumb/v7e-m/fpv4-sp/hard/crtbegin.o
                0x000000000800ecec                PROVIDE (__init_array_end = .)
                0x000000000800ecec                . = ALIGN (0x4)

.fini_array     0x000000000800ecec        0x4
                0x000000000800ecec                . = ALIGN (0x4)
                [!provide]                        PROVIDE (__fini_array_start = .)
 *(SORT_BY_NAME(.fini_array.*))
 *(.fini_array*)
 .fini_array    0x000000000800ecec        0x4 c:/st/stm32cubeide_1.5.0/stm32cubeide/plugins/com.st.stm32cube.ide.mcu.externaltools.gnu-tools-for-stm32.7-2018-q2-update.win32_1.5.0.202011040924/tools/bin/../lib/gcc/arm-none-eabi/7.3.1/thumb/v7e-m/fpv4-sp/hard/crtbegin.o
                [!provide]                        PROVIDE (__fini_array_end = .)
                0x000000000800ecf0                . = ALIGN (0x4)
                0x000000000800ecf0                _sidata = LOADADDR (.data)

.data           0x0000000020000000       0xa0 load address 0x000000000800ecf0
                0x0000000020000000                . = ALIGN (0x4)
                0x0000000020000000                _sdata = .
 *(.data)
 *(.data*)
 .data.UART_ACCESS_KEY
                0x0000000020000000        0x1 Core/Src/main.o
                0x0000000020000000                UART_ACCESS_KEY
 *fill*         0x0000000020000001        0x3 
 .data.ucMACAddress
                0x0000000020000004        0x6 Core/Src/main.o
 *fill*         0x000000002000000a        0x2 
 .data.SystemCoreClock
                0x000000002000000c        0x4 Core/Src/system_stm32f4xx.o
                0x000000002000000c                SystemCoreClock
 .data.uwTickPrio
                0x0000000020000010        0x4 Drivers/STM32F4xx_HAL_Driver/Src/stm32f4xx_hal.o
                0x0000000020000010                uwTickPrio
 .data.uwTickFreq
                0x0000000020000014        0x1 Drivers/STM32F4xx_HAL_Driver/Src/stm32f4xx_hal.o
                0x0000000020000014                uwTickFreq
 *fill*         0x0000000020000015        0x3 
 .data.uxCriticalNesting
                0x0000000020000018        0x4 Middlewares/Third_Party/FreeRTOS/Source/portable/GCC/ARM_CM4F/port.o
 .data.xDefaultPartUDPPacketHeader
                0x000000002000001c       0x18 Middlewares/Third_Party/FreeRTOS-Plus-TCP/FreeRTOS_UDP_IP.o
                0x000000002000001c                xDefaultPartUDPPacketHeader
 .data.uxLowestSemCount.11695