Archive member included to satisfy reference by file (symbol)

c:/st/stm32cubeide_1.5.0/stm32cubeide/plugins/com.st.stm32cube.ide.mcu.externaltools.gnu-tools-for-stm32.7-2018-q2-update.win32_1.5.0.202011040924/tools/bin/../lib/gcc/arm-none-eabi/7.3.1/../../../../arm-none-eabi/lib/thumb/v7e-m/fpv4-sp/hard\libc_nano.a(lib_a-errno.o)
                              Core/Src/syscalls.o (__errno)
c:/st/stm32cubeide_1.5.0/stm32cubeide/plugins/com.st.stm32cube.ide.mcu.externaltools.gnu-tools-for-stm32.7-2018-q2-update.win32_1.5.0.202011040924/tools/bin/../lib/gcc/arm-none-eabi/7.3.1/../../../../arm-none-eabi/lib/thumb/v7e-m/fpv4-sp/hard\libc_nano.a(lib_a-exit.o)
                              c:/st/stm32cubeide_1.5.0/stm32cubeide/plugins/com.st.stm32cube.ide.mcu.externaltools.gnu-tools-for-stm32.7-2018-q2-update.win32_1.5.0.202011040924/tools/bin/../lib/gcc/arm-none-eabi/7.3.1/../../../../arm-none-eabi/lib/thumb/v7e-m/fpv4-sp/hard/crt0.o (exit)
c:/st/stm32cubeide_1.5.0/stm32cubeide/plugins/com.st.stm32cube.ide.mcu.externaltools.gnu-tools-for-stm32.7-2018-q2-update.win32_1.5.0.202011040924/tools/bin/../lib/gcc/arm-none-eabi/7.3.1/../../../../arm-none-eabi/lib/thumb/v7e-m/fpv4-sp/hard\libc_nano.a(lib_a-impure.o)
                              c:/st/stm32cubeide_1.5.0/stm32cubeide/plugins/com.st.stm32cube.ide.mcu.externaltools.gnu-tools-for-stm32.7-2018-q2-update.win32_1.5.0.202011040924/tools/bin/../lib/gcc/arm-none-eabi/7.3.1/../../../../arm-none-eabi/lib/thumb/v7e-m/fpv4-sp/hard\libc_nano.a(lib_a-exit.o) (_global_impure_ptr)
c:/st/stm32cubeide_1.5.0/stm32cubeide/plugins/com.st.stm32cube.ide.mcu.externaltools.gnu-tools-for-stm32.7-2018-q2-update.win32_1.5.0.202011040924/tools/bin/../lib/gcc/arm-none-eabi/7.3.1/../../../../arm-none-eabi/lib/thumb/v7e-m/fpv4-sp/hard\libc_nano.a(lib_a-init.o)
                              c:/st/stm32cubeide_1.5.0/stm32cubeide/plugins/com.st.stm32cube.ide.mcu.externaltools.gnu-tools-for-stm32.7-2018-q2-update.win32_1.5.0.202011040924/tools/bin/../lib/gcc/arm-none-eabi/7.3.1/../../../../arm-none-eabi/lib/thumb/v7e-m/fpv4-sp/hard/crt0.o (__libc_init_array)
c:/st/stm32cubeide_1.5.0/stm32cubeide/plugins/com.st.stm32cube.ide.mcu.externaltools.gnu-tools-for-stm32.7-2018-q2-update.win32_1.5.0.202011040924/tools/bin/../lib/gcc/arm-none-eabi/7.3.1/../../../../arm-none-eabi/lib/thumb/v7e-m/fpv4-sp/hard\libc_nano.a(lib_a-memcmp.o)
                              Middlewares/Third_Party/FreeRTOS-Plus-TCP/FreeRTOS_ARP.o (memcmp)
c:/st/stm32cubeide_1.5.0/stm32cubeide/plugins/com.st.stm32cube.ide.mcu.externaltools.gnu-tools-for-stm32.7-2018-q2-update.win32_1.5.0.202011040924/tools/bin/../lib/gcc/arm-none-eabi/7.3.1/../../../../arm-none-eabi/lib/thumb/v7e-m/fpv4-sp/hard\libc_nano.a(lib_a-memcpy-stub.o)
                              Middlewares/Third_Party/FreeRTOS/Source/queue.o (memcpy)
c:/st/stm32cubeide_1.5.0/stm32cubeide/plugins/com.st.stm32cube.ide.mcu.externaltools.gnu-tools-for-stm32.7-2018-q2-update.win32_1.5.0.202011040924/tools/bin/../lib/gcc/arm-none-eabi/7.3.1/../../../../arm-none-eabi/lib/thumb/v7e-m/fpv4-sp/hard\libc_nano.a(lib_a-memmove.o)
                              Middlewares/Third_Party/FreeRTOS-Plus-TCP/FreeRTOS_IP.o (memmove)
c:/st/stm32cubeide_1.5.0/stm32cubeide/plugins/com.st.stm32cube.ide.mcu.externaltools.gnu-tools-for-stm32.7-2018-q2-update.win32_1.5.0.202011040924/tools/bin/../lib/gcc/arm-none-eabi/7.3.1/../../../../arm-none-eabi/lib/thumb/v7e-m/fpv4-sp/hard\libc_nano.a(lib_a-memset.o)
                              c:/st/stm32cubeide_1.5.0/stm32cubeide/plugins/com.st.stm32cube.ide.mcu.externaltools.gnu-tools-for-stm32.7-2018-q2-update.win32_1.5.0.202011040924/tools/bin/../lib/gcc/arm-none-eabi/7.3.1/../../../../arm-none-eabi/lib/thumb/v7e-m/fpv4-sp/hard/crt0.o (memset)
c:/st/stm32cubeide_1.5.0/stm32cubeide/plugins/com.st.stm32cube.ide.mcu.externaltools.gnu-tools-for-stm32.7-2018-q2-update.win32_1.5.0.202011040924/tools/bin/../lib/gcc/arm-none-eabi/7.3.1/../../../../arm-none-eabi/lib/thumb/v7e-m/fpv4-sp/hard\libc_nano.a(lib_a-rand.o)
                              Middlewares/Third_Party/FreeRTOS-Plus-TCP/portable/NetworkInterface/STM32Fxx/NetworkInterface.o (rand)
c:/st/stm32cubeide_1.5.0/stm32cubeide/plugins/com.st.stm32cube.ide.mcu.externaltools.gnu-tools-for-stm32.7-2018-q2-update.win32_1.5.0.202011040924/tools/bin/../lib/gcc/arm-none-eabi/7.3.1/../../../../arm-none-eabi/lib/thumb/v7e-m/fpv4-sp/hard\libc_nano.a(lib_a-snprintf.o)
                              Middlewares/Third_Party/FreeRTOS-Plus-TCP/FreeRTOS_IP.o (snprintf)
c:/st/stm32cubeide_1.5.0/stm32cubeide/plugins/com.st.stm32cube.ide.mcu.externaltools.gnu-tools-for-stm32.7-2018-q2-update.win32_1.5.0.202011040924/tools/bin/../lib/gcc/arm-none-eabi/7.3.1/../../../../arm-none-eabi/lib/thumb/v7e-m/fpv4-sp/hard\libc_nano.a(lib_a-strcpy.o)
                              Middlewares/Third_Party/FreeRTOS-Plus-TCP/FreeRTOS_DNS.o (strcpy)
[...]
Memory Configuration

Name             Origin             Length             Attributes
CCMRAM           0x0000000010000000 0x0000000000010000 xrw
RAM              0x0000000020000000 0x0000000000020000 xrw
FLASH            0x0000000008000000 0x0000000000100000 xr
*default*        0x0000000000000000 0xffffffffffffffff

Linker script and memory map

LOAD c:/st/stm32cubeide_1.5.0/stm32cubeide/plugins/com.st.stm32cube.ide.mcu.externaltools.gnu-tools-for-stm32.7-2018-q2-update.win32_1.5.0.202011040924/tools/bin/../lib/gcc/arm-none-eabi/7.3.1/thumb/v7e-m/fpv4-sp/hard/crti.o
LOAD c:/st/stm32cubeide_1.5.0/stm32cubeide/plugins/com.st.stm32cube.ide.mcu.externaltools.gnu-tools-for-stm32.7-2018-q2-update.win32_1.5.0.202011040924/tools/bin/../lib/gcc/arm-none-eabi/7.3.1/thumb/v7e-m/fpv4-sp/hard/crtbegin.o
LOAD c:/st/stm32cubeide_1.5.0/stm32cubeide/plugins/com.st.stm32cube.ide.mcu.externaltools.gnu-tools-for-stm32.7-2018-q2-update.win32_1.5.0.202011040924/tools/bin/../lib/gcc/arm-none-eabi/7.3.1/../../../../arm-none-eabi/lib/thumb/v7e-m/fpv4-sp/hard/crt0.o
LOAD Core/Src/freertos.o
LOAD Core/Src/main.o
LOAD Core/Src/stm32f4xx_hal_msp.o
LOAD Core/Src/stm32f4xx_hal_timebase_tim.o
LOAD Core/Src/stm32f4xx_it.o
LOAD Core/Src/syscalls.o
LOAD Core/Src/sysmem.o
LOAD Core/Src/system_stm32f4xx.o
LOAD Core/Startup/startup_stm32f407igtx.o
LOAD Drivers/STM32F4xx_HAL_Driver/Src/stm32f4xx_hal.o
LOAD Drivers/STM32F4xx_HAL_Driver/Src/stm32f4xx_hal_cortex.o
LOAD Drivers/STM32F4xx_HAL_Driver/Src/stm32f4xx_hal_dma.o
LOAD Drivers/STM32F4xx_HAL_Driver/Src/stm32f4xx_hal_dma_ex.o
LOAD Drivers/STM32F4xx_HAL_Driver/Src/stm32f4xx_hal_eth.o
LOAD Drivers/STM32F4xx_HAL_Driver/Src/stm32f4xx_hal_exti.o
LOAD Drivers/STM32F4xx_HAL_Driver/Src/stm32f4xx_hal_flash.o
LOAD Drivers/STM32F4xx_HAL_Driver/Src/stm32f4xx_hal_flash_ex.o
LOAD Drivers/STM32F4xx_HAL_Driver/Src/stm32f4xx_hal_flash_ramfunc.o
LOAD Drivers/STM32F4xx_HAL_Driver/Src/stm32f4xx_hal_gpio.o
LOAD Drivers/STM32F4xx_HAL_Driver/Src/stm32f4xx_hal_pwr.o
LOAD Drivers/STM32F4xx_HAL_Driver/Src/stm32f4xx_hal_pwr_ex.o
LOAD Drivers/STM32F4xx_HAL_Driver/Src/stm32f4xx_hal_rcc.o
LOAD Drivers/STM32F4xx_HAL_Driver/Src/stm32f4xx_hal_rcc_ex.o
LOAD Drivers/STM32F4xx_HAL_Driver/Src/stm32f4xx_hal_tim.o
LOAD Drivers/STM32F4xx_HAL_Driver/Src/stm32f4xx_hal_tim_ex.o
LOAD Middlewares/Third_Party/FreeRTOS/Source/CMSIS_RTOS/cmsis_os.o
LOAD Middlewares/Third_Party/FreeRTOS/Source/croutine.o
LOAD Middlewares/Third_Party/FreeRTOS/Source/event_groups.o
LOAD Middlewares/Third_Party/FreeRTOS/Source/list.o
LOAD Middlewares/Third_Party/FreeRTOS/Source/queue.o
LOAD Middlewares/Third_Party/FreeRTOS/Source/stream_buffer.o
LOAD Middlewares/Third_Party/FreeRTOS/Source/tasks.o
LOAD Middlewares/Third_Party/FreeRTOS/Source/timers.o
LOAD Middlewares/Third_Party/FreeRTOS/Source/portable/GCC/ARM_CM4F/port.o
LOAD Middlewares/Third_Party/FreeRTOS/Source/portable/MemMang/heap_4.o
LOAD Middlewares/Third_Party/FreeRTOS-Plus-TCP/FreeRTOS_ARP.o
LOAD Middlewares/Third_Party/FreeRTOS-Plus-TCP/FreeRTOS_DHCP.o
LOAD Middlewares/Third_Party/FreeRTOS-Plus-TCP/FreeRTOS_DNS.o
LOAD Middlewares/Third_Party/FreeRTOS-Plus-TCP/FreeRTOS_IP.o
LOAD Middlewares/Third_Party/FreeRTOS-Plus-TCP/FreeRTOS_Sockets.o
LOAD Middlewares/Third_Party/FreeRTOS-Plus-TCP/FreeRTOS_Stream_Buffer.o
LOAD Middlewares/Third_Party/FreeRTOS-Plus-TCP/FreeRTOS_TCP_IP.o
LOAD Middlewares/Third_Party/FreeRTOS-Plus-TCP/FreeRTOS_TCP_WIN.o
LOAD Middlewares/Third_Party/FreeRTOS-Plus-TCP/FreeRTOS_UDP_IP.o
LOAD Middlewares/Third_Party/FreeRTOS-Plus-TCP/portable/BufferManagement/BufferAllocation_2.o
LOAD Middlewares/Third_Party/FreeRTOS-Plus-TCP/portable/NetworkInterface/Common/phyHandling.o
LOAD Middlewares/Third_Party/FreeRTOS-Plus-TCP/portable/NetworkInterface/STM32Fxx/NetworkInterface.o
START GROUP
LOAD c:/st/stm32cubeide_1.5.0/stm32cubeide/plugins/com.st.stm32cube.ide.mcu.externaltools.gnu-tools-for-stm32.7-2018-q2-update.win32_1.5.0.202011040924/tools/bin/../lib/gcc/arm-none-eabi/7.3.1/../../../../arm-none-eabi/lib/thumb/v7e-m/fpv4-sp/hard\libc_nano.a
LOAD c:/st/stm32cubeide_1.5.0/stm32cubeide/plugins/com.st.stm32cube.ide.mcu.externaltools.gnu-tools-for-stm32.7-2018-q2-update.win32_1.5.0.202011040924/tools/bin/../lib/gcc/arm-none-eabi/7.3.1/../../../../arm-none-eabi/lib/thumb/v7e-m/fpv4-sp/hard\libm.a
END GROUP
START GROUP
LOAD c:/st/stm32cubeide_1.5.0/stm32cubeide/plugins/com.st.stm32cube.ide.mcu.externaltools.gnu-tools-for-stm32.7-2018-q2-update.win32_1.5.0.202011040924/tools/bin/../lib/gcc/arm-none-eabi/7.3.1/thumb/v7e-m/fpv4-sp/hard\libgcc.a
LOAD c:/st/stm32cubeide_1.5.0/stm32cubeide/plugins/com.st.stm32cube.ide.mcu.externaltools.gnu-tools-for-stm32.7-2018-q2-update.win32_1.5.0.202011040924/tools/bin/../lib/gcc/arm-none-eabi/7.3.1/../../../../arm-none-eabi/lib/thumb/v7e-m/fpv4-sp/hard\libc_nano.a
END GROUP
START GROUP
LOAD c:/st/stm32cubeide_1.5.0/stm32cubeide/plugins/com.st.stm32cube.ide.mcu.externaltools.gnu-tools-for-stm32.7-2018-q2-update.win32_1.5.0.202011040924/tools/bin/../lib/gcc/arm-none-eabi/7.3.1/thumb/v7e-m/fpv4-sp/hard\libgcc.a
LOAD c:/st/stm32cubeide_1.5.0/stm32cubeide/plugins/com.st.stm32cube.ide.mcu.externaltools.gnu-tools-for-stm32.7-2018-q2-update.win32_1.5.0.202011040924/tools/bin/../lib/gcc/arm-none-eabi/7.3.1/../../../../arm-none-eabi/lib/thumb/v7e-m/fpv4-sp/hard\libc_nano.a
LOAD c:/st/stm32cubeide_1.5.0/stm32cubeide/plugins/com.st.stm32cube.ide.mcu.externaltools.gnu-tools-for-stm32.7-2018-q2-update.win32_1.5.0.202011040924/tools/bin/../lib/gcc/arm-none-eabi/7.3.1/../../../../arm-none-eabi/lib/thumb/v7e-m/fpv4-sp/hard\libnosys.a
END GROUP
START GROUP
LOAD c:/st/stm32cubeide_1.5.0/stm32cubeide/plugins/com.st.stm32cube.ide.mcu.externaltools.gnu-tools-for-stm32.7-2018-q2-update.win32_1.5.0.202011040924/tools/bin/../lib/gcc/arm-none-eabi/7.3.1/thumb/v7e-m/fpv4-sp/hard\libgcc.a
LOAD c:/st/stm32cubeide_1.5.0/stm32cubeide/plugins/com.st.stm32cube.ide.mcu.externaltools.gnu-tools-for-stm32.7-2018-q2-update.win32_1.5.0.202011040924/tools/bin/../lib/gcc/arm-none-eabi/7.3.1/../../../../arm-none-eabi/lib/thumb/v7e-m/fpv4-sp/hard\libc_nano.a
LOAD c:/st/stm32cubeide_1.5.0/stm32cubeide/plugins/com.st.stm32cube.ide.mcu.externaltools.gnu-tools-for-stm32.7-2018-q2-update.win32_1.5.0.202011040924/tools/bin/../lib/gcc/arm-none-eabi/7.3.1/../../../../arm-none-eabi/lib/thumb/v7e-m/fpv4-sp/hard\libnosys.a
END GROUP
LOAD c:/st/stm32cubeide_1.5.0/stm32cubeide/plugins/com.st.stm32cube.ide.mcu.externaltools.gnu-tools-for-stm32.7-2018-q2-update.win32_1.5.0.202011040924/tools/bin/../lib/gcc/arm-none-eabi/7.3.1/thumb/v7e-m/fpv4-sp/hard/crtend.o
LOAD c:/st/stm32cubeide_1.5.0/stm32cubeide/plugins/com.st.stm32cube.ide.mcu.externaltools.gnu-tools-for-stm32.7-2018-q2-update.win32_1.5.0.202011040924/tools/bin/../lib/gcc/arm-none-eabi/7.3.1/thumb/v7e-m/fpv4-sp/hard/crtn.o
                0x0000000020020000                _estack = (ORIGIN (RAM) + LENGTH (RAM))
                0x0000000000000200                _Min_Heap_Size = 0x200
                0x0000000000000400                _Min_Stack_Size = 0x400

.isr_vector     0x0000000008000000      0x188
                0x0000000008000000                . = ALIGN (0x4)
 *(.isr_vector)
 .isr_vector    0x0000000008000000      0x188 Core/Startup/startup_stm32f407igtx.o
                0x0000000008000000                g_pfnVectors
                0x0000000008000188                . = ALIGN (0x4)

.text           0x0000000008000190     0xced4
                0x0000000008000190                . = ALIGN (0x4)
 *(.text)
 .text          0x0000000008000190       0x40 c:/st/stm32cubeide_1.5.0/stm32cubeide/plugins/com.st.stm32cube.ide.mcu.externaltools.gnu-tools-for-stm32.7-2018-q2-update.win32_1.5.0.202011040924/tools/bin/../lib/gcc/arm-none-eabi/7.3.1/thumb/v7e-m/fpv4-sp/hard/crtbegin.o
 .text          0x00000000080001d0       0x30 c:/st/stm32cubeide_1.5.0/stm32cubeide/plugins/com.st.stm32cube.ide.mcu.externaltools.gnu-tools-for-stm32.7-2018-q2-update.win32_1.5.0.202011040924/tools/bin/../lib/gcc/arm-none-eabi/7.3.1/thumb/v7e-m/fpv4-sp/hard\libgcc.a(_aeabi_uldivmod.o)
                0x00000000080001d0                __aeabi_uldivmod
 .text          0x0000000008000200      0x2cc c:/st/stm32cubeide_1.5.0/stm32cubeide/plugins/com.st.stm32cube.ide.mcu.externaltools.gnu-tools-for-stm32.7-2018-q2-update.win32_1.5.0.202011040924/tools/bin/../lib/gcc/arm-none-eabi/7.3.1/thumb/v7e-m/fpv4-sp/hard\libgcc.a(_udivmoddi4.o)
                0x0000000008000200                __udivmoddi4
 .text          0x00000000080004cc        0x4 c:/st/stm32cubeide_1.5.0/stm32cubeide/plugins/com.st.stm32cube.ide.mcu.externaltools.gnu-tools-for-stm32.7-2018-q2-update.win32_1.5.0.202011040924/tools/bin/../lib/gcc/arm-none-eabi/7.3.1/thumb/v7e-m/fpv4-sp/hard\libgcc.a(_dvmd_tls.o)
                0x00000000080004cc                __aeabi_idiv0
                0x00000000080004cc                __aeabi_ldiv0
 *(.text*)
 .text.vApplicationGetIdleTaskMemory
                0x00000000080004d0       0x34 Core/Src/freertos.o
                0x00000000080004d0                vApplicationGetIdleTaskMemory
 .text.main     0x0000000008000504       0x40 Core/Src/main.o
                0x0000000008000504                main
 .text.SystemClock_Config
                0x0000000008000544       0xd4 Core/Src/main.o
                0x0000000008000544                SystemClock_Config
 .text.MX_ETH_Init
                0x0000000008000618       0x90 Core/Src/main.o
 .text.MX_GPIO_Init
                0x00000000080006a8       0x88 Core/Src/main.o
 .text.vApplicationIPNetworkEventHook
                0x0000000008000730       0x78 Core/Src/main.o
                0x0000000008000730                vApplicationIPNetworkEventHook
 .text.HAL_TIM_PeriodElapsedCallback
                0x00000000080007a8       0x30 Core/Src/main.o
                0x00000000080007a8                HAL_TIM_PeriodElapsedCallback
 .text.Error_Handler
                0x00000000080007d8        0x8 Core/Src/main.o
                0x00000000080007d8                Error_Handler
 .text.HAL_MspInit
                0x00000000080007e0       0x58 Core/Src/stm32f4xx_hal_msp.o
                0x00000000080007e0                HAL_MspInit
 .text.HAL_ETH_MspInit
                0x0000000008000838      0x15c Core/Src/stm32f4xx_hal_msp.o
                0x0000000008000838                HAL_ETH_MspInit
 .text.HAL_InitTick
                0x0000000008000994       0xb4 Core/Src/stm32f4xx_hal_timebase_tim.o
                0x0000000008000994                HAL_InitTick
 .text.NMI_Handler
                0x0000000008000a48        0x6 Core/Src/stm32f4xx_it.o
                0x0000000008000a48                NMI_Handler
 .text.HardFault_Handler
                0x0000000008000a4e        0x6 Core/Src/stm32f4xx_it.o
                0x0000000008000a4e                HardFault_Handler
 .text.MemManage_Handler
                0x0000000008000a54        0x6 Core/Src/stm32f4xx_it.o
                0x0000000008000a54                MemManage_Handler
 .text.BusFault_Handler
                0x0000000008000a5a        0x6 Core/Src/stm32f4xx_it.o
                0x0000000008000a5a                BusFault_Handler
 .text.UsageFault_Handler
                0x0000000008000a60        0x6 Core/Src/stm32f4xx_it.o
                0x0000000008000a60                UsageFault_Handler
 .text.DebugMon_Handler
                0x0000000008000a66        0xe Core/Src/stm32f4xx_it.o
                0x0000000008000a66                DebugMon_Handler
 .text.TIM6_DAC_IRQHandler
                0x0000000008000a74       0x14 Core/Src/stm32f4xx_it.o
                0x0000000008000a74                TIM6_DAC_IRQHandler
 .text.ETH_IRQHandler
                0x0000000008000a88       0x14 Core/Src/stm32f4xx_it.o
                0x0000000008000a88                ETH_IRQHandler
 .text._sbrk    0x0000000008000a9c       0x6c Core/Src/sysmem.o
                0x0000000008000a9c                _sbrk
 .text.SystemInit
                0x0000000008000b08       0x2c Core/Src/system_stm32f4xx.o
                0x0000000008000b08                SystemInit
 .text.Reset_Handler
                0x0000000008000b34       0x50 Core/Startup/startup_stm32f407igtx.o
                0x0000000008000b34                Reset_Handler
 .text.Default_Handler
                0x0000000008000b84        0x2 Core/Startup/startup_stm32f407igtx.o
                0x0000000008000b84                RTC_Alarm_IRQHandler
                0x0000000008000b84                HASH_RNG_IRQHandler
                0x0000000008000b84                EXTI2_IRQHandler
                0x0000000008000b84                TIM8_CC_IRQHandler
                0x0000000008000b84                TIM1_CC_IRQHandler
                0x0000000008000b84                DMA2_Stream5_IRQHandler
                0x0000000008000b84                DMA1_Stream5_IRQHandler
                0x0000000008000b84                PVD_IRQHandler
                0x0000000008000b84                SDIO_IRQHandler
                0x0000000008000b84                TAMP_STAMP_IRQHandler
                0x0000000008000b84                CAN2_RX1_IRQHandler
                0x0000000008000b84                EXTI3_IRQHandler
                0x0000000008000b84                TIM8_TRG_COM_TIM14_IRQHandler
                0x0000000008000b84                TIM1_UP_TIM10_IRQHandler
                0x0000000008000b84                TIM8_UP_TIM13_IRQHandler
                0x0000000008000b84                I2C3_ER_IRQHandler
                0x0000000008000b84                EXTI0_IRQHandler
                0x0000000008000b84                I2C2_EV_IRQHandler
                0x0000000008000b84                DMA1_Stream2_IRQHandler
                0x0000000008000b84                CAN1_RX0_IRQHandler
                0x0000000008000b84                FPU_IRQHandler
                0x0000000008000b84                OTG_HS_WKUP_IRQHandler
                0x0000000008000b84                CAN2_SCE_IRQHandler
                0x0000000008000b84                DMA2_Stream2_IRQHandler
                0x0000000008000b84                SPI1_IRQHandler
                0x0000000008000b84                TIM1_BRK_TIM9_IRQHandler
                0x0000000008000b84                DCMI_IRQHandler
                0x0000000008000b84                CAN2_RX0_IRQHandler
                0x0000000008000b84                DMA2_Stream3_IRQHandler
                0x0000000008000b84                USART6_IRQHandler
                0x0000000008000b84                USART3_IRQHandler
                0x0000000008000b84                CAN1_RX1_IRQHandler
                0x0000000008000b84                UART5_IRQHandler
                0x0000000008000b84                DMA2_Stream0_IRQHandler
                0x0000000008000b84                TIM4_IRQHandler
                0x0000000008000b84                I2C1_EV_IRQHandler
                0x0000000008000b84                DMA1_Stream6_IRQHandler
                0x0000000008000b84                DMA1_Stream1_IRQHandler
                0x0000000008000b84                UART4_IRQHandler
                0x0000000008000b84                TIM3_IRQHandler
                0x0000000008000b84                RCC_IRQHandler
                0x0000000008000b84                TIM8_BRK_TIM12_IRQHandler
                0x0000000008000b84                Default_Handler
                0x0000000008000b84                EXTI15_10_IRQHandler
                0x0000000008000b84                ADC_IRQHandler
                0x0000000008000b84                DMA1_Stream7_IRQHandler
                0x0000000008000b84                TIM7_IRQHandler
                0x0000000008000b84                CAN2_TX_IRQHandler
                0x0000000008000b84                TIM5_IRQHandler
                0x0000000008000b84                DMA2_Stream7_IRQHandler
                0x0000000008000b84                I2C3_EV_IRQHandler
                0x0000000008000b84                EXTI9_5_IRQHandler
                0x0000000008000b84                RTC_WKUP_IRQHandler
                0x0000000008000b84                ETH_WKUP_IRQHandler
                0x0000000008000b84                SPI2_IRQHandler
                0x0000000008000b84                OTG_HS_EP1_IN_IRQHandler
                0x0000000008000b84                DMA1_Stream0_IRQHandler
                0x0000000008000b84                CAN1_TX_IRQHandler
                0x0000000008000b84                EXTI4_IRQHandler
                0x0000000008000b84                FSMC_IRQHandler
                0x0000000008000b84                OTG_HS_EP1_OUT_IRQHandler
                0x0000000008000b84                WWDG_IRQHandler
                0x0000000008000b84                TIM2_IRQHandler
                0x0000000008000b84                OTG_FS_WKUP_IRQHandler
                0x0000000008000b84                TIM1_TRG_COM_TIM11_IRQHandler
                0x0000000008000b84                OTG_HS_IRQHandler
                0x0000000008000b84                EXTI1_IRQHandler
                0x0000000008000b84                USART2_IRQHandler
                0x0000000008000b84                I2C2_ER_IRQHandler
                0x0000000008000b84                DMA2_Stream1_IRQHandler
                0x0000000008000b84                CAN1_SCE_IRQHandler
                0x0000000008000b84                FLASH_IRQHandler
                0x0000000008000b84                DMA2_Stream4_IRQHandler
                0x0000000008000b84                USART1_IRQHandler
                0x0000000008000b84                OTG_FS_IRQHandler
                0x0000000008000b84                SPI3_IRQHandler
                0x0000000008000b84                DMA1_Stream4_IRQHandler
                0x0000000008000b84                I2C1_ER_IRQHandler
                0x0000000008000b84                DMA2_Stream6_IRQHandler
                0x0000000008000b84                DMA1_Stream3_IRQHandler
 *fill*         0x0000000008000b86        0x2 
 .text.HAL_Init
                0x0000000008000b88       0x44 Drivers/STM32F4xx_HAL_Driver/Src/stm32f4xx_hal.o
                0x0000000008000b88                HAL_Init
 .text.HAL_IncTick
                0x0000000008000bcc       0x28 Drivers/STM32F4xx_HAL_Driver/Src/stm32f4xx_hal.o
                0x0000000008000bcc                HAL_IncTick
 .text.HAL_GetTick
                0x0000000008000bf4       0x18 Drivers/STM32F4xx_HAL_Driver/Src/stm32f4xx_hal.o
                0x0000000008000bf4                HAL_GetTick
 .text.HAL_Delay
                0x0000000008000c0c       0x44 Drivers/STM32F4xx_HAL_Driver/Src/stm32f4xx_hal.o
                0x0000000008000c0c                HAL_Delay
 .text.__NVIC_SetPriorityGrouping
                0x0000000008000c50       0x48 Drivers/STM32F4xx_HAL_Driver/Src/stm32f4xx_hal_cortex.o
 .text.__NVIC_GetPriorityGrouping
                0x0000000008000c98       0x1c Drivers/STM32F4xx_HAL_Driver/Src/stm32f4xx_hal_cortex.o
 .text.__NVIC_EnableIRQ
                0x0000000008000cb4       0x3c Drivers/STM32F4xx_HAL_Driver/Src/stm32f4xx_hal_cortex.o
 .text.__NVIC_SetPriority
                0x0000000008000cf0       0x54 Drivers/STM32F4xx_HAL_Driver/Src/stm32f4xx_hal_cortex.o
 .text.NVIC_EncodePriority
                0x0000000008000d44       0x66 Drivers/STM32F4xx_HAL_Driver/Src/stm32f4xx_hal_cortex.o
 .text.HAL_NVIC_SetPriorityGrouping
                0x0000000008000daa       0x16 Drivers/STM32F4xx_HAL_Driver/Src/stm32f4xx_hal_cortex.o
                0x0000000008000daa                HAL_NVIC_SetPriorityGrouping
 .text.HAL_NVIC_SetPriority
                0x0000000008000dc0       0x38 Drivers/STM32F4xx_HAL_Driver/Src/stm32f4xx_hal_cortex.o
                0x0000000008000dc0                HAL_NVIC_SetPriority
 .text.HAL_NVIC_EnableIRQ
                0x0000000008000df8       0x1c Drivers/STM32F4xx_HAL_Driver/Src/stm32f4xx_hal_cortex.o
                0x0000000008000df8                HAL_NVIC_EnableIRQ
 .text.HAL_ETH_Init
                0x0000000008000e14      0x33c Drivers/STM32F4xx_HAL_Driver/Src/stm32f4xx_hal_eth.o
                0x0000000008000e14                HAL_ETH_Init
 .text.HAL_ETH_IRQHandler
                0x0000000008001150       0xce Drivers/STM32F4xx_HAL_Driver/Src/stm32f4xx_hal_eth.o
                0x0000000008001150                HAL_ETH_IRQHandler
 .text.HAL_ETH_ErrorCallback
                0x000000000800121e       0x14 Drivers/STM32F4xx_HAL_Driver/Src/stm32f4xx_hal_eth.o
                0x000000000800121e                HAL_ETH_ErrorCallback
 .text.HAL_ETH_ReadPHYRegister
                0x0000000008001232       0xd0 Drivers/STM32F4xx_HAL_Driver/Src/stm32f4xx_hal_eth.o
                0x0000000008001232                HAL_ETH_ReadPHYRegister
 .text.HAL_ETH_WritePHYRegister
                0x0000000008001302       0xcc Drivers/STM32F4xx_HAL_Driver/Src/stm32f4xx_hal_eth.o
                0x0000000008001302                HAL_ETH_WritePHYRegister
 .text.HAL_ETH_Start
                0x00000000080013ce       0x5e Drivers/STM32F4xx_HAL_Driver/Src/stm32f4xx_hal_eth.o
                0x00000000080013ce                HAL_ETH_Start
 .text.HAL_ETH_Stop
                0x000000000800142c       0x5e Drivers/STM32F4xx_HAL_Driver/Src/stm32f4xx_hal_eth.o
                0x000000000800142c                HAL_ETH_Stop
 *fill*         0x000000000800148a        0x2 
 .text.HAL_ETH_ConfigMAC
                0x000000000800148c      0x1f4 Drivers/STM32F4xx_HAL_Driver/Src/stm32f4xx_hal_eth.o
                0x000000000800148c                HAL_ETH_ConfigMAC
 .text.ETH_MACDMAConfig
                0x0000000008001680      0x394 Drivers/STM32F4xx_HAL_Driver/Src/stm32f4xx_hal_eth.o
 .text.ETH_MACAddressConfig
                0x0000000008001a14       0x70 Drivers/STM32F4xx_HAL_Driver/Src/stm32f4xx_hal_eth.o
 .text.ETH_MACTransmissionEnable
                0x0000000008001a84       0x3a Drivers/STM32F4xx_HAL_Driver/Src/stm32f4xx_hal_eth.o
 .text.ETH_MACTransmissionDisable
                0x0000000008001abe       0x3a Drivers/STM32F4xx_HAL_Driver/Src/stm32f4xx_hal_eth.o
 .text.ETH_MACReceptionEnable
                0x0000000008001af8       0x3a Drivers/STM32F4xx_HAL_Driver/Src/stm32f4xx_hal_eth.o
 .text.ETH_MACReceptionDisable
                0x0000000008001b32       0x3a Drivers/STM32F4xx_HAL_Driver/Src/stm32f4xx_hal_eth.o
 .text.ETH_DMATransmissionEnable
                0x0000000008001b6c       0x30 Drivers/STM32F4xx_HAL_Driver/Src/stm32f4xx_hal_eth.o
 .text.ETH_DMATransmissionDisable
                0x0000000008001b9c       0x30 Drivers/STM32F4xx_HAL_Driver/Src/stm32f4xx_hal_eth.o
 .text.ETH_DMAReceptionEnable
                0x0000000008001bcc       0x30 Drivers/STM32F4xx_HAL_Driver/Src/stm32f4xx_hal_eth.o
 .text.ETH_DMAReceptionDisable
                0x0000000008001bfc       0x30 Drivers/STM32F4xx_HAL_Driver/Src/stm32f4xx_hal_eth.o
 .text.ETH_FlushTransmitFIFO
                0x0000000008001c2c       0x52 Drivers/STM32F4xx_HAL_Driver/Src/stm32f4xx_hal_eth.o
 *fill*         0x0000000008001c7e        0x2 
 .text.ETH_Delay
                0x0000000008001c80       0x3c Drivers/STM32F4xx_HAL_Driver/Src/stm32f4xx_hal_eth.o
 .text.HAL_GPIO_Init
                0x0000000008001cbc      0x334 Drivers/STM32F4xx_HAL_Driver/Src/stm32f4xx_hal_gpio.o
                0x0000000008001cbc                HAL_GPIO_Init
 .text.HAL_RCC_OscConfig
                0x0000000008001ff0      0x4e0 Drivers/STM32F4xx_HAL_Driver/Src/stm32f4xx_hal_rcc.o
                0x0000000008001ff0                HAL_RCC_OscConfig
 .text.HAL_RCC_ClockConfig
                0x00000000080024d0      0x1cc Drivers/STM32F4xx_HAL_Driver/Src/stm32f4xx_hal_rcc.o
                0x00000000080024d0                HAL_RCC_ClockConfig
 .text.HAL_RCC_GetSysClockFreq
                0x000000000800269c      0x164 Drivers/STM32F4xx_HAL_Driver/Src/stm32f4xx_hal_rcc.o
                0x000000000800269c                HAL_RCC_GetSysClockFreq
 .text.HAL_RCC_GetHCLKFreq
                0x0000000008002800       0x18 Drivers/STM32F4xx_HAL_Driver/Src/stm32f4xx_hal_rcc.o
                0x0000000008002800                HAL_RCC_GetHCLKFreq
 .text.HAL_RCC_GetPCLK1Freq
                0x0000000008002818       0x28 Drivers/STM32F4xx_HAL_Driver/Src/stm32f4xx_hal_rcc.o
                0x0000000008002818                HAL_RCC_GetPCLK1Freq
 .text.HAL_RCC_GetClockConfig
                0x0000000008002840       0x64 Drivers/STM32F4xx_HAL_Driver/Src/stm32f4xx_hal_rcc.o
                0x0000000008002840                HAL_RCC_GetClockConfig
 .text.HAL_TIM_Base_Init
                0x00000000080028a4       0x56 Drivers/STM32F4xx_HAL_Driver/Src/stm32f4xx_hal_tim.o
                0x00000000080028a4                HAL_TIM_Base_Init
 .text.HAL_TIM_Base_MspInit
                0x00000000080028fa       0x14 Drivers/STM32F4xx_HAL_Driver/Src/stm32f4xx_hal_tim.o
                0x00000000080028fa                HAL_TIM_Base_MspInit
 .text.HAL_TIM_Base_Start_IT
                0x000000000800290e       0x48 Drivers/STM32F4xx_HAL_Driver/Src/stm32f4xx_hal_tim.o
                0x000000000800290e                HAL_TIM_Base_Start_IT
 .text.HAL_TIM_IRQHandler
                0x0000000008002956      0x210 Drivers/STM32F4xx_HAL_Driver/Src/stm32f4xx_hal_tim.o
                0x0000000008002956                HAL_TIM_IRQHandler
 .text.HAL_TIM_OC_DelayElapsedCallback
                0x0000000008002b66       0x14 Drivers/STM32F4xx_HAL_Driver/Src/stm32f4xx_hal_tim.o
                0x0000000008002b66                HAL_TIM_OC_DelayElapsedCallback
 .text.HAL_TIM_IC_CaptureCallback
                0x0000000008002b7a       0x14 Drivers/STM32F4xx_HAL_Driver/Src/stm32f4xx_hal_tim.o
                0x0000000008002b7a                HAL_TIM_IC_CaptureCallback
 .text.HAL_TIM_PWM_PulseFinishedCallback
                0x0000000008002b8e       0x14 Drivers/STM32F4xx_HAL_Driver/Src/stm32f4xx_hal_tim.o
                0x0000000008002b8e                HAL_TIM_PWM_PulseFinishedCallback
 .text.HAL_TIM_TriggerCallback
                0x0000000008002ba2       0x14 Drivers/STM32F4xx_HAL_Driver/Src/stm32f4xx_hal_tim.o
                0x0000000008002ba2                HAL_TIM_TriggerCallback
 *fill*         0x0000000008002bb6        0x2 
 .text.TIM_Base_SetConfig
                0x0000000008002bb8      0x140 Drivers/STM32F4xx_HAL_Driver/Src/stm32f4xx_hal_tim.o
                0x0000000008002bb8                TIM_Base_SetConfig
 .text.HAL_TIMEx_CommutCallback
                0x0000000008002cf8       0x14 Drivers/STM32F4xx_HAL_Driver/Src/stm32f4xx_hal_tim_ex.o
                0x0000000008002cf8                HAL_TIMEx_CommutCallback
 .text.HAL_TIMEx_BreakCallback
                0x0000000008002d0c       0x14 Drivers/STM32F4xx_HAL_Driver/Src/stm32f4xx_hal_tim_ex.o
                0x0000000008002d0c                HAL_TIMEx_BreakCallback
 .text.osKernelStart
                0x0000000008002d20        0xe Middlewares/Third_Party/FreeRTOS/Source/CMSIS_RTOS/cmsis_os.o
                0x0000000008002d20                osKernelStart
 .text.xEventGroupCreate
                0x0000000008002d2e       0x34 Middlewares/Third_Party/FreeRTOS/Source/event_groups.o
                0x0000000008002d2e                xEventGroupCreate
 .text.xEventGroupSetBits
                0x0000000008002d62      0x112 Middlewares/Third_Party/FreeRTOS/Source/event_groups.o
                0x0000000008002d62                xEventGroupSetBits
 .text.vEventGroupDelete
                0x0000000008002e74       0x68 Middlewares/Third_Party/FreeRTOS/Source/event_groups.o
                0x0000000008002e74                vEventGroupDelete
 .text.vListInitialise
                0x0000000008002edc       0x40 Middlewares/Third_Party/FreeRTOS/Source/list.o
                0x0000000008002edc                vListInitialise
 .text.vListInitialiseItem
                0x0000000008002f1c       0x1a Middlewares/Third_Party/FreeRTOS/Source/list.o
                0x0000000008002f1c                vListInitialiseItem
 .text.vListInsertEnd
                0x0000000008002f36       0x48 Middlewares/Third_Party/FreeRTOS/Source/list.o
                0x0000000008002f36                vListInsertEnd
 .text.vListInsert
                0x0000000008002f7e       0x72 Middlewares/Third_Party/FreeRTOS/Source/list.o
                0x0000000008002f7e                vListInsert
 .text.uxListRemove
                0x0000000008002ff0       0x54 Middlewares/Third_Party/FreeRTOS/Source/list.o
                0x0000000008002ff0                uxListRemove
 .text.xQueueGenericReset
                0x0000000008003044       0xd0 Middlewares/Third_Party/FreeRTOS/Source/queue.o
                0x0000000008003044                xQueueGenericReset
 .text.xQueueGenericCreate
                0x0000000008003114       0x7e Middlewares/Third_Party/FreeRTOS/Source/queue.o
                0x0000000008003114                xQueueGenericCreate
 .text.prvInitialiseNewQueue
                0x0000000008003192       0x44 Middlewares/Third_Party/FreeRTOS/Source/queue.o
 .text.xQueueCreateCountingSemaphore
                0x00000000080031d6       0x62 Middlewares/Third_Party/FreeRTOS/Source/queue.o
                0x00000000080031d6                xQueueCreateCountingSemaphore
 .text.xQueueGenericSend
                0x0000000008003238      0x230 Middlewares/Third_Party/FreeRTOS/Source/queue.o
                0x0000000008003238                xQueueGenericSend
 .text.xQueueReceive
                0x0000000008003468      0x1b8 Middlewares/Third_Party/FreeRTOS/Source/queue.o
                0x0000000008003468                xQueueReceive
 .text.xQueueSemaphoreTake
                0x0000000008003620      0x210 Middlewares/Third_Party/FreeRTOS/Source/queue.o
                0x0000000008003620                xQueueSemaphoreTake
 .text.uxQueueMessagesWaiting
                0x0000000008003830       0x3a Middlewares/Third_Party/FreeRTOS/Source/queue.o
                0x0000000008003830                uxQueueMessagesWaiting
 .text.vQueueDelete
                0x000000000800386a       0x44 Middlewares/Third_Party/FreeRTOS/Source/queue.o
                0x000000000800386a                vQueueDelete
 .text.prvGetDisinheritPriorityAfterTimeout
                0x00000000080038ae       0x30 Middlewares/Third_Party/FreeRTOS/Source/queue.o
 .text.prvCopyDataToQueue
                0x00000000080038de       0xd4 Middlewares/Third_Party/FreeRTOS/Source/queue.o
 .text.prvCopyDataFromQueue
                0x00000000080039b2       0x4c Middlewares/Third_Party/FreeRTOS/Source/queue.o
 .text.prvUnlockQueue
                0x00000000080039fe       0xc0 Middlewares/Third_Party/FreeRTOS/Source/queue.o
 .text.prvIsQueueEmpty
                0x0000000008003abe       0x2c Middlewares/Third_Party/FreeRTOS/Source/queue.o
 .text.prvIsQueueFull
                0x0000000008003aea       0x30 Middlewares/Third_Party/FreeRTOS/Source/queue.o
 *fill*         0x0000000008003b1a        0x2 
 .text.vQueueAddToRegistry
                0x0000000008003b1c       0x50 Middlewares/Third_Party/FreeRTOS/Source/queue.o
                0x0000000008003b1c                vQueueAddToRegistry
 .text.vQueueUnregisterQueue
                0x0000000008003b6c       0x54 Middlewares/Third_Party/FreeRTOS/Source/queue.o
                0x0000000008003b6c                vQueueUnregisterQueue
 .text.prvNotifyQueueSetContainer
                0x0000000008003bc0       0xb0 Middlewares/Third_Party/FreeRTOS/Source/queue.o
 .text.xTaskCreateStatic
                0x0000000008003c70       0xb4 Middlewares/Third_Party/FreeRTOS/Source/tasks.o
                0x0000000008003c70                xTaskCreateStatic
 .text.xTaskCreate
                0x0000000008003d24       0x8a Middlewares/Third_Party/FreeRTOS/Source/tasks.o
                0x0000000008003d24                xTaskCreate
 .text.prvInitialiseNewTask
                0x0000000008003dae      0x10c Middlewares/Third_Party/FreeRTOS/Source/tasks.o
 *fill*         0x0000000008003eba        0x2 
 .text.prvAddNewTaskToReadyList
                0x0000000008003ebc       0xd4 Middlewares/Third_Party/FreeRTOS/Source/tasks.o
 .text.vTaskDelay
                0x0000000008003f90       0x68 Middlewares/Third_Party/FreeRTOS/Source/tasks.o
                0x0000000008003f90                vTaskDelay
 .text.vTaskStartScheduler
                0x0000000008003ff8       0xbc Middlewares/Third_Party/FreeRTOS/Source/tasks.o
                0x0000000008003ff8                vTaskStartScheduler
 .text.vTaskSuspendAll
                0x00000000080040b4       0x1c Middlewares/Third_Party/FreeRTOS/Source/tasks.o
                0x00000000080040b4                vTaskSuspendAll
 .text.xTaskResumeAll
                0x00000000080040d0      0x138 Middlewares/Third_Party/FreeRTOS/Source/tasks.o
                0x00000000080040d0                xTaskResumeAll
 .text.xTaskGetTickCount
                0x0000000008004208       0x20 Middlewares/Third_Party/FreeRTOS/Source/tasks.o
                0x0000000008004208                xTaskGetTickCount
 .text.xTaskIncrementTick
                0x0000000008004228      0x170 Middlewares/Third_Party/FreeRTOS/Source/tasks.o
                0x0000000008004228                xTaskIncrementTick
 .text.vTaskSwitchContext
                0x0000000008004398       0xb4 Middlewares/Third_Party/FreeRTOS/Source/tasks.o
                0x0000000008004398                vTaskSwitchContext
 .text.vTaskPlaceOnEventList
                0x000000000800444c       0x48 Middlewares/Third_Party/FreeRTOS/Source/tasks.o
                0x000000000800444c                vTaskPlaceOnEventList
 .text.xTaskRemoveFromEventList
                0x0000000008004494       0xc4 Middlewares/Third_Party/FreeRTOS/Source/tasks.o
                0x0000000008004494                xTaskRemoveFromEventList
 .text.vTaskRemoveFromUnorderedEventList
                0x0000000008004558       0xc0 Middlewares/Third_Party/FreeRTOS/Source/tasks.o
                0x0000000008004558                vTaskRemoveFromUnorderedEventList
 .text.vTaskSetTimeOutState
                0x0000000008004618       0x4c Middlewares/Third_Party/FreeRTOS/Source/tasks.o
                0x0000000008004618                vTaskSetTimeOutState
 .text.vTaskInternalSetTimeOutState
                0x0000000008004664       0x2c Middlewares/Third_Party/FreeRTOS/Source/tasks.o
                0x0000000008004664                vTaskInternalSetTimeOutState
 .text.xTaskCheckForTimeOut
                0x0000000008004690       0xc0 Middlewares/Third_Party/FreeRTOS/Source/tasks.o
                0x0000000008004690                xTaskCheckForTimeOut
 .text.vTaskMissedYield
                0x0000000008004750       0x18 Middlewares/Third_Party/FreeRTOS/Source/tasks.o
                0x0000000008004750                vTaskMissedYield
 .text.prvIdleTask
                0x0000000008004768       0x30 Middlewares/Third_Party/FreeRTOS/Source/tasks.o
 .text.prvInitialiseTaskLists
                0x0000000008004798       0x80 Middlewares/Third_Party/FreeRTOS/Source/tasks.o
 .text.prvCheckTasksWaitingTermination
                0x0000000008004818       0x58 Middlewares/Third_Party/FreeRTOS/Source/tasks.o
 .text.prvDeleteTCB
                0x0000000008004870       0x5c Middlewares/Third_Party/FreeRTOS/Source/tasks.o
 .text.prvResetNextTaskUnblockTime
                0x00000000080048cc       0x40 Middlewares/Third_Party/FreeRTOS/Source/tasks.o
 .text.xTaskGetCurrentTaskHandle
                0x000000000800490c       0x20 Middlewares/Third_Party/FreeRTOS/Source/tasks.o
                0x000000000800490c                xTaskGetCurrentTaskHandle
 .text.xTaskGetSchedulerState
                0x000000000800492c       0x3c Middlewares/Third_Party/FreeRTOS/Source/tasks.o
                0x000000000800492c                xTaskGetSchedulerState
 .text.xTaskPriorityInherit
                0x0000000008004968      0x100 Middlewares/Third_Party/FreeRTOS/Source/tasks.o
                0x0000000008004968                xTaskPriorityInherit
 .text.xTaskPriorityDisinherit
                0x0000000008004a68      0x108 Middlewares/Third_Party/FreeRTOS/Source/tasks.o
                0x0000000008004a68                xTaskPriorityDisinherit
 .text.vTaskPriorityDisinheritAfterTimeout
                0x0000000008004b70      0x130 Middlewares/Third_Party/FreeRTOS/Source/tasks.o
                0x0000000008004b70                vTaskPriorityDisinheritAfterTimeout
 .text.pvTaskIncrementMutexHeldCount
                0x0000000008004ca0       0x28 Middlewares/Third_Party/FreeRTOS/Source/tasks.o
                0x0000000008004ca0                pvTaskIncrementMutexHeldCount
 .text.ulTaskNotifyTake
                0x0000000008004cc8       0x90 Middlewares/Third_Party/FreeRTOS/Source/tasks.o
                0x0000000008004cc8                ulTaskNotifyTake
 .text.vTaskNotifyGiveFromISR
                0x0000000008004d58      0x11c Middlewares/Third_Party/FreeRTOS/Source/tasks.o
                0x0000000008004d58                vTaskNotifyGiveFromISR
 .text.prvAddCurrentTaskToDelayedList
                0x0000000008004e74       0xcc Middlewares/Third_Party/FreeRTOS/Source/tasks.o
 .text.pxPortInitialiseStack
                0x0000000008004f40       0x68 Middlewares/Third_Party/FreeRTOS/Source/portable/GCC/ARM_CM4F/port.o
                0x0000000008004f40                pxPortInitialiseStack
 .text.prvTaskExitError
                0x0000000008004fa8       0x54 Middlewares/Third_Party/FreeRTOS/Source/portable/GCC/ARM_CM4F/port.o
 *fill*         0x0000000008004ffc        0x4 
 .text.SVC_Handler
                0x0000000008005000       0x28 Middlewares/Third_Party/FreeRTOS/Source/portable/GCC/ARM_CM4F/port.o
                0x0000000008005000                SVC_Handler
 .text.prvPortStartFirstTask
                0x0000000008005028       0x28 Middlewares/Third_Party/FreeRTOS/Source/portable/GCC/ARM_CM4F/port.o
 .text.xPortStartScheduler
                0x0000000008005050      0x13c Middlewares/Third_Party/FreeRTOS/Source/portable/GCC/ARM_CM4F/port.o
                0x0000000008005050                xPortStartScheduler
 .text.vPortEnterCritical
                0x000000000800518c       0x5c Middlewares/Third_Party/FreeRTOS/Source/portable/GCC/ARM_CM4F/port.o
                0x000000000800518c                vPortEnterCritical
 .text.vPortExitCritical
                0x00000000080051e8       0x50 Middlewares/Third_Party/FreeRTOS/Source/portable/GCC/ARM_CM4F/port.o
                0x00000000080051e8                vPortExitCritical
 *fill*         0x0000000008005238        0x8 
 .text.PendSV_Handler
                0x0000000008005240       0x68 Middlewares/Third_Party/FreeRTOS/Source/portable/GCC/ARM_CM4F/port.o
                0x0000000008005240                PendSV_Handler
 .text.SysTick_Handler
                0x00000000080052a8       0x40 Middlewares/Third_Party/FreeRTOS/Source/portable/GCC/ARM_CM4F/port.o
                0x00000000080052a8                SysTick_Handler
 .text.vPortSetupTimerInterrupt
                0x00000000080052e8       0x48 Middlewares/Third_Party/FreeRTOS/Source/portable/GCC/ARM_CM4F/port.o
                0x00000000080052e8                vPortSetupTimerInterrupt
 .text.vPortEnableVFP
                0x0000000008005330       0x14 Middlewares/Third_Party/FreeRTOS/Source/portable/GCC/ARM_CM4F/port.o
 .text.vPortValidateInterruptPriority
                0x0000000008005344       0x7c Middlewares/Third_Party/FreeRTOS/Source/portable/GCC/ARM_CM4F/port.o
                0x0000000008005344                vPortValidateInterruptPriority
 .text.pvPortMalloc
                0x00000000080053c0      0x184 Middlewares/Third_Party/FreeRTOS/Source/portable/MemMang/heap_4.o
                0x00000000080053c0                pvPortMalloc
 .text.vPortFree
                0x0000000008005544       0xb0 Middlewares/Third_Party/FreeRTOS/Source/portable/MemMang/heap_4.o
                0x0000000008005544                vPortFree
 .text.prvHeapInit
                0x00000000080055f4       0xc4 Middlewares/Third_Party/FreeRTOS/Source/portable/MemMang/heap_4.o
 .text.prvInsertBlockIntoFreeList
                0x00000000080056b8       0xb4 Middlewares/Third_Party/FreeRTOS/Source/portable/MemMang/heap_4.o
 .text.vCastPointerTo_ARPPacket_t
                0x000000000800576c       0x16 Middlewares/Third_Party/FreeRTOS-Plus-TCP/FreeRTOS_ARP.o
 *fill*         0x0000000008005782        0x2 
 .text.eARPProcessPacket
                0x0000000008005784      0x124 Middlewares/Third_Party/FreeRTOS-Plus-TCP/FreeRTOS_ARP.o
                0x0000000008005784                eARPProcessPacket
 .text.vARPRefreshCacheEntry
                0x00000000080058a8      0x1f0 Middlewares/Third_Party/FreeRTOS-Plus-TCP/FreeRTOS_ARP.o
                0x00000000080058a8                vARPRefreshCacheEntry
 .text.eARPGetCacheEntry
                0x0000000008005a98       0xd0 Middlewares/Third_Party/FreeRTOS-Plus-TCP/FreeRTOS_ARP.o
                0x0000000008005a98                eARPGetCacheEntry
 .text.prvCacheLookup
                0x0000000008005b68       0x80 Middlewares/Third_Party/FreeRTOS-Plus-TCP/FreeRTOS_ARP.o
 .text.vARPAgeCache
                0x0000000008005be8      0x11c Middlewares/Third_Party/FreeRTOS-Plus-TCP/FreeRTOS_ARP.o
                0x0000000008005be8                vARPAgeCache
 .text.FreeRTOS_OutputARPRequest
                0x0000000008005d04       0x62 Middlewares/Third_Party/FreeRTOS-Plus-TCP/FreeRTOS_ARP.o
                0x0000000008005d04                FreeRTOS_OutputARPRequest
 *fill*         0x0000000008005d66        0x2 
 .text.vARPGenerateRequestPacket
                0x0000000008005d68       0xbc Middlewares/Third_Party/FreeRTOS-Plus-TCP/FreeRTOS_ARP.o
                0x0000000008005d68                vARPGenerateRequestPacket
 .text.FreeRTOS_ClearARP
                0x0000000008005e24       0x18 Middlewares/Third_Party/FreeRTOS-Plus-TCP/FreeRTOS_ARP.o
                0x0000000008005e24                FreeRTOS_ClearARP
 .text.vCastPointerTo_EthernetHeader_t
                0x0000000008005e3c       0x16 Middlewares/Third_Party/FreeRTOS-Plus-TCP/FreeRTOS_IP.o
 .text.vCastConstPointerTo_EthernetHeader_t
                0x0000000008005e52       0x16 Middlewares/Third_Party/FreeRTOS-Plus-TCP/FreeRTOS_IP.o
 .text.vCastPointerTo_ARPPacket_t
                0x0000000008005e68       0x16 Middlewares/Third_Party/FreeRTOS-Plus-TCP/FreeRTOS_IP.o
 .text.vCastPointerTo_IPPacket_t
                0x0000000008005e7e       0x16 Middlewares/Third_Party/FreeRTOS-Plus-TCP/FreeRTOS_IP.o
 .text.vCastConstPointerTo_IPPacket_t
                0x0000000008005e94       0x16 Middlewares/Third_Party/FreeRTOS-Plus-TCP/FreeRTOS_IP.o
 .text.vCastPointerTo_ICMPPacket_t
                0x0000000008005eaa       0x16 Middlewares/Third_Party/FreeRTOS-Plus-TCP/FreeRTOS_IP.o
 .text.vCastConstPointerTo_UDPPacket_t
                0x0000000008005ec0       0x16 Middlewares/Third_Party/FreeRTOS-Plus-TCP/FreeRTOS_IP.o
 .text.vCastConstPointerTo_ProtocolPacket_t
                0x0000000008005ed6       0x16 Middlewares/Third_Party/FreeRTOS-Plus-TCP/FreeRTOS_IP.o
 .text.vCastPointerTo_FreeRTOS_Socket_t
                0x0000000008005eec       0x16 Middlewares/Third_Party/FreeRTOS-Plus-TCP/FreeRTOS_IP.o
 .text.vCastPointerTo_NetworkBufferDescriptor_t
                0x0000000008005f02       0x16 Middlewares/Third_Party/FreeRTOS-Plus-TCP/FreeRTOS_IP.o
 .text.prvIPTask
                0x0000000008005f18      0x198 Middlewares/Third_Party/FreeRTOS-Plus-TCP/FreeRTOS_IP.o
 .text.xIsCallingFromIPTask
                0x00000000080060b0       0x2c Middlewares/Third_Party/FreeRTOS-Plus-TCP/FreeRTOS_IP.o
                0x00000000080060b0                xIsCallingFromIPTask
 .text.prvHandleEthernetPacket
                0x00000000080060dc       0x2c Middlewares/Third_Party/FreeRTOS-Plus-TCP/FreeRTOS_IP.o
 .text.prvCalculateSleepTime
                0x0000000008006108       0x50 Middlewares/Third_Party/FreeRTOS-Plus-TCP/FreeRTOS_IP.o
 .text.prvCheckNetworkTimers
                0x0000000008006158       0x80 Middlewares/Third_Party/FreeRTOS-Plus-TCP/FreeRTOS_IP.o
 .text.prvIPTimerStart
                0x00000000080061d8       0x48 Middlewares/Third_Party/FreeRTOS-Plus-TCP/FreeRTOS_IP.o
 .text.prvIPTimerReload
                0x0000000008006220       0x20 Middlewares/Third_Party/FreeRTOS-Plus-TCP/FreeRTOS_IP.o
 .text.prvIPTimerCheck
                0x0000000008006240       0x78 Middlewares/Third_Party/FreeRTOS-Plus-TCP/FreeRTOS_IP.o
 .text.FreeRTOS_NetworkDown
                0x00000000080062b8       0x38 Middlewares/Third_Party/FreeRTOS-Plus-TCP/FreeRTOS_IP.o
                0x00000000080062b8                FreeRTOS_NetworkDown
 .text.pxDuplicateNetworkBufferWithDescriptor
                0x00000000080062f0       0x54 Middlewares/Third_Party/FreeRTOS-Plus-TCP/FreeRTOS_IP.o
                0x00000000080062f0                pxDuplicateNetworkBufferWithDescriptor
 .text.prvPacketBuffer_to_NetworkBuffer
                0x0000000008006344       0x48 Middlewares/Third_Party/FreeRTOS-Plus-TCP/FreeRTOS_IP.o
 .text.pxPacketBuffer_to_NetworkBuffer
                0x000000000800638c       0x1a Middlewares/Third_Party/FreeRTOS-Plus-TCP/FreeRTOS_IP.o
                0x000000000800638c                pxPacketBuffer_to_NetworkBuffer
 *fill*         0x00000000080063a6        0x2 
 .text.FreeRTOS_IPInit
                0x00000000080063a8      0x208 Middlewares/Third_Party/FreeRTOS-Plus-TCP/FreeRTOS_IP.o
                0x00000000080063a8                FreeRTOS_IPInit
 .text.FreeRTOS_GetAddressConfiguration
                0x00000000080065b0       0x5c Middlewares/Third_Party/FreeRTOS-Plus-TCP/FreeRTOS_IP.o
                0x00000000080065b0                FreeRTOS_GetAddressConfiguration
 .text.xSendEventToIPTask
                0x000000000800660c       0x2c Middlewares/Third_Party/FreeRTOS-Plus-TCP/FreeRTOS_IP.o
                0x000000000800660c                xSendEventToIPTask
 .text.xSendEventStructToIPTask
                0x0000000008006638       0x98 Middlewares/Third_Party/FreeRTOS-Plus-TCP/FreeRTOS_IP.o
                0x0000000008006638                xSendEventStructToIPTask
 .text.prvProcessNetworkDownEvent
                0x00000000080066d0       0x50 Middlewares/Third_Party/FreeRTOS-Plus-TCP/FreeRTOS_IP.o
 .text.vIPNetworkUpCalls
                0x0000000008006720       0x28 Middlewares/Third_Party/FreeRTOS-Plus-TCP/FreeRTOS_IP.o
                0x0000000008006720                vIPNetworkUpCalls
 .text.prvProcessEthernetPacket
                0x0000000008006748       0xcc Middlewares/Third_Party/FreeRTOS-Plus-TCP/FreeRTOS_IP.o
 .text.xIsIPv4Multicast
                0x0000000008006814       0x50 Middlewares/Third_Party/FreeRTOS-Plus-TCP/FreeRTOS_IP.o
                0x0000000008006814                xIsIPv4Multicast
 .text.vSetMultiCastIPv4MacAddress
                0x0000000008006864       0x6a Middlewares/Third_Party/FreeRTOS-Plus-TCP/FreeRTOS_IP.o
                0x0000000008006864                vSetMultiCastIPv4MacAddress
 *fill*         0x00000000080068ce        0x2 
 .text.prvAllowIPPacket
                0x00000000080068d0       0xd0 Middlewares/Third_Party/FreeRTOS-Plus-TCP/FreeRTOS_IP.o
 .text.prvProcessIPPacket
                0x00000000080069a0      0x1e8 Middlewares/Third_Party/FreeRTOS-Plus-TCP/FreeRTOS_IP.o
 .text.prvProcessICMPEchoRequest
                0x0000000008006b88       0xb0 Middlewares/Third_Party/FreeRTOS-Plus-TCP/FreeRTOS_IP.o
 .text.prvProcessICMPPacket
                0x0000000008006c38       0x34 Middlewares/Third_Party/FreeRTOS-Plus-TCP/FreeRTOS_IP.o
 .text.usGenerateProtocolChecksum
                0x0000000008006c6c      0x200 Middlewares/Third_Party/FreeRTOS-Plus-TCP/FreeRTOS_IP.o
                0x0000000008006c6c                usGenerateProtocolChecksum
 .text.usGenerateChecksum
                0x0000000008006e6c      0x1cc Middlewares/Third_Party/FreeRTOS-Plus-TCP/FreeRTOS_IP.o
                0x0000000008006e6c                usGenerateChecksum
 .text.vReturnEthernetFrame
                0x0000000008007038       0x84 Middlewares/Third_Party/FreeRTOS-Plus-TCP/FreeRTOS_IP.o
                0x0000000008007038                vReturnEthernetFrame
 .text.FreeRTOS_GetMACAddress
                0x00000000080070bc       0x14 Middlewares/Third_Party/FreeRTOS-Plus-TCP/FreeRTOS_IP.o
                0x00000000080070bc                FreeRTOS_GetMACAddress
 .text.xIPIsNetworkTaskReady
                0x00000000080070d0       0x18 Middlewares/Third_Party/FreeRTOS-Plus-TCP/FreeRTOS_IP.o
                0x00000000080070d0                xIPIsNetworkTaskReady
 .text.FreeRTOS_max_uint32
                0x00000000080070e8       0x20 Middlewares/Third_Party/FreeRTOS-Plus-TCP/FreeRTOS_Sockets.o
 .text.FreeRTOS_round_up
                0x0000000008007108       0x2a Middlewares/Third_Party/FreeRTOS-Plus-TCP/FreeRTOS_Sockets.o
 .text.uxStreamBufferSpace
                0x0000000008007132       0x3e Middlewares/Third_Party/FreeRTOS-Plus-TCP/FreeRTOS_Sockets.o
 .text.uxStreamBufferFrontSpace
                0x0000000008007170       0x28 Middlewares/Third_Party/FreeRTOS-Plus-TCP/FreeRTOS_Sockets.o
 .text.vCastPointerTo_FreeRTOS_Socket_t
                0x0000000008007198       0x16 Middlewares/Third_Party/FreeRTOS-Plus-TCP/FreeRTOS_Sockets.o
 .text.vCastPointerTo_NetworkBufferDescriptor_t
                0x00000000080071ae       0x16 Middlewares/Third_Party/FreeRTOS-Plus-TCP/FreeRTOS_Sockets.o
 .text.vCastPointerTo_StreamBuffer_t
                0x00000000080071c4       0x16 Middlewares/Third_Party/FreeRTOS-Plus-TCP/FreeRTOS_Sockets.o
 *fill*         0x00000000080071da        0x2 
 .text.vNetworkSocketsInit
                0x00000000080071dc       0x1c Middlewares/Third_Party/FreeRTOS-Plus-TCP/FreeRTOS_Sockets.o
                0x00000000080071dc                vNetworkSocketsInit
 .text.prvDetermineSocketSize
                0x00000000080071f8      0x114 Middlewares/Third_Party/FreeRTOS-Plus-TCP/FreeRTOS_Sockets.o
 .text.FreeRTOS_socket
                0x000000000800730c      0x138 Middlewares/Third_Party/FreeRTOS-Plus-TCP/FreeRTOS_Sockets.o
                0x000000000800730c                FreeRTOS_socket
 .text.vSocketBind
                0x0000000008007444      0x128 Middlewares/Third_Party/FreeRTOS-Plus-TCP/FreeRTOS_Sockets.o
                0x0000000008007444                vSocketBind
 .text.FreeRTOS_closesocket
                0x000000000800756c       0x4c Middlewares/Third_Party/FreeRTOS-Plus-TCP/FreeRTOS_Sockets.o
                0x000000000800756c                FreeRTOS_closesocket
 .text.vSocketClose
                0x00000000080075b8       0xbc Middlewares/Third_Party/FreeRTOS-Plus-TCP/FreeRTOS_Sockets.o
                0x00000000080075b8                vSocketClose
 .text.prvTCPSetSocketCount
                0x0000000008007674       0x6c Middlewares/Third_Party/FreeRTOS-Plus-TCP/FreeRTOS_Sockets.o
 .text.prvGetPrivatePortNumber
                0x00000000080076e0       0xb0 Middlewares/Third_Party/FreeRTOS-Plus-TCP/FreeRTOS_Sockets.o
 .text.pxListFindListItemWithValue
                0x0000000008007790       0x54 Middlewares/Third_Party/FreeRTOS-Plus-TCP/FreeRTOS_Sockets.o
 .text.pxUDPSocketLookup
                0x00000000080077e4       0x50 Middlewares/Third_Party/FreeRTOS-Plus-TCP/FreeRTOS_Sockets.o
                0x00000000080077e4                pxUDPSocketLookup
 .text.FreeRTOS_inet_ntoa
                0x0000000008007834      0x120 Middlewares/Third_Party/FreeRTOS-Plus-TCP/FreeRTOS_Sockets.o
                0x0000000008007834                FreeRTOS_inet_ntoa
 .text.vSocketWakeUpUser
                0x0000000008007954       0x36 Middlewares/Third_Party/FreeRTOS-Plus-TCP/FreeRTOS_Sockets.o
                0x0000000008007954                vSocketWakeUpUser
 *fill*         0x000000000800798a        0x2 
 .text.xTCPTimerCheck
                0x000000000800798c       0xdc Middlewares/Third_Party/FreeRTOS-Plus-TCP/FreeRTOS_Sockets.o
                0x000000000800798c                xTCPTimerCheck
 .text.pxTCPSocketLookup
                0x0000000008007a68       0x8c Middlewares/Third_Party/FreeRTOS-Plus-TCP/FreeRTOS_Sockets.o
                0x0000000008007a68                pxTCPSocketLookup
 .text.prvTCPCreateStream
                0x0000000008007af4       0xd8 Middlewares/Third_Party/FreeRTOS-Plus-TCP/FreeRTOS_Sockets.o
 .text.lTCPAddRxdata
                0x0000000008007bcc       0xb4 Middlewares/Third_Party/FreeRTOS-Plus-TCP/FreeRTOS_Sockets.o
                0x0000000008007bcc                lTCPAddRxdata
 .text.FreeRTOS_min_uint32
                0x0000000008007c80       0x20 Middlewares/Third_Party/FreeRTOS-Plus-TCP/FreeRTOS_Stream_Buffer.o
 .text.uxStreamBufferSpace
                0x0000000008007ca0       0x3e Middlewares/Third_Party/FreeRTOS-Plus-TCP/FreeRTOS_Stream_Buffer.o
 .text.uxStreamBufferDistance
                0x0000000008007cde       0x3c Middlewares/Third_Party/FreeRTOS-Plus-TCP/FreeRTOS_Stream_Buffer.o
 .text.uxStreamBufferGetSpace
                0x0000000008007d1a       0x28 Middlewares/Third_Party/FreeRTOS-Plus-TCP/FreeRTOS_Stream_Buffer.o
 .text.uxStreamBufferGetSize
                0x0000000008007d42       0x28 Middlewares/Third_Party/FreeRTOS-Plus-TCP/FreeRTOS_Stream_Buffer.o
 .text.xStreamBufferLessThenEqual
                0x0000000008007d6a       0x66 Middlewares/Third_Party/FreeRTOS-Plus-TCP/FreeRTOS_Stream_Buffer.o
 .text.uxStreamBufferAdd
                0x0000000008007dd0      0x100 Middlewares/Third_Party/FreeRTOS-Plus-TCP/FreeRTOS_Stream_Buffer.o
                0x0000000008007dd0                uxStreamBufferAdd
 .text.uxStreamBufferGet
                0x0000000008007ed0       0xe8 Middlewares/Third_Party/FreeRTOS-Plus-TCP/FreeRTOS_Stream_Buffer.o
                0x0000000008007ed0                uxStreamBufferGet
 .text.FreeRTOS_min_int32
                0x0000000008007fb8       0x20 Middlewares/Third_Party/FreeRTOS-Plus-TCP/FreeRTOS_TCP_IP.o
 .text.FreeRTOS_min_uint32
                0x0000000008007fd8       0x20 Middlewares/Third_Party/FreeRTOS-Plus-TCP/FreeRTOS_TCP_IP.o
 .text.uxStreamBufferSpace
                0x0000000008007ff8       0x3e Middlewares/Third_Party/FreeRTOS-Plus-TCP/FreeRTOS_TCP_IP.o
 .text.uxStreamBufferDistance
                0x0000000008008036       0x3c Middlewares/Third_Party/FreeRTOS-Plus-TCP/FreeRTOS_TCP_IP.o
 .text.uxStreamBufferGetSpace
                0x0000000008008072       0x28 Middlewares/Third_Party/FreeRTOS-Plus-TCP/FreeRTOS_TCP_IP.o
 .text.uxStreamBufferFrontSpace
                0x000000000800809a       0x28 Middlewares/Third_Party/FreeRTOS-Plus-TCP/FreeRTOS_TCP_IP.o
 .text.uxStreamBufferMidSpace
                0x00000000080080c2       0x28 Middlewares/Third_Party/FreeRTOS-Plus-TCP/FreeRTOS_TCP_IP.o
 .text.vStreamBufferMoveMid
                0x00000000080080ea       0x50 Middlewares/Third_Party/FreeRTOS-Plus-TCP/FreeRTOS_TCP_IP.o
 .text.vCastConstPointerTo_IPHeader_t
                0x000000000800813a       0x16 Middlewares/Third_Party/FreeRTOS-Plus-TCP/FreeRTOS_TCP_IP.o
 .text.vCastPointerTo_TCPPacket_t
                0x0000000008008150       0x16 Middlewares/Third_Party/FreeRTOS-Plus-TCP/FreeRTOS_TCP_IP.o
 .text.vCastConstPointerTo_TCPPacket_t
                0x0000000008008166       0x16 Middlewares/Third_Party/FreeRTOS-Plus-TCP/FreeRTOS_TCP_IP.o
 .text.vCastPointerTo_ProtocolHeaders_t
                0x000000000800817c       0x16 Middlewares/Third_Party/FreeRTOS-Plus-TCP/FreeRTOS_TCP_IP.o
 .text.vCastConstPointerTo_ProtocolHeaders_t
                0x0000000008008192       0x16 Middlewares/Third_Party/FreeRTOS-Plus-TCP/FreeRTOS_TCP_IP.o
 .text.vCastPointerTo_FreeRTOS_Socket_t
                0x00000000080081a8       0x16 Middlewares/Third_Party/FreeRTOS-Plus-TCP/FreeRTOS_TCP_IP.o
 .text.ulChar2u32
                0x00000000080081be       0x36 Middlewares/Third_Party/FreeRTOS-Plus-TCP/FreeRTOS_TCP_IP.o
 .text.usChar2u16
                0x00000000080081f4       0x2a Middlewares/Third_Party/FreeRTOS-Plus-TCP/FreeRTOS_TCP_IP.o
 *fill*         0x000000000800821e        0x2 
 .text.prvTCPSocketIsActive
                0x0000000008008220       0x64 Middlewares/Third_Party/FreeRTOS-Plus-TCP/FreeRTOS_TCP_IP.o
 .text.prvTCPStatusAgeCheck
                0x0000000008008284       0x98 Middlewares/Third_Party/FreeRTOS-Plus-TCP/FreeRTOS_TCP_IP.o
 .text.xTCPSocketCheck
                0x000000000800831c       0xc8 Middlewares/Third_Party/FreeRTOS-Plus-TCP/FreeRTOS_TCP_IP.o
                0x000000000800831c                xTCPSocketCheck
 .text.prvTCPSendPacket
                0x00000000080083e4       0xd0 Middlewares/Third_Party/FreeRTOS-Plus-TCP/FreeRTOS_TCP_IP.o
 .text.prvTCPSendRepeated
                0x00000000080084b4       0x60 Middlewares/Third_Party/FreeRTOS-Plus-TCP/FreeRTOS_TCP_IP.o
 .text.prvTCPReturnPacket
                0x0000000008008514      0x388 Middlewares/Third_Party/FreeRTOS-Plus-TCP/FreeRTOS_TCP_IP.o
 .text.prvTCPCreateWindow
                0x000000000800889c       0x4e Middlewares/Third_Party/FreeRTOS-Plus-TCP/FreeRTOS_TCP_IP.o
 *fill*         0x00000000080088ea        0x2 
 .text.prvTCPPrepareConnect
                0x00000000080088ec      0x1cc Middlewares/Third_Party/FreeRTOS-Plus-TCP/FreeRTOS_TCP_IP.o
 .text.prvCheckOptions
                0x0000000008008ab8       0xbc Middlewares/Third_Party/FreeRTOS-Plus-TCP/FreeRTOS_TCP_IP.o
 .text.prvSingleStepTCPHeaderOptions
                0x0000000008008b74      0x1ac Middlewares/Third_Party/FreeRTOS-Plus-TCP/FreeRTOS_TCP_IP.o
 .text.prvReadSackOption
                0x0000000008008d20       0x6e Middlewares/Third_Party/FreeRTOS-Plus-TCP/FreeRTOS_TCP_IP.o
 .text.prvWinScaleFactor
                0x0000000008008d8e       0x40 Middlewares/Third_Party/FreeRTOS-Plus-TCP/FreeRTOS_TCP_IP.o
 .text.prvSetSynAckOptions
                0x0000000008008dce       0xa0 Middlewares/Third_Party/FreeRTOS-Plus-TCP/FreeRTOS_TCP_IP.o
 .text.prvTCPTouchSocket
                0x0000000008008e6e       0x1a Middlewares/Third_Party/FreeRTOS-Plus-TCP/FreeRTOS_TCP_IP.o
 .text.vTCPStateChange
                0x0000000008008e88      0x170 Middlewares/Third_Party/FreeRTOS-Plus-TCP/FreeRTOS_TCP_IP.o
                0x0000000008008e88                vTCPStateChange
 .text.prvTCPBufferResize
                0x0000000008008ff8       0xe4 Middlewares/Third_Party/FreeRTOS-Plus-TCP/FreeRTOS_TCP_IP.o
 .text.prvTCPPrepareSend
                0x00000000080090dc      0x23e Middlewares/Third_Party/FreeRTOS-Plus-TCP/FreeRTOS_TCP_IP.o
 *fill*         0x000000000800931a        0x2 
 .text.prvTCPNextTimeout
                0x000000000800931c       0xf8 Middlewares/Third_Party/FreeRTOS-Plus-TCP/FreeRTOS_TCP_IP.o
 .text.prvTCPAddTxData
                0x0000000008009414       0x54 Middlewares/Third_Party/FreeRTOS-Plus-TCP/FreeRTOS_TCP_IP.o
 .text.prvTCPHandleFin
                0x0000000008009468      0x158 Middlewares/Third_Party/FreeRTOS-Plus-TCP/FreeRTOS_TCP_IP.o
 .text.prvCheckRxData
                0x00000000080095c0       0xf8 Middlewares/Third_Party/FreeRTOS-Plus-TCP/FreeRTOS_TCP_IP.o
 .text.prvStoreRxData
                0x00000000080096b8       0xee Middlewares/Third_Party/FreeRTOS-Plus-TCP/FreeRTOS_TCP_IP.o
 .text.prvSetOptions
                0x00000000080097a6       0xc2 Middlewares/Third_Party/FreeRTOS-Plus-TCP/FreeRTOS_TCP_IP.o
 .text.prvHandleSynReceived
                0x0000000008009868      0x1dc Middlewares/Third_Party/FreeRTOS-Plus-TCP/FreeRTOS_TCP_IP.o
 .text.prvHandleEstablished
                0x0000000008009a44      0x222 Middlewares/Third_Party/FreeRTOS-Plus-TCP/FreeRTOS_TCP_IP.o
 *fill*         0x0000000008009c66        0x2 
 .text.prvSendData
                0x0000000008009c68      0x12c Middlewares/Third_Party/FreeRTOS-Plus-TCP/FreeRTOS_TCP_IP.o
 .text.prvTCPHandleState
                0x0000000008009d94      0x234 Middlewares/Third_Party/FreeRTOS-Plus-TCP/FreeRTOS_TCP_IP.o
 .text.prvTCPSendSpecialPacketHelper
                0x0000000008009fc8       0x42 Middlewares/Third_Party/FreeRTOS-Plus-TCP/FreeRTOS_TCP_IP.o
 .text.prvTCPSendChallengeAck
                0x000000000800a00a       0x1a Middlewares/Third_Party/FreeRTOS-Plus-TCP/FreeRTOS_TCP_IP.o
 .text.prvTCPSendReset
                0x000000000800a024       0x1a Middlewares/Third_Party/FreeRTOS-Plus-TCP/FreeRTOS_TCP_IP.o
 *fill*         0x000000000800a03e        0x2 
 .text.prvSocketSetMSS
                0x000000000800a040       0x70 Middlewares/Third_Party/FreeRTOS-Plus-TCP/FreeRTOS_TCP_IP.o
 .text.xProcessReceivedTCPPacket
                0x000000000800a0b0      0x34e Middlewares/Third_Party/FreeRTOS-Plus-TCP/FreeRTOS_TCP_IP.o
                0x000000000800a0b0                xProcessReceivedTCPPacket
 *fill*         0x000000000800a3fe        0x2 
 .text.prvHandleListen
                0x000000000800a400      0x188 Middlewares/Third_Party/FreeRTOS-Plus-TCP/FreeRTOS_TCP_IP.o
 .text.prvTCPSocketCopy
                0x000000000800a588       0xd0 Middlewares/Third_Party/FreeRTOS-Plus-TCP/FreeRTOS_TCP_IP.o
 .text.xTCPCheckNewClient
                0x000000000800a658       0x90 Middlewares/Third_Party/FreeRTOS-Plus-TCP/FreeRTOS_TCP_IP.o
                0x000000000800a658                xTCPCheckNewClient
 .text.FreeRTOS_min_int32
                0x000000000800a6e8       0x20 Middlewares/Third_Party/FreeRTOS-Plus-TCP/FreeRTOS_TCP_WIN.o
 .text.FreeRTOS_min_uint32
                0x000000000800a708       0x20 Middlewares/Third_Party/FreeRTOS-Plus-TCP/FreeRTOS_TCP_WIN.o
 .text.vCastPointerTo_TCPSegment_t
                0x000000000800a728       0x16 Middlewares/Third_Party/FreeRTOS-Plus-TCP/FreeRTOS_TCP_WIN.o
 .text.xSequenceLessThanOrEqual
                0x000000000800a73e       0x2c Middlewares/Third_Party/FreeRTOS-Plus-TCP/FreeRTOS_TCP_WIN.o
 .text.xSequenceLessThan
                0x000000000800a76a       0x2e Middlewares/Third_Party/FreeRTOS-Plus-TCP/FreeRTOS_TCP_WIN.o
 .text.xSequenceGreaterThan
                0x000000000800a798       0x2e Middlewares/Third_Party/FreeRTOS-Plus-TCP/FreeRTOS_TCP_WIN.o
 .text.xSequenceGreaterThanOrEqual
                0x000000000800a7c6       0x2c Middlewares/Third_Party/FreeRTOS-Plus-TCP/FreeRTOS_TCP_WIN.o
 .text.vListInsertFifo
                0x000000000800a7f2       0x20 Middlewares/Third_Party/FreeRTOS-Plus-TCP/FreeRTOS_TCP_WIN.o
 .text.vTCPTimerSet
                0x000000000800a812       0x1a Middlewares/Third_Party/FreeRTOS-Plus-TCP/FreeRTOS_TCP_WIN.o
 .text.ulTimerGetAge
                0x000000000800a82c       0x1c Middlewares/Third_Party/FreeRTOS-Plus-TCP/FreeRTOS_TCP_WIN.o
 .text.vListInsertGeneric
                0x000000000800a848       0x44 Middlewares/Third_Party/FreeRTOS-Plus-TCP/FreeRTOS_TCP_WIN.o
 .text.prvCreateSectors
                0x000000000800a88c       0xa8 Middlewares/Third_Party/FreeRTOS-Plus-TCP/FreeRTOS_TCP_WIN.o
 .text.xTCPWindowRxFind
                0x000000000800a934       0x50 Middlewares/Third_Party/FreeRTOS-Plus-TCP/FreeRTOS_TCP_WIN.o
 .text.xTCPWindowNew
                0x000000000800a984       0xd0 Middlewares/Third_Party/FreeRTOS-Plus-TCP/FreeRTOS_TCP_WIN.o
 .text.xTCPWindowRxEmpty
                0x000000000800aa54       0x42 Middlewares/Third_Party/FreeRTOS-Plus-TCP/FreeRTOS_TCP_WIN.o
                0x000000000800aa54                xTCPWindowRxEmpty
 .text.xTCPWindowGetHead
                0x000000000800aa96       0x38 Middlewares/Third_Party/FreeRTOS-Plus-TCP/FreeRTOS_TCP_WIN.o
 .text.xTCPWindowPeekHead
                0x000000000800aace       0x32 Middlewares/Third_Party/FreeRTOS-Plus-TCP/FreeRTOS_TCP_WIN.o
 .text.vTCPWindowFree
                0x000000000800ab00       0x58 Middlewares/Third_Party/FreeRTOS-Plus-TCP/FreeRTOS_TCP_WIN.o
 .text.vTCPWindowDestroy
                0x000000000800ab58       0x5e Middlewares/Third_Party/FreeRTOS-Plus-TCP/FreeRTOS_TCP_WIN.o
                0x000000000800ab58                vTCPWindowDestroy
 *fill*         0x000000000800abb6        0x2 
 .text.vTCPWindowCreate
                0x000000000800abb8       0x70 Middlewares/Third_Party/FreeRTOS-Plus-TCP/FreeRTOS_TCP_WIN.o
                0x000000000800abb8                vTCPWindowCreate
 .text.vTCPWindowInit
                0x000000000800ac28       0xb6 Middlewares/Third_Party/FreeRTOS-Plus-TCP/FreeRTOS_TCP_WIN.o
                0x000000000800ac28                vTCPWindowInit
 .text.xTCPWindowRxConfirm
                0x000000000800acde       0x9c Middlewares/Third_Party/FreeRTOS-Plus-TCP/FreeRTOS_TCP_WIN.o
 *fill*         0x000000000800ad7a        0x2 
 .text.lTCPWindowRxCheck
                0x000000000800ad7c      0x1c8 Middlewares/Third_Party/FreeRTOS-Plus-TCP/FreeRTOS_TCP_WIN.o
                0x000000000800ad7c                lTCPWindowRxCheck
 .text.lTCPIncrementTxPosition
                0x000000000800af44       0x32 Middlewares/Third_Party/FreeRTOS-Plus-TCP/FreeRTOS_TCP_WIN.o
 *fill*         0x000000000800af76        0x2 
 .text.lTCPWindowTxAdd
                0x000000000800af78      0x16c Middlewares/Third_Party/FreeRTOS-Plus-TCP/FreeRTOS_TCP_WIN.o
                0x000000000800af78                lTCPWindowTxAdd
 .text.xTCPWindowTxDone
                0x000000000800b0e4       0x24 Middlewares/Third_Party/FreeRTOS-Plus-TCP/FreeRTOS_TCP_WIN.o
                0x000000000800b0e4                xTCPWindowTxDone
 .text.prvTCPWindowTxHasSpace
                0x000000000800b108       0x8c Middlewares/Third_Party/FreeRTOS-Plus-TCP/FreeRTOS_TCP_WIN.o
 .text.xTCPWindowTxHasData
                0x000000000800b194       0xc0 Middlewares/Third_Party/FreeRTOS-Plus-TCP/FreeRTOS_TCP_WIN.o
                0x000000000800b194                xTCPWindowTxHasData
 .text.ulTCPWindowTxGet
                0x000000000800b254      0x1b8 Middlewares/Third_Party/FreeRTOS-Plus-TCP/FreeRTOS_TCP_WIN.o
                0x000000000800b254                ulTCPWindowTxGet
 .text.prvTCPWindowTxCheckAck
                0x000000000800b40c      0x184 Middlewares/Third_Party/FreeRTOS-Plus-TCP/FreeRTOS_TCP_WIN.o
 .text.prvTCPWindowFastRetransmit
                0x000000000800b590       0xa8 Middlewares/Third_Party/FreeRTOS-Plus-TCP/FreeRTOS_TCP_WIN.o
 .text.ulTCPWindowTxAck
                0x000000000800b638       0x3a Middlewares/Third_Party/FreeRTOS-Plus-TCP/FreeRTOS_TCP_WIN.o
                0x000000000800b638                ulTCPWindowTxAck
 *fill*         0x000000000800b672        0x2 
 .text.ulTCPWindowTxSack
                0x000000000800b674       0x44 Middlewares/Third_Party/FreeRTOS-Plus-TCP/FreeRTOS_TCP_WIN.o
                0x000000000800b674                ulTCPWindowTxSack
 .text.vCastPointerTo_UDPPacket_t
                0x000000000800b6b8       0x16 Middlewares/Third_Party/FreeRTOS-Plus-TCP/FreeRTOS_UDP_IP.o
 .text.vCastConstPointerTo_UDPPacket_t
                0x000000000800b6ce       0x16 Middlewares/Third_Party/FreeRTOS-Plus-TCP/FreeRTOS_UDP_IP.o
 .text.vProcessGeneratedUDPPacket
                0x000000000800b6e4      0x1a4 Middlewares/Third_Party/FreeRTOS-Plus-TCP/FreeRTOS_UDP_IP.o
                0x000000000800b6e4                vProcessGeneratedUDPPacket
 .text.xProcessReceivedUDPPacket
                0x000000000800b888       0xb6 Middlewares/Third_Party/FreeRTOS-Plus-TCP/FreeRTOS_UDP_IP.o
                0x000000000800b888                xProcessReceivedUDPPacket
 *fill*         0x000000000800b93e        0x2 
 .text.xNetworkBuffersInitialise
                0x000000000800b940       0xf8 Middlewares/Third_Party/FreeRTOS-Plus-TCP/portable/BufferManagement/BufferAllocation_2.o
                0x000000000800b940                xNetworkBuffersInitialise
 .text.vReleaseNetworkBuffer
                0x000000000800ba38       0x22 Middlewares/Third_Party/FreeRTOS-Plus-TCP/portable/BufferManagement/BufferAllocation_2.o
                0x000000000800ba38                vReleaseNetworkBuffer
 *fill*         0x000000000800ba5a        0x2 
 .text.pxGetNetworkBufferWithDescriptor
                0x000000000800ba5c       0xfc Middlewares/Third_Party/FreeRTOS-Plus-TCP/portable/BufferManagement/BufferAllocation_2.o
                0x000000000800ba5c                pxGetNetworkBufferWithDescriptor
 .text.vReleaseNetworkBufferAndDescriptor
                0x000000000800bb58       0x68 Middlewares/Third_Party/FreeRTOS-Plus-TCP/portable/BufferManagement/BufferAllocation_2.o
                0x000000000800bb58                vReleaseNetworkBufferAndDescriptor
 .text.xHas_1F_PHYSPCS
                0x000000000800bbc0       0x30 Middlewares/Third_Party/FreeRTOS-Plus-TCP/portable/NetworkInterface/Common/phyHandling.o
 .text.xHas_19_PHYCR
                0x000000000800bbf0       0x38 Middlewares/Third_Party/FreeRTOS-Plus-TCP/portable/NetworkInterface/Common/phyHandling.o
 .text.vPhyInitialise
                0x000000000800bc28       0x2a Middlewares/Third_Party/FreeRTOS-Plus-TCP/portable/NetworkInterface/Common/phyHandling.o
                0x000000000800bc28                vPhyInitialise
 .text.xPhyDiscover
                0x000000000800bc52       0x98 Middlewares/Third_Party/FreeRTOS-Plus-TCP/portable/NetworkInterface/Common/phyHandling.o
                0x000000000800bc52                xPhyDiscover
 .text.xPhyReset
                0x000000000800bcea      0x132 Middlewares/Third_Party/FreeRTOS-Plus-TCP/portable/NetworkInterface/Common/phyHandling.o
 .text.xPhyConfigure
                0x000000000800be1c      0x1f0 Middlewares/Third_Party/FreeRTOS-Plus-TCP/portable/NetworkInterface/Common/phyHandling.o
                0x000000000800be1c                xPhyConfigure
 .text.xPhyFixedValue
                0x000000000800c00c       0x7e Middlewares/Third_Party/FreeRTOS-Plus-TCP/portable/NetworkInterface/Common/phyHandling.o
                0x000000000800c00c                xPhyFixedValue
 *fill*         0x000000000800c08a        0x2 
 .text.xPhyStartAutoNegotiation
                0x000000000800c08c      0x2c8 Middlewares/Third_Party/FreeRTOS-Plus-TCP/portable/NetworkInterface/Common/phyHandling.o
                0x000000000800c08c                xPhyStartAutoNegotiation
 .text.xPhyCheckLinkStatus
                0x000000000800c354      0x140 Middlewares/Third_Party/FreeRTOS-Plus-TCP/portable/NetworkInterface/Common/phyHandling.o
                0x000000000800c354                xPhyCheckLinkStatus
 .text.HAL_ETH_RxCpltCallback
                0x000000000800c494       0x5c Middlewares/Third_Party/FreeRTOS-Plus-TCP/portable/NetworkInterface/STM32Fxx/NetworkInterface.o
                0x000000000800c494                HAL_ETH_RxCpltCallback
 .text.HAL_ETH_TxCpltCallback
                0x000000000800c4f0       0x5c Middlewares/Third_Party/FreeRTOS-Plus-TCP/portable/NetworkInterface/STM32Fxx/NetworkInterface.o
                0x000000000800c4f0                HAL_ETH_TxCpltCallback
 .text.vClearTXBuffers
                0x000000000800c54c       0xa4 Middlewares/Third_Party/FreeRTOS-Plus-TCP/portable/NetworkInterface/STM32Fxx/NetworkInterface.o
 .text.xNetworkInterfaceInitialise
                0x000000000800c5f0      0x150 Middlewares/Third_Party/FreeRTOS-Plus-TCP/portable/NetworkInterface/STM32Fxx/NetworkInterface.o
                0x000000000800c5f0                xNetworkInterfaceInitialise
 .text.prvDMATxDescListInit
                0x000000000800c740       0x88 Middlewares/Third_Party/FreeRTOS-Plus-TCP/portable/NetworkInterface/STM32Fxx/NetworkInterface.o
 .text.prvDMARxDescListInit
                0x000000000800c7c8       0xa0 Middlewares/Third_Party/FreeRTOS-Plus-TCP/portable/NetworkInterface/STM32Fxx/NetworkInterface.o
 .text.xNetworkInterfaceOutput
                0x000000000800c868      0x114 Middlewares/Third_Party/FreeRTOS-Plus-TCP/portable/NetworkInterface/STM32Fxx/NetworkInterface.o
                0x000000000800c868                xNetworkInterfaceOutput
 .text.xMayAcceptPacket
                0x000000000800c97c       0x34 Middlewares/Third_Party/FreeRTOS-Plus-TCP/portable/NetworkInterface/STM32Fxx/NetworkInterface.o
 .text.prvPassEthMessages
                0x000000000800c9b0       0x42 Middlewares/Third_Party/FreeRTOS-Plus-TCP/portable/NetworkInterface/STM32Fxx/NetworkInterface.o
 *fill*         0x000000000800c9f2        0x2 
 .text.prvNetworkInterfaceInput
                0x000000000800c9f4      0x170 Middlewares/Third_Party/FreeRTOS-Plus-TCP/portable/NetworkInterface/STM32Fxx/NetworkInterface.o
 .text.xSTM32_PhyRead
                0x000000000800cb64       0x54 Middlewares/Third_Party/FreeRTOS-Plus-TCP/portable/NetworkInterface/STM32Fxx/NetworkInterface.o
                0x000000000800cb64                xSTM32_PhyRead
 .text.xSTM32_PhyWrite
                0x000000000800cbb8       0x54 Middlewares/Third_Party/FreeRTOS-Plus-TCP/portable/NetworkInterface/STM32Fxx/NetworkInterface.o
                0x000000000800cbb8                xSTM32_PhyWrite
 .text.vMACBProbePhy
                0x000000000800cc0c       0x30 Middlewares/Third_Party/FreeRTOS-Plus-TCP/portable/NetworkInterface/STM32Fxx/NetworkInterface.o
                0x000000000800cc0c                vMACBProbePhy
 .text.prvEthernetUpdateConfig
                0x000000000800cc3c       0xe0 Middlewares/Third_Party/FreeRTOS-Plus-TCP/portable/NetworkInterface/STM32Fxx/NetworkInterface.o
 .text.prvEMACHandlerTask
                0x000000000800cd1c       0xc0 Middlewares/Third_Party/FreeRTOS-Plus-TCP/portable/NetworkInterface/STM32Fxx/NetworkInterface.o
 .text.xApplicationGetRandomNumber
                0x000000000800cddc       0x30 Middlewares/Third_Party/FreeRTOS-Plus-TCP/portable/NetworkInterface/STM32Fxx/NetworkInterface.o
                0x000000000800cddc                xApplicationGetRandomNumber
 .text.ulApplicationGetNextSequenceNumber
                0x000000000800ce0c       0x22 Middlewares/Third_Party/FreeRTOS-Plus-TCP/portable/NetworkInterface/STM32Fxx/NetworkInterface.o
                0x000000000800ce0c                ulApplicationGetNextSequenceNumber
 *fill*         0x000000000800ce2e        0x2 
 .text.__errno  0x000000000800ce30        0xc c:/st/stm32cubeide_1.5.0/stm32cubeide/plugins/com.st.stm32cube.ide.mcu.externaltools.gnu-tools-for-stm32.7-2018-q2-update.win32_1.5.0.202011040924/tools/bin/../lib/gcc/arm-none-eabi/7.3.1/../../../../arm-none-eabi/lib/thumb/v7e-m/fpv4-sp/hard\libc_nano.a(lib_a-errno.o)
                0x000000000800ce30                __errno
 .text.__libc_init_array
                0x000000000800ce3c       0x48 c:/st/stm32cubeide_1.5.0/stm32cubeide/plugins/com.st.stm32cube.ide.mcu.externaltools.gnu-tools-for-stm32.7-2018-q2-update.win32_1.5.0.202011040924/tools/bin/../lib/gcc/arm-none-eabi/7.3.1/../../../../arm-none-eabi/lib/thumb/v7e-m/fpv4-sp/hard\libc_nano.a(lib_a-init.o)
                0x000000000800ce3c                __libc_init_array
 .text.memcmp   0x000000000800ce84       0x1e c:/st/stm32cubeide_1.5.0/stm32cubeide/plugins/com.st.stm32cube.ide.mcu.externaltools.gnu-tools-for-stm32.7-2018-q2-update.win32_1.5.0.202011040924/tools/bin/../lib/gcc/arm-none-eabi/7.3.1/../../../../arm-none-eabi/lib/thumb/v7e-m/fpv4-sp/hard\libc_nano.a(lib_a-memcmp.o)
                0x000000000800ce84                memcmp
 .text.memcpy   0x000000000800cea2       0x16 c:/st/stm32cubeide_1.5.0/stm32cubeide/plugins/com.st.stm32cube.ide.mcu.externaltools.gnu-tools-for-stm32.7-2018-q2-update.win32_1.5.0.202011040924/tools/bin/../lib/gcc/arm-none-eabi/7.3.1/../../../../arm-none-eabi/lib/thumb/v7e-m/fpv4-sp/hard\libc_nano.a(lib_a-memcpy-stub.o)
                0x000000000800cea2                memcpy
 .text.memmove  0x000000000800ceb8       0x32 c:/st/stm32cubeide_1.5.0/stm32cubeide/plugins/com.st.stm32cube.ide.mcu.externaltools.gnu-tools-for-stm32.7-2018-q2-update.win32_1.5.0.202011040924/tools/bin/../lib/gcc/arm-none-eabi/7.3.1/../../../../arm-none-eabi/lib/thumb/v7e-m/fpv4-sp/hard\libc_nano.a(lib_a-memmove.o)
                0x000000000800ceb8                memmove
 .text.memset   0x000000000800ceea       0x10 c:/st/stm32cubeide_1.5.0/stm32cubeide/plugins/com.st.stm32cube.ide.mcu.externaltools.gnu-tools-for-stm32.7-2018-q2-update.win32_1.5.0.202011040924/tools/bin/../lib/gcc/arm-none-eabi/7.3.1/../../../../arm-none-eabi/lib/thumb/v7e-m/fpv4-sp/hard\libc_nano.a(lib_a-memset.o)
                0x000000000800ceea                memset
 *fill*         0x000000000800cefa        0x2 
 .text.rand     0x000000000800cefc       0x68 c:/st/stm32cubeide_1.5.0/stm32cubeide/plugins/com.st.stm32cube.ide.mcu.externaltools.gnu-tools-for-stm32.7-2018-q2-update.win32_1.5.0.202011040924/tools/bin/../lib/gcc/arm-none-eabi/7.3.1/../../../../arm-none-eabi/lib/thumb/v7e-m/fpv4-sp/hard\libc_nano.a(lib_a-rand.o)
                0x000000000800cefc                rand
 .text.malloc   0x000000000800cf64       0x10 c:/st/stm32cubeide_1.5.0/stm32cubeide/plugins/com.st.stm32cube.ide.mcu.externaltools.gnu-tools-for-stm32.7-2018-q2-update.win32_1.5.0.202011040924/tools/bin/../lib/gcc/arm-none-eabi/7.3.1/../../../../arm-none-eabi/lib/thumb/v7e-m/fpv4-sp/hard\libc_nano.a(lib_a-malloc.o)
                0x000000000800cf64                malloc
 .text._malloc_r
                0x000000000800cf74       0xb4 c:/st/stm32cubeide_1.5.0/stm32cubeide/plugins/com.st.stm32cube.ide.mcu.externaltools.gnu-tools-for-stm32.7-2018-q2-update.win32_1.5.0.202011040924/tools/bin/../lib/gcc/arm-none-eabi/7.3.1/../../../../arm-none-eabi/lib/thumb/v7e-m/fpv4-sp/hard\libc_nano.a(lib_a-nano-mallocr.o)
                0x000000000800cf74                _malloc_r
 .text._sbrk_r  0x000000000800d028       0x20 c:/st/stm32cubeide_1.5.0/stm32cubeide/plugins/com.st.stm32cube.ide.mcu.externaltools.gnu-tools-for-stm32.7-2018-q2-update.win32_1.5.0.202011040924/tools/bin/../lib/gcc/arm-none-eabi/7.3.1/../../../../arm-none-eabi/lib/thumb/v7e-m/fpv4-sp/hard\libc_nano.a(lib_a-sbrkr.o)
                0x000000000800d028                _sbrk_r
 .text.__malloc_lock
                0x000000000800d048        0x2 c:/st/stm32cubeide_1.5.0/stm32cubeide/plugins/com.st.stm32cube.ide.mcu.externaltools.gnu-tools-for-stm32.7-2018-q2-update.win32_1.5.0.202011040924/tools/bin/../lib/gcc/arm-none-eabi/7.3.1/../../../../arm-none-eabi/lib/thumb/v7e-m/fpv4-sp/hard\libc_nano.a(lib_a-mlock.o)
                0x000000000800d048                __malloc_lock
 .text.__malloc_unlock
                0x000000000800d04a        0x2 c:/st/stm32cubeide_1.5.0/stm32cubeide/plugins/com.st.stm32cube.ide.mcu.externaltools.gnu-tools-for-stm32.7-2018-q2-update.win32_1.5.0.202011040924/tools/bin/../lib/gcc/arm-none-eabi/7.3.1/../../../../arm-none-eabi/lib/thumb/v7e-m/fpv4-sp/hard\libc_nano.a(lib_a-mlock.o)
                0x000000000800d04a                __malloc_unlock
 *(.glue_7)
 .glue_7        0x000000000800d04c        0x0 linker stubs
 *(.glue_7t)
 .glue_7t       0x000000000800d04c        0x0 linker stubs
 *(.eh_frame)
 .eh_frame      0x000000000800d04c        0x0 c:/st/stm32cubeide_1.5.0/stm32cubeide/plugins/com.st.stm32cube.ide.mcu.externaltools.gnu-tools-for-stm32.7-2018-q2-update.win32_1.5.0.202011040924/tools/bin/../lib/gcc/arm-none-eabi/7.3.1/thumb/v7e-m/fpv4-sp/hard/crtbegin.o
 *(.init)
 .init          0x000000000800d04c        0x4 c:/st/stm32cubeide_1.5.0/stm32cubeide/plugins/com.st.stm32cube.ide.mcu.externaltools.gnu-tools-for-stm32.7-2018-q2-update.win32_1.5.0.202011040924/tools/bin/../lib/gcc/arm-none-eabi/7.3.1/thumb/v7e-m/fpv4-sp/hard/crti.o
                0x000000000800d04c                _init
 .init          0x000000000800d050        0x8 c:/st/stm32cubeide_1.5.0/stm32cubeide/plugins/com.st.stm32cube.ide.mcu.externaltools.gnu-tools-for-stm32.7-2018-q2-update.win32_1.5.0.202011040924/tools/bin/../lib/gcc/arm-none-eabi/7.3.1/thumb/v7e-m/fpv4-sp/hard/crtn.o
 *(.fini)
 .fini          0x000000000800d058        0x4 c:/st/stm32cubeide_1.5.0/stm32cubeide/plugins/com.st.stm32cube.ide.mcu.externaltools.gnu-tools-for-stm32.7-2018-q2-update.win32_1.5.0.202011040924/tools/bin/../lib/gcc/arm-none-eabi/7.3.1/thumb/v7e-m/fpv4-sp/hard/crti.o
                0x000000000800d058                _fini
 .fini          0x000000000800d05c        0x8 c:/st/stm32cubeide_1.5.0/stm32cubeide/plugins/com.st.stm32cube.ide.mcu.externaltools.gnu-tools-for-stm32.7-2018-q2-update.win32_1.5.0.202011040924/tools/bin/../lib/gcc/arm-none-eabi/7.3.1/thumb/v7e-m/fpv4-sp/hard/crtn.o
                0x000000000800d064                . = ALIGN (0x4)
                0x000000000800d064                _etext = .

.vfp11_veneer   0x000000000800d064        0x0
 .vfp11_veneer  0x000000000800d064        0x0 linker stubs

.v4_bx          0x000000000800d064        0x0
 .v4_bx         0x000000000800d064        0x0 linker stubs

.iplt           0x000000000800d064        0x0
 .iplt          0x000000000800d064        0x0 c:/st/stm32cubeide_1.5.0/stm32cubeide/plugins/com.st.stm32cube.ide.mcu.externaltools.gnu-tools-for-stm32.7-2018-q2-update.win32_1.5.0.202011040924/tools/bin/../lib/gcc/arm-none-eabi/7.3.1/thumb/v7e-m/fpv4-sp/hard/crtbegin.o

.rodata         0x000000000800d064      0x144
                0x000000000800d064                . = ALIGN (0x4)
 *(.rodata)
 .rodata        0x000000000800d064        0x5 Middlewares/Third_Party/FreeRTOS/Source/tasks.o
 *fill*         0x000000000800d069        0x3 
 .rodata        0x000000000800d06c       0xbf Middlewares/Third_Party/FreeRTOS-Plus-TCP/FreeRTOS_IP.o
 *fill*         0x000000000800d12b        0x1 
 .rodata        0x000000000800d12c        0xa Middlewares/Third_Party/FreeRTOS-Plus-TCP/portable/BufferManagement/BufferAllocation_2.o
 *fill*         0x000000000800d136        0x2 
 .rodata        0x000000000800d138        0x5 Middlewares/Third_Party/FreeRTOS-Plus-TCP/portable/NetworkInterface/STM32Fxx/NetworkInterface.o
 *(.rodata*)
 *fill*         0x000000000800d13d        0x3 
 .rodata.ucIPAddress
                0x000000000800d140        0x4 Core/Src/main.o
 .rodata.ucNetMask
                0x000000000800d144        0x4 Core/Src/main.o
 .rodata.ucGatewayAddress
                0x000000000800d148        0x4 Core/Src/main.o
 .rodata.ucDNSServerAddress
                0x000000000800d14c        0x4 Core/Src/main.o
 .rodata.AHBPrescTable
                0x000000000800d150       0x10 Core/Src/system_stm32f4xx.o
                0x000000000800d150                AHBPrescTable
 .rodata.APBPrescTable
                0x000000000800d160        0x8 Core/Src/system_stm32f4xx.o
                0x000000000800d160                APBPrescTable
 .rodata.xDefaultPartARPPacketHeader.8224
                0x000000000800d168       0x26 Middlewares/Third_Party/FreeRTOS-Plus-TCP/FreeRTOS_ARP.o
 *fill*         0x000000000800d18e        0x2 
 .rodata.xBroadcastMACAddress
                0x000000000800d190        0x6 Middlewares/Third_Party/FreeRTOS-Plus-TCP/FreeRTOS_IP.o
                0x000000000800d190                xBroadcastMACAddress
 *fill*         0x000000000800d196        0x2 
 .rodata.xNetworkDownEvent.8291
                0x000000000800d198        0x8 Middlewares/Third_Party/FreeRTOS-Plus-TCP/FreeRTOS_IP.o
 .rodata.xBufferAllocFixedSize
                0x000000000800d1a0        0x4 Middlewares/Third_Party/FreeRTOS-Plus-TCP/portable/BufferManagement/BufferAllocation_2.o
                0x000000000800d1a0                xBufferAllocFixedSize
 .rodata.xPHYProperties
                0x000000000800d1a4        0x4 Middlewares/Third_Party/FreeRTOS-Plus-TCP/portable/NetworkInterface/STM32Fxx/NetworkInterface.o
                0x000000000800d1a4                xPHYProperties
                0x000000000800d1a8                . = ALIGN (0x4)

.ARM.extab      0x000000000800d1a8        0x0
                0x000000000800d1a8                . = ALIGN (0x4)
 *(.ARM.extab* .gnu.linkonce.armextab.*)
                0x000000000800d1a8                . = ALIGN (0x4)

.ARM            0x000000000800d1a8        0x8
                0x000000000800d1a8                . = ALIGN (0x4)
                0x000000000800d1a8                __exidx_start = .
 *(.ARM.exidx*)
 .ARM.exidx     0x000000000800d1a8        0x8 c:/st/stm32cubeide_1.5.0/stm32cubeide/plugins/com.st.stm32cube.ide.mcu.externaltools.gnu-tools-for-stm32.7-2018-q2-update.win32_1.5.0.202011040924/tools/bin/../lib/gcc/arm-none-eabi/7.3.1/thumb/v7e-m/fpv4-sp/hard\libgcc.a(_udivmoddi4.o)
                0x000000000800d1b0                __exidx_end = .
                0x000000000800d1b0                . = ALIGN (0x4)

.rel.dyn        0x000000000800d1b0        0x0
 .rel.iplt      0x000000000800d1b0        0x0 c:/st/stm32cubeide_1.5.0/stm32cubeide/plugins/com.st.stm32cube.ide.mcu.externaltools.gnu-tools-for-stm32.7-2018-q2-update.win32_1.5.0.202011040924/tools/bin/../lib/gcc/arm-none-eabi/7.3.1/thumb/v7e-m/fpv4-sp/hard/crtbegin.o

.preinit_array  0x000000000800d1b0        0x0
                0x000000000800d1b0                . = ALIGN (0x4)
                0x000000000800d1b0                PROVIDE (__preinit_array_start = .)
 *(.preinit_array*)
                0x000000000800d1b0                PROVIDE (__preinit_array_end = .)
                0x000000000800d1b0                . = ALIGN (0x4)

.init_array     0x000000000800d1b0        0x4
                0x000000000800d1b0                . = ALIGN (0x4)
                0x000000000800d1b0                PROVIDE (__init_array_start = .)
 *(SORT_BY_NAME(.init_array.*))
 *(.init_array*)
 .init_array    0x000000000800d1b0        0x4 c:/st/stm32cubeide_1.5.0/stm32cubeide/plugins/com.st.stm32cube.ide.mcu.externaltools.gnu-tools-for-stm32.7-2018-q2-update.win32_1.5.0.202011040924/tools/bin/../lib/gcc/arm-none-eabi/7.3.1/thumb/v7e-m/fpv4-sp/hard/crtbegin.o
                0x000000000800d1b4                PROVIDE (__init_array_end = .)
                0x000000000800d1b4                . = ALIGN (0x4)

.fini_array     0x000000000800d1b4        0x4
                0x000000000800d1b4                . = ALIGN (0x4)
                [!provide]                        PROVIDE (__fini_array_start = .)
 *(SORT_BY_NAME(.fini_array.*))
 *(.fini_array*)
 .fini_array    0x000000000800d1b4        0x4 c:/st/stm32cubeide_1.5.0/stm32cubeide/plugins/com.st.stm32cube.ide.mcu.externaltools.gnu-tools-for-stm32.7-2018-q2-update.win32_1.5.0.202011040924/tools/bin/../lib/gcc/arm-none-eabi/7.3.1/thumb/v7e-m/fpv4-sp/hard/crtbegin.o
                [!provide]                        PROVIDE (__fini_array_end = .)
                0x000000000800d1b8                . = ALIGN (0x4)
                0x000000000800d1b8                _sidata = LOADADDR (.data)

.data           0x0000000020000000       0x98 load address 0x000000000800d1b8
                0x0000000020000000                . = ALIGN (0x4)
                0x0000000020000000                _sdata = .
 *(.data)
 *(.data*)
 .data.ucMACAddress
                0x0000000020000000        0x6 Core/Src/main.o
 *fill*         0x0000000020000006        0x2 
 .data.SystemCoreClock
                0x0000000020000008        0x4 Core/Src/system_stm32f4xx.o
                0x0000000020000008                SystemCoreClock
 .data.uwTickPrio
                0x000000002000000c        0x4 Drivers/STM32F4xx_HAL_Driver/Src/stm32f4xx_hal.o
                0x000000002000000c                uwTickPrio
 .data.uwTickFreq
                0x0000000020000010        0x1 Drivers/STM32F4xx_HAL_Driver/Src/stm32f4xx_hal.o
                0x0000000020000010                uwTickFreq
 *fill*         0x0000000020000011        0x3 
 .data.uxCriticalNesting
                0x0000000020000014        0x4 Middlewares/Third_Party/FreeRTOS/Source/portable/GCC/ARM_CM4F/port.o
 .data.xDefaultPartUDPPacketHeader
                0x0000000020000018       0x18 Middlewares/Third_Party/FreeRTOS-Plus-TCP/FreeRTOS_UDP_IP.o
                0x0000000020000018                xDefaultPartUDPPacketHeader
 .data.uxLowestSemCount.11348
                0x0000000020000030        0x4 Middlewares/Third_Party/FreeRTOS-Plus-TCP/portable/NetworkInterface/STM32Fxx/NetworkInterface.o
 .data._impure_ptr
                0x0000000020000034        0x4 c:/st/stm32cubeide_1.5.0/stm32cubeide/plugins/com.st.stm32cube.ide.mcu.externaltools.gnu-tools-for-stm32.7-2018-q2-update.win32_1.5.0.202011040924/tools/bin/../lib/gcc/arm-none-eabi/7.3.1/../../../../arm-none-eabi/lib/thumb/v7e-m/fpv4-sp/hard\libc_nano.a(lib_a-impure.o)
                0x0000000020000034                _impure_ptr
 .data.impure_data
                0x0000000020000038       0x60 c:/st/stm32cubeide_1.5.0/stm32cubeide/plugins/com.st.stm32cube.ide.mcu.externaltools.gnu-tools-for-stm32.7-2018-q2-update.win32_1.5.0.202011040924/tools/bin/../lib/gcc/arm-none-eabi/7.3.1/../../../../arm-none-eabi/lib/thumb/v7e-m/fpv4-sp/hard\libc_nano.a(lib_a-impure.o)
                0x0000000020000098                . = ALIGN (0x4)
                0x0000000020000098                _edata = .

.igot.plt       0x0000000020000098        0x0 load address 0x000000000800d250
 .igot.plt      0x0000000020000098        0x0 c:/st/stm32cubeide_1.5.0/stm32cubeide/plugins/com.st.stm32cube.ide.mcu.externaltools.gnu-tools-for-stm32.7-2018-q2-update.win32_1.5.0.202011040924/tools/bin/../lib/gcc/arm-none-eabi/7.3.1/thumb/v7e-m/fpv4-sp/hard/crtbegin.o
                0x0000000020000098                . = ALIGN (0x4)

.bss            0x00000000200000a0     0x4aa4 load address 0x000000000800d250
                0x00000000200000a0                _sbss = .
                0x00000000200000a0                __bss_start__ = _sbss
 *(.bss)
 .bss           0x00000000200000a0       0x1c c:/st/stm32cubeide_1.5.0/stm32cubeide/plugins/com.st.stm32cube.ide.mcu.externaltools.gnu-tools-for-stm32.7-2018-q2-update.win32_1.5.0.202011040924/tools/bin/../lib/gcc/arm-none-eabi/7.3.1/thumb/v7e-m/fpv4-sp/hard/crtbegin.o
 *(.bss*)
 .bss.xIdleTaskTCBBuffer
                0x00000000200000bc       0x54 Core/Src/freertos.o
 .bss.xIdleStack
                0x0000000020000110      0x200 Core/Src/freertos.o
 .bss.xTasksAlreadyCreated.9546
                0x0000000020000310        0x4 Core/Src/main.o
 .bss.__sbrk_heap_end
                0x0000000020000314        0x4 Core/Src/sysmem.o
 .bss.pxCurrentTCB
                0x0000000020000318        0x4 Middlewares/Third_Party/FreeRTOS/Source/tasks.o
                0x0000000020000318                pxCurrentTCB
 .bss.pxReadyTasksLists
                0x000000002000031c       0x8c Middlewares/Third_Party/FreeRTOS/Source/tasks.o
 .bss.xDelayedTaskList1
                0x00000000200003a8       0x14 Middlewares/Third_Party/FreeRTOS/Source/tasks.o
 .bss.xDelayedTaskList2
                0x00000000200003bc       0x14 Middlewares/Third_Party/FreeRTOS/Source/tasks.o
 .bss.pxDelayedTaskList
                0x00000000200003d0        0x4 Middlewares/Third_Party/FreeRTOS/Source/tasks.o
 .bss.pxOverflowDelayedTaskList
                0x00000000200003d4        0x4 Middlewares/Third_Party/FreeRTOS/Source/tasks.o
 .bss.xPendingReadyList
                0x00000000200003d8       0x14 Middlewares/Third_Party/FreeRTOS/Source/tasks.o
 .bss.xTasksWaitingTermination
                0x00000000200003ec       0x14 Middlewares/Third_Party/FreeRTOS/Source/tasks.o
 .bss.uxDeletedTasksWaitingCleanUp
                0x0000000020000400        0x4 Middlewares/Third_Party/FreeRTOS/Source/tasks.o
 .bss.xSuspendedTaskList
                0x0000000020000404       0x14 Middlewares/Third_Party/FreeRTOS/Source/tasks.o
 .bss.uxCurrentNumberOfTasks
                0x0000000020000418        0x4 Middlewares/Third_Party/FreeRTOS/Source/tasks.o
 .bss.xTickCount
                0x000000002000041c        0x4 Middlewares/Third_Party/FreeRTOS/Source/tasks.o
 .bss.uxTopReadyPriority
                0x0000000020000420        0x4 Middlewares/Third_Party/FreeRTOS/Source/tasks.o
 .bss.xSchedulerRunning
                0x0000000020000424        0x4 Middlewares/Third_Party/FreeRTOS/Source/tasks.o
 .bss.uxPendedTicks
                0x0000000020000428        0x4 Middlewares/Third_Party/FreeRTOS/Source/tasks.o
 .bss.xYieldPending
                0x000000002000042c        0x4 Middlewares/Third_Party/FreeRTOS/Source/tasks.o
 .bss.xNumOfOverflows
                0x0000000020000430        0x4 Middlewares/Third_Party/FreeRTOS/Source/tasks.o
 .bss.uxTaskNumber
                0x0000000020000434        0x4 Middlewares/Third_Party/FreeRTOS/Source/tasks.o
 .bss.xNextTaskUnblockTime
                0x0000000020000438        0x4 Middlewares/Third_Party/FreeRTOS/Source/tasks.o
 .bss.xIdleTaskHandle
                0x000000002000043c        0x4 Middlewares/Third_Party/FreeRTOS/Source/tasks.o
 .bss.uxSchedulerSuspended
                0x0000000020000440        0x4 Middlewares/Third_Party/FreeRTOS/Source/tasks.o
 .bss.ucMaxSysCallPriority
                0x0000000020000444        0x1 Middlewares/Third_Party/FreeRTOS/Source/portable/GCC/ARM_CM4F/port.o
 *fill*         0x0000000020000445        0x3 
 .bss.ulMaxPRIGROUPValue
                0x0000000020000448        0x4 Middlewares/Third_Party/FreeRTOS/Source/portable/GCC/ARM_CM4F/port.o
 .bss.ucHeap    0x000000002000044c     0x3c00 Middlewares/Third_Party/FreeRTOS/Source/portable/MemMang/heap_4.o
 .bss.xStart    0x000000002000404c        0x8 Middlewares/Third_Party/FreeRTOS/Source/portable/MemMang/heap_4.o
 .bss.pxEnd     0x0000000020004054        0x4 Middlewares/Third_Party/FreeRTOS/Source/portable/MemMang/heap_4.o
 .bss.xFreeBytesRemaining
                0x0000000020004058        0x4 Middlewares/Third_Party/FreeRTOS/Source/portable/MemMang/heap_4.o
 .bss.xMinimumEverFreeBytesRemaining
                0x000000002000405c        0x4 Middlewares/Third_Party/FreeRTOS/Source/portable/MemMang/heap_4.o
 .bss.xBlockAllocatedBit
                0x0000000020004060        0x4 Middlewares/Third_Party/FreeRTOS/Source/portable/MemMang/heap_4.o
 .bss.xARPCache
                0x0000000020004064       0x78 Middlewares/Third_Party/FreeRTOS-Plus-TCP/FreeRTOS_ARP.o
 .bss.xLastGratuitousARPTime
                0x00000000200040dc        0x4 Middlewares/Third_Party/FreeRTOS-Plus-TCP/FreeRTOS_ARP.o
 .bss.xNetworkEventQueue
                0x00000000200040e0        0x4 Middlewares/Third_Party/FreeRTOS-Plus-TCP/FreeRTOS_IP.o
                0x00000000200040e0                xNetworkEventQueue
 .bss.usPacketIdentifier
                0x00000000200040e4        0x2 Middlewares/Third_Party/FreeRTOS-Plus-TCP/FreeRTOS_IP.o
                0x00000000200040e4                usPacketIdentifier
 *fill*         0x00000000200040e6        0x2 
 .bss.xNetworkAddressing
                0x00000000200040e8       0x14 Middlewares/Third_Party/FreeRTOS-Plus-TCP/FreeRTOS_IP.o
                0x00000000200040e8                xNetworkAddressing
 .bss.xDefaultAddressing
                0x00000000200040fc       0x14 Middlewares/Third_Party/FreeRTOS-Plus-TCP/FreeRTOS_IP.o
                0x00000000200040fc                xDefaultAddressing
 .bss.xNetworkDownEventPending
                0x0000000020004110        0x4 Middlewares/Third_Party/FreeRTOS-Plus-TCP/FreeRTOS_IP.o
 .bss.xIPTaskHandle
                0x0000000020004114        0x4 Middlewares/Third_Party/FreeRTOS-Plus-TCP/FreeRTOS_IP.o
 .bss.xProcessedTCPMessage
                0x0000000020004118        0x4 Middlewares/Third_Party/FreeRTOS-Plus-TCP/FreeRTOS_IP.o
 .bss.xNetworkUp