Archive member included to satisfy reference by file (symbol)

c:/st/stm32cubeide_1.5.0/stm32cubeide/plugins/com.st.stm32cube.ide.mcu.externaltools.gnu-tools-for-stm32.7-2018-q2-update.win32_1.5.0.202011040924/tools/bin/../lib/gcc/arm-none-eabi/7.3.1/../../../../arm-none-eabi/lib/thumb/v7e-m/fpv4-sp/hard\libc_nano.a(lib_a-errno.o)
                              Core/Src/syscalls.o (__errno)
c:/st/stm32cubeide_1.5.0/stm32cubeide/plugins/com.st.stm32cube.ide.mcu.externaltools.gnu-tools-for-stm32.7-2018-q2-update.win32_1.5.0.202011040924/tools/bin/../lib/gcc/arm-none-eabi/7.3.1/../../../../arm-none-eabi/lib/thumb/v7e-m/fpv4-sp/hard\libc_nano.a(lib_a-exit.o)
                              c:/st/stm32cubeide_1.5.0/stm32cubeide/plugins/com.st.stm32cube.ide.mcu.externaltools.gnu-tools-for-stm32.7-2018-q2-update.win32_1.5.0.202011040924/tools/bin/../lib/gcc/arm-none-eabi/7.3.1/../../../../arm-none-eabi/lib/thumb/v7e-m/fpv4-sp/hard/crt0.o (exit)
c:/st/stm32cubeide_1.5.0/stm32cubeide/plugins/com.st.stm32cube.ide.mcu.externaltools.gnu-tools-for-stm32.7-2018-q2-update.win32_1.5.0.202011040924/tools/bin/../lib/gcc/arm-none-eabi/7.3.1/../../../../arm-none-eabi/lib/thumb/v7e-m/fpv4-sp/hard\libc_nano.a(lib_a-impure.o)
                              c:/st/stm32cubeide_1.5.0/stm32cubeide/plugins/com.st.stm32cube.ide.mcu.externaltools.gnu-tools-for-stm32.7-2018-q2-update.win32_1.5.0.202011040924/tools/bin/../lib/gcc/arm-none-eabi/7.3.1/../../../../arm-none-eabi/lib/thumb/v7e-m/fpv4-sp/hard\libc_nano.a(lib_a-exit.o) (_global_impure_ptr)
c:/st/stm32cubeide_1.5.0/stm32cubeide/plugins/com.st.stm32cube.ide.mcu.externaltools.gnu-tools-for-stm32.7-2018-q2-update.win32_1.5.0.202011040924/tools/bin/../lib/gcc/arm-none-eabi/7.3.1/../../../../arm-none-eabi/lib/thumb/v7e-m/fpv4-sp/hard\libc_nano.a(lib_a-init.o)
                              c:/st/stm32cubeide_1.5.0/stm32cubeide/plugins/com.st.stm32cube.ide.mcu.externaltools.gnu-tools-for-stm32.7-2018-q2-update.win32_1.5.0.202011040924/tools/bin/../lib/gcc/arm-none-eabi/7.3.1/../../../../arm-none-eabi/lib/thumb/v7e-m/fpv4-sp/hard/crt0.o (__libc_init_array)
c:/st/stm32cubeide_1.5.0/stm32cubeide/plugins/com.st.stm32cube.ide.mcu.externaltools.gnu-tools-for-stm32.7-2018-q2-update.win32_1.5.0.202011040924/tools/bin/../lib/gcc/arm-none-eabi/7.3.1/../../../../arm-none-eabi/lib/thumb/v7e-m/fpv4-sp/hard\libc_nano.a(lib_a-memcmp.o)
                              Middlewares/Third_Party/FreeRTOS-Plus-TCP/FreeRTOS_ARP.o (memcmp)
c:/st/stm32cubeide_1.5.0/stm32cubeide/plugins/com.st.stm32cube.ide.mcu.externaltools.gnu-tools-for-stm32.7-2018-q2-update.win32_1.5.0.202011040924/tools/bin/../lib/gcc/arm-none-eabi/7.3.1/../../../../arm-none-eabi/lib/thumb/v7e-m/fpv4-sp/hard\libc_nano.a(lib_a-memcpy-stub.o)
                              Middlewares/Third_Party/FreeRTOS/Source/queue.o (memcpy)
c:/st/stm32cubeide_1.5.0/stm32cubeide/plugins/com.st.stm32cube.ide.mcu.externaltools.gnu-tools-for-stm32.7-2018-q2-update.win32_1.5.0.202011040924/tools/bin/../lib/gcc/arm-none-eabi/7.3.1/../../../../arm-none-eabi/lib/thumb/v7e-m/fpv4-sp/hard\libc_nano.a(lib_a-memmove.o)
                              Middlewares/Third_Party/FreeRTOS-Plus-TCP/FreeRTOS_IP.o (memmove)
c:/st/stm32cubeide_1.5.0/stm32cubeide/plugins/com.st.stm32cube.ide.mcu.externaltools.gnu-tools-for-stm32.7-2018-q2-update.win32_1.5.0.202011040924/tools/bin/../lib/gcc/arm-none-eabi/7.3.1/../../../../arm-none-eabi/lib/thumb/v7e-m/fpv4-sp/hard\libc_nano.a(lib_a-memset.o)
                              c:/st/stm32cubeide_1.5.0/stm32cubeide/plugins/com.st.stm32cube.ide.mcu.externaltools.gnu-tools-for-stm32.7-2018-q2-update.win32_1.5.0.202011040924/tools/bin/../lib/gcc/arm-none-eabi/7.3.1/../../../../arm-none-eabi/lib/thumb/v7e-m/fpv4-sp/hard/crt0.o (memset)
c:/st/stm32cubeide_1.5.0/stm32cubeide/plugins/com.st.stm32cube.ide.mcu.externaltools.gnu-tools-for-stm32.7-2018-q2-update.win32_1.5.0.202011040924/tools/bin/../lib/gcc/arm-none-eabi/7.3.1/../../../../arm-none-eabi/lib/thumb/v7e-m/fpv4-sp/hard\libc_nano.a(lib_a-rand.o)
                              Middlewares/Third_Party/FreeRTOS-Plus-TCP/portable/NetworkInterface/STM32Fxx/NetworkInterface.o (rand)
c:/st/stm32cubeide_1.5.0/stm32cubeide/plugins/com.st.stm32cube.ide.mcu.externaltools.gnu-tools-for-stm32.7-2018-q2-update.win32_1.5.0.202011040924/tools/bin/../lib/gcc/arm-none-eabi/7.3.1/../../../../arm-none-eabi/lib/thumb/v7e-m/fpv4-sp/hard\libc_nano.a(lib_a-snprintf.o)
                              Middlewares/Third_Party/FreeRTOS-Plus-TCP/FreeRTOS_IP.o (snprintf)
c:/st/stm32cubeide_1.5.0/stm32cubeide/plugins/com.st.stm32cube.ide.mcu.externaltools.gnu-tools-for-stm32.7-2018-q2-update.win32_1.5.0.202011040924/tools/bin/../lib/gcc/arm-none-eabi/7.3.1/../../../../arm-none-eabi/lib/thumb/v7e-m/fpv4-sp/hard\libc_nano.a(lib_a-strcpy.o)
                              Middlewares/Third_Party/FreeRTOS-Plus-TCP/FreeRTOS_DNS.o (strcpy)
[...]
Memory Configuration

Name             Origin             Length             Attributes
CCMRAM           0x0000000010000000 0x0000000000010000 xrw
RAM              0x0000000020000000 0x0000000000020000 xrw
FLASH            0x0000000008000000 0x0000000000100000 xr
*default*        0x0000000000000000 0xffffffffffffffff

Linker script and memory map

LOAD c:/st/stm32cubeide_1.5.0/stm32cubeide/plugins/com.st.stm32cube.ide.mcu.externaltools.gnu-tools-for-stm32.7-2018-q2-update.win32_1.5.0.202011040924/tools/bin/../lib/gcc/arm-none-eabi/7.3.1/thumb/v7e-m/fpv4-sp/hard/crti.o
LOAD c:/st/stm32cubeide_1.5.0/stm32cubeide/plugins/com.st.stm32cube.ide.mcu.externaltools.gnu-tools-for-stm32.7-2018-q2-update.win32_1.5.0.202011040924/tools/bin/../lib/gcc/arm-none-eabi/7.3.1/thumb/v7e-m/fpv4-sp/hard/crtbegin.o
LOAD c:/st/stm32cubeide_1.5.0/stm32cubeide/plugins/com.st.stm32cube.ide.mcu.externaltools.gnu-tools-for-stm32.7-2018-q2-update.win32_1.5.0.202011040924/tools/bin/../lib/gcc/arm-none-eabi/7.3.1/../../../../arm-none-eabi/lib/thumb/v7e-m/fpv4-sp/hard/crt0.o
LOAD Core/Src/freertos.o
LOAD Core/Src/main.o
LOAD Core/Src/stm32f4xx_hal_msp.o
LOAD Core/Src/stm32f4xx_hal_timebase_tim.o
LOAD Core/Src/stm32f4xx_it.o
LOAD Core/Src/syscalls.o
LOAD Core/Src/sysmem.o
LOAD Core/Src/system_stm32f4xx.o
LOAD Core/Startup/startup_stm32f407igtx.o
LOAD Drivers/STM32F4xx_HAL_Driver/Src/stm32f4xx_hal.o
LOAD Drivers/STM32F4xx_HAL_Driver/Src/stm32f4xx_hal_cortex.o
LOAD Drivers/STM32F4xx_HAL_Driver/Src/stm32f4xx_hal_dma.o
LOAD Drivers/STM32F4xx_HAL_Driver/Src/stm32f4xx_hal_dma_ex.o
LOAD Drivers/STM32F4xx_HAL_Driver/Src/stm32f4xx_hal_eth.o
LOAD Drivers/STM32F4xx_HAL_Driver/Src/stm32f4xx_hal_exti.o
LOAD Drivers/STM32F4xx_HAL_Driver/Src/stm32f4xx_hal_flash.o
LOAD Drivers/STM32F4xx_HAL_Driver/Src/stm32f4xx_hal_flash_ex.o
LOAD Drivers/STM32F4xx_HAL_Driver/Src/stm32f4xx_hal_flash_ramfunc.o
LOAD Drivers/STM32F4xx_HAL_Driver/Src/stm32f4xx_hal_gpio.o
LOAD Drivers/STM32F4xx_HAL_Driver/Src/stm32f4xx_hal_pwr.o
LOAD Drivers/STM32F4xx_HAL_Driver/Src/stm32f4xx_hal_pwr_ex.o
LOAD Drivers/STM32F4xx_HAL_Driver/Src/stm32f4xx_hal_rcc.o
LOAD Drivers/STM32F4xx_HAL_Driver/Src/stm32f4xx_hal_rcc_ex.o
LOAD Drivers/STM32F4xx_HAL_Driver/Src/stm32f4xx_hal_tim.o
LOAD Drivers/STM32F4xx_HAL_Driver/Src/stm32f4xx_hal_tim_ex.o
LOAD Drivers/STM32F4xx_HAL_Driver/Src/stm32f4xx_hal_usart.o
LOAD Middlewares/Third_Party/FreeRTOS/Source/CMSIS_RTOS/cmsis_os.o
LOAD Middlewares/Third_Party/FreeRTOS/Source/croutine.o
LOAD Middlewares/Third_Party/FreeRTOS/Source/event_groups.o
LOAD Middlewares/Third_Party/FreeRTOS/Source/list.o
LOAD Middlewares/Third_Party/FreeRTOS/Source/queue.o
LOAD Middlewares/Third_Party/FreeRTOS/Source/stream_buffer.o
LOAD Middlewares/Third_Party/FreeRTOS/Source/tasks.o
LOAD Middlewares/Third_Party/FreeRTOS/Source/timers.o
LOAD Middlewares/Third_Party/FreeRTOS/Source/portable/GCC/ARM_CM4F/port.o
LOAD Middlewares/Third_Party/FreeRTOS/Source/portable/MemMang/heap_4.o
LOAD Middlewares/Third_Party/FreeRTOS-Plus-TCP/FreeRTOS_ARP.o
LOAD Middlewares/Third_Party/FreeRTOS-Plus-TCP/FreeRTOS_DHCP.o
LOAD Middlewares/Third_Party/FreeRTOS-Plus-TCP/FreeRTOS_DNS.o
LOAD Middlewares/Third_Party/FreeRTOS-Plus-TCP/FreeRTOS_IP.o
LOAD Middlewares/Third_Party/FreeRTOS-Plus-TCP/FreeRTOS_Sockets.o
LOAD Middlewares/Third_Party/FreeRTOS-Plus-TCP/FreeRTOS_Stream_Buffer.o
LOAD Middlewares/Third_Party/FreeRTOS-Plus-TCP/FreeRTOS_TCP_IP.o
LOAD Middlewares/Third_Party/FreeRTOS-Plus-TCP/FreeRTOS_TCP_WIN.o
LOAD Middlewares/Third_Party/FreeRTOS-Plus-TCP/FreeRTOS_UDP_IP.o
LOAD Middlewares/Third_Party/FreeRTOS-Plus-TCP/portable/BufferManagement/BufferAllocation_2.o
LOAD Middlewares/Third_Party/FreeRTOS-Plus-TCP/portable/NetworkInterface/Common/phyHandling.o
LOAD Middlewares/Third_Party/FreeRTOS-Plus-TCP/portable/NetworkInterface/STM32Fxx/NetworkInterface.o
START GROUP
LOAD c:/st/stm32cubeide_1.5.0/stm32cubeide/plugins/com.st.stm32cube.ide.mcu.externaltools.gnu-tools-for-stm32.7-2018-q2-update.win32_1.5.0.202011040924/tools/bin/../lib/gcc/arm-none-eabi/7.3.1/../../../../arm-none-eabi/lib/thumb/v7e-m/fpv4-sp/hard\libc_nano.a
LOAD c:/st/stm32cubeide_1.5.0/stm32cubeide/plugins/com.st.stm32cube.ide.mcu.externaltools.gnu-tools-for-stm32.7-2018-q2-update.win32_1.5.0.202011040924/tools/bin/../lib/gcc/arm-none-eabi/7.3.1/../../../../arm-none-eabi/lib/thumb/v7e-m/fpv4-sp/hard\libm.a
END GROUP
START GROUP
LOAD c:/st/stm32cubeide_1.5.0/stm32cubeide/plugins/com.st.stm32cube.ide.mcu.externaltools.gnu-tools-for-stm32.7-2018-q2-update.win32_1.5.0.202011040924/tools/bin/../lib/gcc/arm-none-eabi/7.3.1/thumb/v7e-m/fpv4-sp/hard\libgcc.a
LOAD c:/st/stm32cubeide_1.5.0/stm32cubeide/plugins/com.st.stm32cube.ide.mcu.externaltools.gnu-tools-for-stm32.7-2018-q2-update.win32_1.5.0.202011040924/tools/bin/../lib/gcc/arm-none-eabi/7.3.1/../../../../arm-none-eabi/lib/thumb/v7e-m/fpv4-sp/hard\libc_nano.a
END GROUP
START GROUP
LOAD c:/st/stm32cubeide_1.5.0/stm32cubeide/plugins/com.st.stm32cube.ide.mcu.externaltools.gnu-tools-for-stm32.7-2018-q2-update.win32_1.5.0.202011040924/tools/bin/../lib/gcc/arm-none-eabi/7.3.1/thumb/v7e-m/fpv4-sp/hard\libgcc.a
LOAD c:/st/stm32cubeide_1.5.0/stm32cubeide/plugins/com.st.stm32cube.ide.mcu.externaltools.gnu-tools-for-stm32.7-2018-q2-update.win32_1.5.0.202011040924/tools/bin/../lib/gcc/arm-none-eabi/7.3.1/../../../../arm-none-eabi/lib/thumb/v7e-m/fpv4-sp/hard\libc_nano.a
LOAD c:/st/stm32cubeide_1.5.0/stm32cubeide/plugins/com.st.stm32cube.ide.mcu.externaltools.gnu-tools-for-stm32.7-2018-q2-update.win32_1.5.0.202011040924/tools/bin/../lib/gcc/arm-none-eabi/7.3.1/../../../../arm-none-eabi/lib/thumb/v7e-m/fpv4-sp/hard\libnosys.a
END GROUP
START GROUP
LOAD c:/st/stm32cubeide_1.5.0/stm32cubeide/plugins/com.st.stm32cube.ide.mcu.externaltools.gnu-tools-for-stm32.7-2018-q2-update.win32_1.5.0.202011040924/tools/bin/../lib/gcc/arm-none-eabi/7.3.1/thumb/v7e-m/fpv4-sp/hard\libgcc.a
LOAD c:/st/stm32cubeide_1.5.0/stm32cubeide/plugins/com.st.stm32cube.ide.mcu.externaltools.gnu-tools-for-stm32.7-2018-q2-update.win32_1.5.0.202011040924/tools/bin/../lib/gcc/arm-none-eabi/7.3.1/../../../../arm-none-eabi/lib/thumb/v7e-m/fpv4-sp/hard\libc_nano.a
LOAD c:/st/stm32cubeide_1.5.0/stm32cubeide/plugins/com.st.stm32cube.ide.mcu.externaltools.gnu-tools-for-stm32.7-2018-q2-update.win32_1.5.0.202011040924/tools/bin/../lib/gcc/arm-none-eabi/7.3.1/../../../../arm-none-eabi/lib/thumb/v7e-m/fpv4-sp/hard\libnosys.a
END GROUP
LOAD c:/st/stm32cubeide_1.5.0/stm32cubeide/plugins/com.st.stm32cube.ide.mcu.externaltools.gnu-tools-for-stm32.7-2018-q2-update.win32_1.5.0.202011040924/tools/bin/../lib/gcc/arm-none-eabi/7.3.1/thumb/v7e-m/fpv4-sp/hard/crtend.o
LOAD c:/st/stm32cubeide_1.5.0/stm32cubeide/plugins/com.st.stm32cube.ide.mcu.externaltools.gnu-tools-for-stm32.7-2018-q2-update.win32_1.5.0.202011040924/tools/bin/../lib/gcc/arm-none-eabi/7.3.1/thumb/v7e-m/fpv4-sp/hard/crtn.o
                0x0000000020020000                _estack = (ORIGIN (RAM) + LENGTH (RAM))
                0x0000000000000200                _Min_Heap_Size = 0x200
                0x0000000000000400                _Min_Stack_Size = 0x400

.isr_vector     0x0000000008000000      0x188
                0x0000000008000000                . = ALIGN (0x4)
 *(.isr_vector)
 .isr_vector    0x0000000008000000      0x188 Core/Startup/startup_stm32f407igtx.o
                0x0000000008000000                g_pfnVectors
                0x0000000008000188                . = ALIGN (0x4)

.text           0x0000000008000190     0xd784
                0x0000000008000190                . = ALIGN (0x4)
 *(.text)
 .text          0x0000000008000190       0x40 c:/st/stm32cubeide_1.5.0/stm32cubeide/plugins/com.st.stm32cube.ide.mcu.externaltools.gnu-tools-for-stm32.7-2018-q2-update.win32_1.5.0.202011040924/tools/bin/../lib/gcc/arm-none-eabi/7.3.1/thumb/v7e-m/fpv4-sp/hard/crtbegin.o
 .text          0x00000000080001d0       0x10 c:/st/stm32cubeide_1.5.0/stm32cubeide/plugins/com.st.stm32cube.ide.mcu.externaltools.gnu-tools-for-stm32.7-2018-q2-update.win32_1.5.0.202011040924/tools/bin/../lib/gcc/arm-none-eabi/7.3.1/../../../../arm-none-eabi/lib/thumb/v7e-m/fpv4-sp/hard\libc_nano.a(lib_a-strlen.o)
                0x00000000080001d0                strlen
 .text          0x00000000080001e0       0x30 c:/st/stm32cubeide_1.5.0/stm32cubeide/plugins/com.st.stm32cube.ide.mcu.externaltools.gnu-tools-for-stm32.7-2018-q2-update.win32_1.5.0.202011040924/tools/bin/../lib/gcc/arm-none-eabi/7.3.1/thumb/v7e-m/fpv4-sp/hard\libgcc.a(_aeabi_uldivmod.o)
                0x00000000080001e0                __aeabi_uldivmod
 .text          0x0000000008000210      0x2cc c:/st/stm32cubeide_1.5.0/stm32cubeide/plugins/com.st.stm32cube.ide.mcu.externaltools.gnu-tools-for-stm32.7-2018-q2-update.win32_1.5.0.202011040924/tools/bin/../lib/gcc/arm-none-eabi/7.3.1/thumb/v7e-m/fpv4-sp/hard\libgcc.a(_udivmoddi4.o)
                0x0000000008000210                __udivmoddi4
 .text          0x00000000080004dc        0x4 c:/st/stm32cubeide_1.5.0/stm32cubeide/plugins/com.st.stm32cube.ide.mcu.externaltools.gnu-tools-for-stm32.7-2018-q2-update.win32_1.5.0.202011040924/tools/bin/../lib/gcc/arm-none-eabi/7.3.1/thumb/v7e-m/fpv4-sp/hard\libgcc.a(_dvmd_tls.o)
                0x00000000080004dc                __aeabi_idiv0
                0x00000000080004dc                __aeabi_ldiv0
 *(.text*)
 .text.vApplicationGetIdleTaskMemory
                0x00000000080004e0       0x34 Core/Src/freertos.o
                0x00000000080004e0                vApplicationGetIdleTaskMemory
 .text.main     0x0000000008000514       0xcc Core/Src/main.o
                0x0000000008000514                main
 .text.SystemClock_Config
                0x00000000080005e0       0xd4 Core/Src/main.o
                0x00000000080005e0                SystemClock_Config
 .text.MX_ETH_Init
                0x00000000080006b4       0x90 Core/Src/main.o
 .text.MX_GPIO_Init
                0x0000000008000744       0x88 Core/Src/main.o
 .text.USART6_Init
                0x00000000080007cc       0x40 Core/Src/main.o
 .text.MX_USART6_UART_Init
                0x000000000800080c       0x88 Core/Src/main.o
 .text.vApplicationIPNetworkEventHook
                0x0000000008000894       0x78 Core/Src/main.o
                0x0000000008000894                vApplicationIPNetworkEventHook
 .text.vTask1_handler
                0x000000000800090c       0x78 Core/Src/main.o
                0x000000000800090c                vTask1_handler
 .text.vTask2_handler
                0x0000000008000984       0x84 Core/Src/main.o
                0x0000000008000984                vTask2_handler
 .text.HAL_TIM_PeriodElapsedCallback
                0x0000000008000a08       0x30 Core/Src/main.o
                0x0000000008000a08                HAL_TIM_PeriodElapsedCallback
 .text.Error_Handler
                0x0000000008000a38        0x8 Core/Src/main.o
                0x0000000008000a38                Error_Handler
 .text.HAL_MspInit
                0x0000000008000a40       0x58 Core/Src/stm32f4xx_hal_msp.o
                0x0000000008000a40                HAL_MspInit
 .text.HAL_ETH_MspInit
                0x0000000008000a98      0x15c Core/Src/stm32f4xx_hal_msp.o
                0x0000000008000a98                HAL_ETH_MspInit
 .text.HAL_InitTick
                0x0000000008000bf4       0xb4 Core/Src/stm32f4xx_hal_timebase_tim.o
                0x0000000008000bf4                HAL_InitTick
 .text.NMI_Handler
                0x0000000008000ca8        0x6 Core/Src/stm32f4xx_it.o
                0x0000000008000ca8                NMI_Handler
 .text.HardFault_Handler
                0x0000000008000cae        0x6 Core/Src/stm32f4xx_it.o
                0x0000000008000cae                HardFault_Handler
 .text.MemManage_Handler
                0x0000000008000cb4        0x6 Core/Src/stm32f4xx_it.o
                0x0000000008000cb4                MemManage_Handler
 .text.BusFault_Handler
                0x0000000008000cba        0x6 Core/Src/stm32f4xx_it.o
                0x0000000008000cba                BusFault_Handler
 .text.UsageFault_Handler
                0x0000000008000cc0        0x6 Core/Src/stm32f4xx_it.o
                0x0000000008000cc0                UsageFault_Handler
 .text.DebugMon_Handler
                0x0000000008000cc6        0xe Core/Src/stm32f4xx_it.o
                0x0000000008000cc6                DebugMon_Handler
 .text.TIM6_DAC_IRQHandler
                0x0000000008000cd4       0x14 Core/Src/stm32f4xx_it.o
                0x0000000008000cd4                TIM6_DAC_IRQHandler
 .text.ETH_IRQHandler
                0x0000000008000ce8       0x14 Core/Src/stm32f4xx_it.o
                0x0000000008000ce8                ETH_IRQHandler
 .text._sbrk    0x0000000008000cfc       0x6c Core/Src/sysmem.o
                0x0000000008000cfc                _sbrk
 .text.SystemInit
                0x0000000008000d68       0x2c Core/Src/system_stm32f4xx.o
                0x0000000008000d68                SystemInit
 .text.Reset_Handler
                0x0000000008000d94       0x50 Core/Startup/startup_stm32f407igtx.o
                0x0000000008000d94                Reset_Handler
 .text.Default_Handler
                0x0000000008000de4        0x2 Core/Startup/startup_stm32f407igtx.o
                0x0000000008000de4                RTC_Alarm_IRQHandler
                0x0000000008000de4                HASH_RNG_IRQHandler
                0x0000000008000de4                EXTI2_IRQHandler
                0x0000000008000de4                TIM8_CC_IRQHandler
                0x0000000008000de4                TIM1_CC_IRQHandler
                0x0000000008000de4                DMA2_Stream5_IRQHandler
                0x0000000008000de4                DMA1_Stream5_IRQHandler
                0x0000000008000de4                PVD_IRQHandler
                0x0000000008000de4                SDIO_IRQHandler
                0x0000000008000de4                TAMP_STAMP_IRQHandler
                0x0000000008000de4                CAN2_RX1_IRQHandler
                0x0000000008000de4                EXTI3_IRQHandler
                0x0000000008000de4                TIM8_TRG_COM_TIM14_IRQHandler
                0x0000000008000de4                TIM1_UP_TIM10_IRQHandler
                0x0000000008000de4                TIM8_UP_TIM13_IRQHandler
                0x0000000008000de4                I2C3_ER_IRQHandler
                0x0000000008000de4                EXTI0_IRQHandler
                0x0000000008000de4                I2C2_EV_IRQHandler
                0x0000000008000de4                DMA1_Stream2_IRQHandler
                0x0000000008000de4                CAN1_RX0_IRQHandler
                0x0000000008000de4                FPU_IRQHandler
                0x0000000008000de4                OTG_HS_WKUP_IRQHandler
                0x0000000008000de4                CAN2_SCE_IRQHandler
                0x0000000008000de4                DMA2_Stream2_IRQHandler
                0x0000000008000de4                SPI1_IRQHandler
                0x0000000008000de4                TIM1_BRK_TIM9_IRQHandler
                0x0000000008000de4                DCMI_IRQHandler
                0x0000000008000de4                CAN2_RX0_IRQHandler
                0x0000000008000de4                DMA2_Stream3_IRQHandler
                0x0000000008000de4                USART6_IRQHandler
                0x0000000008000de4                USART3_IRQHandler
                0x0000000008000de4                CAN1_RX1_IRQHandler
                0x0000000008000de4                UART5_IRQHandler
                0x0000000008000de4                DMA2_Stream0_IRQHandler
                0x0000000008000de4                TIM4_IRQHandler
                0x0000000008000de4                I2C1_EV_IRQHandler
                0x0000000008000de4                DMA1_Stream6_IRQHandler
                0x0000000008000de4                DMA1_Stream1_IRQHandler
                0x0000000008000de4                UART4_IRQHandler
                0x0000000008000de4                TIM3_IRQHandler
                0x0000000008000de4                RCC_IRQHandler
                0x0000000008000de4                TIM8_BRK_TIM12_IRQHandler
                0x0000000008000de4                Default_Handler
                0x0000000008000de4                EXTI15_10_IRQHandler
                0x0000000008000de4                ADC_IRQHandler
                0x0000000008000de4                DMA1_Stream7_IRQHandler
                0x0000000008000de4                TIM7_IRQHandler
                0x0000000008000de4                CAN2_TX_IRQHandler
                0x0000000008000de4                TIM5_IRQHandler
                0x0000000008000de4                DMA2_Stream7_IRQHandler
                0x0000000008000de4                I2C3_EV_IRQHandler
                0x0000000008000de4                EXTI9_5_IRQHandler
                0x0000000008000de4                RTC_WKUP_IRQHandler
                0x0000000008000de4                ETH_WKUP_IRQHandler
                0x0000000008000de4                SPI2_IRQHandler
                0x0000000008000de4                OTG_HS_EP1_IN_IRQHandler
                0x0000000008000de4                DMA1_Stream0_IRQHandler
                0x0000000008000de4                CAN1_TX_IRQHandler
                0x0000000008000de4                EXTI4_IRQHandler
                0x0000000008000de4                FSMC_IRQHandler
                0x0000000008000de4                OTG_HS_EP1_OUT_IRQHandler
                0x0000000008000de4                WWDG_IRQHandler
                0x0000000008000de4                TIM2_IRQHandler
                0x0000000008000de4                OTG_FS_WKUP_IRQHandler
                0x0000000008000de4                TIM1_TRG_COM_TIM11_IRQHandler
                0x0000000008000de4                OTG_HS_IRQHandler
                0x0000000008000de4                EXTI1_IRQHandler
                0x0000000008000de4                USART2_IRQHandler
                0x0000000008000de4                I2C2_ER_IRQHandler
                0x0000000008000de4                DMA2_Stream1_IRQHandler
                0x0000000008000de4                CAN1_SCE_IRQHandler
                0x0000000008000de4                FLASH_IRQHandler
                0x0000000008000de4                DMA2_Stream4_IRQHandler
                0x0000000008000de4                USART1_IRQHandler
                0x0000000008000de4                OTG_FS_IRQHandler
                0x0000000008000de4                SPI3_IRQHandler
                0x0000000008000de4                DMA1_Stream4_IRQHandler
                0x0000000008000de4                I2C1_ER_IRQHandler
                0x0000000008000de4                DMA2_Stream6_IRQHandler
                0x0000000008000de4                DMA1_Stream3_IRQHandler
 *fill*         0x0000000008000de6        0x2 
 .text.HAL_Init
                0x0000000008000de8       0x44 Drivers/STM32F4xx_HAL_Driver/Src/stm32f4xx_hal.o
                0x0000000008000de8                HAL_Init
 .text.HAL_IncTick
                0x0000000008000e2c       0x28 Drivers/STM32F4xx_HAL_Driver/Src/stm32f4xx_hal.o
                0x0000000008000e2c                HAL_IncTick
 .text.HAL_GetTick
                0x0000000008000e54       0x18 Drivers/STM32F4xx_HAL_Driver/Src/stm32f4xx_hal.o
                0x0000000008000e54                HAL_GetTick
 .text.HAL_Delay
                0x0000000008000e6c       0x44 Drivers/STM32F4xx_HAL_Driver/Src/stm32f4xx_hal.o
                0x0000000008000e6c                HAL_Delay
 .text.__NVIC_SetPriorityGrouping
                0x0000000008000eb0       0x48 Drivers/STM32F4xx_HAL_Driver/Src/stm32f4xx_hal_cortex.o
 .text.__NVIC_GetPriorityGrouping
                0x0000000008000ef8       0x1c Drivers/STM32F4xx_HAL_Driver/Src/stm32f4xx_hal_cortex.o
 .text.__NVIC_EnableIRQ
                0x0000000008000f14       0x3c Drivers/STM32F4xx_HAL_Driver/Src/stm32f4xx_hal_cortex.o
 .text.__NVIC_SetPriority
                0x0000000008000f50       0x54 Drivers/STM32F4xx_HAL_Driver/Src/stm32f4xx_hal_cortex.o
 .text.NVIC_EncodePriority
                0x0000000008000fa4       0x66 Drivers/STM32F4xx_HAL_Driver/Src/stm32f4xx_hal_cortex.o
 .text.HAL_NVIC_SetPriorityGrouping
                0x000000000800100a       0x16 Drivers/STM32F4xx_HAL_Driver/Src/stm32f4xx_hal_cortex.o
                0x000000000800100a                HAL_NVIC_SetPriorityGrouping
 .text.HAL_NVIC_SetPriority
                0x0000000008001020       0x38 Drivers/STM32F4xx_HAL_Driver/Src/stm32f4xx_hal_cortex.o
                0x0000000008001020                HAL_NVIC_SetPriority
 .text.HAL_NVIC_EnableIRQ
                0x0000000008001058       0x1c Drivers/STM32F4xx_HAL_Driver/Src/stm32f4xx_hal_cortex.o
                0x0000000008001058                HAL_NVIC_EnableIRQ
 .text.HAL_ETH_Init
                0x0000000008001074      0x33c Drivers/STM32F4xx_HAL_Driver/Src/stm32f4xx_hal_eth.o
                0x0000000008001074                HAL_ETH_Init
 .text.HAL_ETH_IRQHandler
                0x00000000080013b0       0xce Drivers/STM32F4xx_HAL_Driver/Src/stm32f4xx_hal_eth.o
                0x00000000080013b0                HAL_ETH_IRQHandler
 .text.HAL_ETH_ErrorCallback
                0x000000000800147e       0x14 Drivers/STM32F4xx_HAL_Driver/Src/stm32f4xx_hal_eth.o
                0x000000000800147e                HAL_ETH_ErrorCallback
 .text.HAL_ETH_ReadPHYRegister
                0x0000000008001492       0xd0 Drivers/STM32F4xx_HAL_Driver/Src/stm32f4xx_hal_eth.o
                0x0000000008001492                HAL_ETH_ReadPHYRegister
 .text.HAL_ETH_WritePHYRegister
                0x0000000008001562       0xcc Drivers/STM32F4xx_HAL_Driver/Src/stm32f4xx_hal_eth.o
                0x0000000008001562                HAL_ETH_WritePHYRegister
 .text.HAL_ETH_Start
                0x000000000800162e       0x5e Drivers/STM32F4xx_HAL_Driver/Src/stm32f4xx_hal_eth.o
                0x000000000800162e                HAL_ETH_Start
 .text.HAL_ETH_Stop
                0x000000000800168c       0x5e Drivers/STM32F4xx_HAL_Driver/Src/stm32f4xx_hal_eth.o
                0x000000000800168c                HAL_ETH_Stop
 *fill*         0x00000000080016ea        0x2 
 .text.HAL_ETH_ConfigMAC
                0x00000000080016ec      0x1f4 Drivers/STM32F4xx_HAL_Driver/Src/stm32f4xx_hal_eth.o
                0x00000000080016ec                HAL_ETH_ConfigMAC
 .text.ETH_MACDMAConfig
                0x00000000080018e0      0x394 Drivers/STM32F4xx_HAL_Driver/Src/stm32f4xx_hal_eth.o
 .text.ETH_MACAddressConfig
                0x0000000008001c74       0x70 Drivers/STM32F4xx_HAL_Driver/Src/stm32f4xx_hal_eth.o
 .text.ETH_MACTransmissionEnable
                0x0000000008001ce4       0x3a Drivers/STM32F4xx_HAL_Driver/Src/stm32f4xx_hal_eth.o
 .text.ETH_MACTransmissionDisable
                0x0000000008001d1e       0x3a Drivers/STM32F4xx_HAL_Driver/Src/stm32f4xx_hal_eth.o
 .text.ETH_MACReceptionEnable
                0x0000000008001d58       0x3a Drivers/STM32F4xx_HAL_Driver/Src/stm32f4xx_hal_eth.o
 .text.ETH_MACReceptionDisable
                0x0000000008001d92       0x3a Drivers/STM32F4xx_HAL_Driver/Src/stm32f4xx_hal_eth.o
 .text.ETH_DMATransmissionEnable
                0x0000000008001dcc       0x30 Drivers/STM32F4xx_HAL_Driver/Src/stm32f4xx_hal_eth.o
 .text.ETH_DMATransmissionDisable
                0x0000000008001dfc       0x30 Drivers/STM32F4xx_HAL_Driver/Src/stm32f4xx_hal_eth.o
 .text.ETH_DMAReceptionEnable
                0x0000000008001e2c       0x30 Drivers/STM32F4xx_HAL_Driver/Src/stm32f4xx_hal_eth.o
 .text.ETH_DMAReceptionDisable
                0x0000000008001e5c       0x30 Drivers/STM32F4xx_HAL_Driver/Src/stm32f4xx_hal_eth.o
 .text.ETH_FlushTransmitFIFO
                0x0000000008001e8c       0x52 Drivers/STM32F4xx_HAL_Driver/Src/stm32f4xx_hal_eth.o
 *fill*         0x0000000008001ede        0x2 
 .text.ETH_Delay
                0x0000000008001ee0       0x3c Drivers/STM32F4xx_HAL_Driver/Src/stm32f4xx_hal_eth.o
 .text.HAL_GPIO_Init
                0x0000000008001f1c      0x334 Drivers/STM32F4xx_HAL_Driver/Src/stm32f4xx_hal_gpio.o
                0x0000000008001f1c                HAL_GPIO_Init
 .text.HAL_RCC_OscConfig
                0x0000000008002250      0x4e0 Drivers/STM32F4xx_HAL_Driver/Src/stm32f4xx_hal_rcc.o
                0x0000000008002250                HAL_RCC_OscConfig
 .text.HAL_RCC_ClockConfig
                0x0000000008002730      0x1cc Drivers/STM32F4xx_HAL_Driver/Src/stm32f4xx_hal_rcc.o
                0x0000000008002730                HAL_RCC_ClockConfig
 .text.HAL_RCC_GetSysClockFreq
                0x00000000080028fc      0x164 Drivers/STM32F4xx_HAL_Driver/Src/stm32f4xx_hal_rcc.o
                0x00000000080028fc                HAL_RCC_GetSysClockFreq
 .text.HAL_RCC_GetHCLKFreq
                0x0000000008002a60       0x18 Drivers/STM32F4xx_HAL_Driver/Src/stm32f4xx_hal_rcc.o
                0x0000000008002a60                HAL_RCC_GetHCLKFreq
 .text.HAL_RCC_GetPCLK1Freq
                0x0000000008002a78       0x28 Drivers/STM32F4xx_HAL_Driver/Src/stm32f4xx_hal_rcc.o
                0x0000000008002a78                HAL_RCC_GetPCLK1Freq
 .text.HAL_RCC_GetPCLK2Freq
                0x0000000008002aa0       0x28 Drivers/STM32F4xx_HAL_Driver/Src/stm32f4xx_hal_rcc.o
                0x0000000008002aa0                HAL_RCC_GetPCLK2Freq
 .text.HAL_RCC_GetClockConfig
                0x0000000008002ac8       0x64 Drivers/STM32F4xx_HAL_Driver/Src/stm32f4xx_hal_rcc.o
                0x0000000008002ac8                HAL_RCC_GetClockConfig
 .text.HAL_TIM_Base_Init
                0x0000000008002b2c       0x56 Drivers/STM32F4xx_HAL_Driver/Src/stm32f4xx_hal_tim.o
                0x0000000008002b2c                HAL_TIM_Base_Init
 .text.HAL_TIM_Base_MspInit
                0x0000000008002b82       0x14 Drivers/STM32F4xx_HAL_Driver/Src/stm32f4xx_hal_tim.o
                0x0000000008002b82                HAL_TIM_Base_MspInit
 .text.HAL_TIM_Base_Start_IT
                0x0000000008002b96       0x48 Drivers/STM32F4xx_HAL_Driver/Src/stm32f4xx_hal_tim.o
                0x0000000008002b96                HAL_TIM_Base_Start_IT
 .text.HAL_TIM_IRQHandler
                0x0000000008002bde      0x210 Drivers/STM32F4xx_HAL_Driver/Src/stm32f4xx_hal_tim.o
                0x0000000008002bde                HAL_TIM_IRQHandler
 .text.HAL_TIM_OC_DelayElapsedCallback
                0x0000000008002dee       0x14 Drivers/STM32F4xx_HAL_Driver/Src/stm32f4xx_hal_tim.o
                0x0000000008002dee                HAL_TIM_OC_DelayElapsedCallback
 .text.HAL_TIM_IC_CaptureCallback
                0x0000000008002e02       0x14 Drivers/STM32F4xx_HAL_Driver/Src/stm32f4xx_hal_tim.o
                0x0000000008002e02                HAL_TIM_IC_CaptureCallback
 .text.HAL_TIM_PWM_PulseFinishedCallback
                0x0000000008002e16       0x14 Drivers/STM32F4xx_HAL_Driver/Src/stm32f4xx_hal_tim.o
                0x0000000008002e16                HAL_TIM_PWM_PulseFinishedCallback
 .text.HAL_TIM_TriggerCallback
                0x0000000008002e2a       0x14 Drivers/STM32F4xx_HAL_Driver/Src/stm32f4xx_hal_tim.o
                0x0000000008002e2a                HAL_TIM_TriggerCallback
 *fill*         0x0000000008002e3e        0x2 
 .text.TIM_Base_SetConfig
                0x0000000008002e40      0x140 Drivers/STM32F4xx_HAL_Driver/Src/stm32f4xx_hal_tim.o
                0x0000000008002e40                TIM_Base_SetConfig
 .text.HAL_TIMEx_CommutCallback
                0x0000000008002f80       0x14 Drivers/STM32F4xx_HAL_Driver/Src/stm32f4xx_hal_tim_ex.o
                0x0000000008002f80                HAL_TIMEx_CommutCallback
 .text.HAL_TIMEx_BreakCallback
                0x0000000008002f94       0x14 Drivers/STM32F4xx_HAL_Driver/Src/stm32f4xx_hal_tim_ex.o
                0x0000000008002f94                HAL_TIMEx_BreakCallback
 .text.HAL_USART_Init
                0x0000000008002fa8       0x82 Drivers/STM32F4xx_HAL_Driver/Src/stm32f4xx_hal_usart.o
                0x0000000008002fa8                HAL_USART_Init
 .text.HAL_USART_MspInit
                0x000000000800302a       0x14 Drivers/STM32F4xx_HAL_Driver/Src/stm32f4xx_hal_usart.o
                0x000000000800302a                HAL_USART_MspInit
 .text.HAL_USART_Transmit
                0x000000000800303e      0x120 Drivers/STM32F4xx_HAL_Driver/Src/stm32f4xx_hal_usart.o
                0x000000000800303e                HAL_USART_Transmit
 .text.USART_WaitOnFlagUntilTimeout
                0x000000000800315e       0xac Drivers/STM32F4xx_HAL_Driver/Src/stm32f4xx_hal_usart.o
 *fill*         0x000000000800320a        0x2 
 .text.USART_SetConfig
                0x000000000800320c      0x3bc Drivers/STM32F4xx_HAL_Driver/Src/stm32f4xx_hal_usart.o
 .text.osKernelStart
                0x00000000080035c8        0xe Middlewares/Third_Party/FreeRTOS/Source/CMSIS_RTOS/cmsis_os.o
                0x00000000080035c8                osKernelStart
 .text.xEventGroupCreate
                0x00000000080035d6       0x34 Middlewares/Third_Party/FreeRTOS/Source/event_groups.o
                0x00000000080035d6                xEventGroupCreate
 .text.xEventGroupSetBits
                0x000000000800360a      0x112 Middlewares/Third_Party/FreeRTOS/Source/event_groups.o
                0x000000000800360a                xEventGroupSetBits
 .text.vEventGroupDelete
                0x000000000800371c       0x68 Middlewares/Third_Party/FreeRTOS/Source/event_groups.o
                0x000000000800371c                vEventGroupDelete
 .text.vListInitialise
                0x0000000008003784       0x40 Middlewares/Third_Party/FreeRTOS/Source/list.o
                0x0000000008003784                vListInitialise
 .text.vListInitialiseItem
                0x00000000080037c4       0x1a Middlewares/Third_Party/FreeRTOS/Source/list.o
                0x00000000080037c4                vListInitialiseItem
 .text.vListInsertEnd
                0x00000000080037de       0x48 Middlewares/Third_Party/FreeRTOS/Source/list.o
                0x00000000080037de                vListInsertEnd
 .text.vListInsert
                0x0000000008003826       0x72 Middlewares/Third_Party/FreeRTOS/Source/list.o
                0x0000000008003826                vListInsert
 .text.uxListRemove
                0x0000000008003898       0x54 Middlewares/Third_Party/FreeRTOS/Source/list.o
                0x0000000008003898                uxListRemove
 .text.xQueueGenericReset
                0x00000000080038ec       0xd0 Middlewares/Third_Party/FreeRTOS/Source/queue.o
                0x00000000080038ec                xQueueGenericReset
 .text.xQueueGenericCreate
                0x00000000080039bc       0x7e Middlewares/Third_Party/FreeRTOS/Source/queue.o
                0x00000000080039bc                xQueueGenericCreate
 .text.prvInitialiseNewQueue
                0x0000000008003a3a       0x44 Middlewares/Third_Party/FreeRTOS/Source/queue.o
 .text.xQueueCreateCountingSemaphore
                0x0000000008003a7e       0x62 Middlewares/Third_Party/FreeRTOS/Source/queue.o
                0x0000000008003a7e                xQueueCreateCountingSemaphore
 .text.xQueueGenericSend
                0x0000000008003ae0      0x230 Middlewares/Third_Party/FreeRTOS/Source/queue.o
                0x0000000008003ae0                xQueueGenericSend
 .text.xQueueReceive
                0x0000000008003d10      0x1b8 Middlewares/Third_Party/FreeRTOS/Source/queue.o
                0x0000000008003d10                xQueueReceive
 .text.xQueueSemaphoreTake
                0x0000000008003ec8      0x210 Middlewares/Third_Party/FreeRTOS/Source/queue.o
                0x0000000008003ec8                xQueueSemaphoreTake
 .text.uxQueueMessagesWaiting
                0x00000000080040d8       0x3a Middlewares/Third_Party/FreeRTOS/Source/queue.o
                0x00000000080040d8                uxQueueMessagesWaiting
 .text.vQueueDelete
                0x0000000008004112       0x44 Middlewares/Third_Party/FreeRTOS/Source/queue.o
                0x0000000008004112                vQueueDelete
 .text.prvGetDisinheritPriorityAfterTimeout
                0x0000000008004156       0x30 Middlewares/Third_Party/FreeRTOS/Source/queue.o
 .text.prvCopyDataToQueue
                0x0000000008004186       0xd4 Middlewares/Third_Party/FreeRTOS/Source/queue.o
 .text.prvCopyDataFromQueue
                0x000000000800425a       0x4c Middlewares/Third_Party/FreeRTOS/Source/queue.o
 .text.prvUnlockQueue
                0x00000000080042a6       0xc0 Middlewares/Third_Party/FreeRTOS/Source/queue.o
 .text.prvIsQueueEmpty
                0x0000000008004366       0x2c Middlewares/Third_Party/FreeRTOS/Source/queue.o
 .text.prvIsQueueFull
                0x0000000008004392       0x30 Middlewares/Third_Party/FreeRTOS/Source/queue.o
 *fill*         0x00000000080043c2        0x2 
 .text.vQueueAddToRegistry
                0x00000000080043c4       0x50 Middlewares/Third_Party/FreeRTOS/Source/queue.o
                0x00000000080043c4                vQueueAddToRegistry
 .text.vQueueUnregisterQueue
                0x0000000008004414       0x54 Middlewares/Third_Party/FreeRTOS/Source/queue.o
                0x0000000008004414                vQueueUnregisterQueue
 .text.prvNotifyQueueSetContainer
                0x0000000008004468       0xb0 Middlewares/Third_Party/FreeRTOS/Source/queue.o
 .text.xTaskCreateStatic
                0x0000000008004518       0xb4 Middlewares/Third_Party/FreeRTOS/Source/tasks.o
                0x0000000008004518                xTaskCreateStatic
 .text.xTaskCreate
                0x00000000080045cc       0x8a Middlewares/Third_Party/FreeRTOS/Source/tasks.o
                0x00000000080045cc                xTaskCreate
 .text.prvInitialiseNewTask
                0x0000000008004656      0x10c Middlewares/Third_Party/FreeRTOS/Source/tasks.o
 *fill*         0x0000000008004762        0x2 
 .text.prvAddNewTaskToReadyList
                0x0000000008004764       0xd4 Middlewares/Third_Party/FreeRTOS/Source/tasks.o
 .text.vTaskDelay
                0x0000000008004838       0x68 Middlewares/Third_Party/FreeRTOS/Source/tasks.o
                0x0000000008004838                vTaskDelay
 .text.vTaskStartScheduler
                0x00000000080048a0       0xbc Middlewares/Third_Party/FreeRTOS/Source/tasks.o
                0x00000000080048a0                vTaskStartScheduler
 .text.vTaskSuspendAll
                0x000000000800495c       0x1c Middlewares/Third_Party/FreeRTOS/Source/tasks.o
                0x000000000800495c                vTaskSuspendAll
 .text.xTaskResumeAll
                0x0000000008004978      0x138 Middlewares/Third_Party/FreeRTOS/Source/tasks.o
                0x0000000008004978                xTaskResumeAll
 .text.xTaskGetTickCount
                0x0000000008004ab0       0x20 Middlewares/Third_Party/FreeRTOS/Source/tasks.o
                0x0000000008004ab0                xTaskGetTickCount
 .text.xTaskIncrementTick
                0x0000000008004ad0      0x170 Middlewares/Third_Party/FreeRTOS/Source/tasks.o
                0x0000000008004ad0                xTaskIncrementTick
 .text.vTaskSwitchContext
                0x0000000008004c40       0xb4 Middlewares/Third_Party/FreeRTOS/Source/tasks.o
                0x0000000008004c40                vTaskSwitchContext
 .text.vTaskPlaceOnEventList
                0x0000000008004cf4       0x48 Middlewares/Third_Party/FreeRTOS/Source/tasks.o
                0x0000000008004cf4                vTaskPlaceOnEventList
 .text.xTaskRemoveFromEventList
                0x0000000008004d3c       0xc4 Middlewares/Third_Party/FreeRTOS/Source/tasks.o
                0x0000000008004d3c                xTaskRemoveFromEventList
 .text.vTaskRemoveFromUnorderedEventList
                0x0000000008004e00       0xc0 Middlewares/Third_Party/FreeRTOS/Source/tasks.o
                0x0000000008004e00                vTaskRemoveFromUnorderedEventList
 .text.vTaskSetTimeOutState
                0x0000000008004ec0       0x4c Middlewares/Third_Party/FreeRTOS/Source/tasks.o
                0x0000000008004ec0                vTaskSetTimeOutState
 .text.vTaskInternalSetTimeOutState
                0x0000000008004f0c       0x2c Middlewares/Third_Party/FreeRTOS/Source/tasks.o
                0x0000000008004f0c                vTaskInternalSetTimeOutState
 .text.xTaskCheckForTimeOut
                0x0000000008004f38       0xc0 Middlewares/Third_Party/FreeRTOS/Source/tasks.o
                0x0000000008004f38                xTaskCheckForTimeOut
 .text.vTaskMissedYield
                0x0000000008004ff8       0x18 Middlewares/Third_Party/FreeRTOS/Source/tasks.o
                0x0000000008004ff8                vTaskMissedYield
 .text.prvIdleTask
                0x0000000008005010       0x30 Middlewares/Third_Party/FreeRTOS/Source/tasks.o
 .text.prvInitialiseTaskLists
                0x0000000008005040       0x80 Middlewares/Third_Party/FreeRTOS/Source/tasks.o
 .text.prvCheckTasksWaitingTermination
                0x00000000080050c0       0x58 Middlewares/Third_Party/FreeRTOS/Source/tasks.o
 .text.prvDeleteTCB
                0x0000000008005118       0x5c Middlewares/Third_Party/FreeRTOS/Source/tasks.o
 .text.prvResetNextTaskUnblockTime
                0x0000000008005174       0x40 Middlewares/Third_Party/FreeRTOS/Source/tasks.o
 .text.xTaskGetCurrentTaskHandle
                0x00000000080051b4       0x20 Middlewares/Third_Party/FreeRTOS/Source/tasks.o
                0x00000000080051b4                xTaskGetCurrentTaskHandle
 .text.xTaskGetSchedulerState
                0x00000000080051d4       0x3c Middlewares/Third_Party/FreeRTOS/Source/tasks.o
                0x00000000080051d4                xTaskGetSchedulerState
 .text.xTaskPriorityInherit
                0x0000000008005210      0x100 Middlewares/Third_Party/FreeRTOS/Source/tasks.o
                0x0000000008005210                xTaskPriorityInherit
 .text.xTaskPriorityDisinherit
                0x0000000008005310      0x108 Middlewares/Third_Party/FreeRTOS/Source/tasks.o
                0x0000000008005310                xTaskPriorityDisinherit
 .text.vTaskPriorityDisinheritAfterTimeout
                0x0000000008005418      0x130 Middlewares/Third_Party/FreeRTOS/Source/tasks.o
                0x0000000008005418                vTaskPriorityDisinheritAfterTimeout
 .text.pvTaskIncrementMutexHeldCount
                0x0000000008005548       0x28 Middlewares/Third_Party/FreeRTOS/Source/tasks.o
                0x0000000008005548                pvTaskIncrementMutexHeldCount
 .text.ulTaskNotifyTake
                0x0000000008005570       0x90 Middlewares/Third_Party/FreeRTOS/Source/tasks.o
                0x0000000008005570                ulTaskNotifyTake
 .text.vTaskNotifyGiveFromISR
                0x0000000008005600      0x11c Middlewares/Third_Party/FreeRTOS/Source/tasks.o
                0x0000000008005600                vTaskNotifyGiveFromISR
 .text.prvAddCurrentTaskToDelayedList
                0x000000000800571c       0xcc Middlewares/Third_Party/FreeRTOS/Source/tasks.o
 .text.pxPortInitialiseStack
                0x00000000080057e8       0x68 Middlewares/Third_Party/FreeRTOS/Source/portable/GCC/ARM_CM4F/port.o
                0x00000000080057e8                pxPortInitialiseStack
 .text.prvTaskExitError
                0x0000000008005850       0x54 Middlewares/Third_Party/FreeRTOS/Source/portable/GCC/ARM_CM4F/port.o
 *fill*         0x00000000080058a4        0xc 
 .text.SVC_Handler
                0x00000000080058b0       0x28 Middlewares/Third_Party/FreeRTOS/Source/portable/GCC/ARM_CM4F/port.o
                0x00000000080058b0                SVC_Handler
 .text.prvPortStartFirstTask
                0x00000000080058d8       0x28 Middlewares/Third_Party/FreeRTOS/Source/portable/GCC/ARM_CM4F/port.o
 .text.xPortStartScheduler
                0x0000000008005900      0x13c Middlewares/Third_Party/FreeRTOS/Source/portable/GCC/ARM_CM4F/port.o
                0x0000000008005900                xPortStartScheduler
 .text.vPortEnterCritical
                0x0000000008005a3c       0x5c Middlewares/Third_Party/FreeRTOS/Source/portable/GCC/ARM_CM4F/port.o
                0x0000000008005a3c                vPortEnterCritical
 .text.vPortExitCritical
                0x0000000008005a98       0x50 Middlewares/Third_Party/FreeRTOS/Source/portable/GCC/ARM_CM4F/port.o
                0x0000000008005a98                vPortExitCritical
 *fill*         0x0000000008005ae8        0x8 
 .text.PendSV_Handler
                0x0000000008005af0       0x68 Middlewares/Third_Party/FreeRTOS/Source/portable/GCC/ARM_CM4F/port.o
                0x0000000008005af0                PendSV_Handler
 .text.SysTick_Handler
                0x0000000008005b58       0x40 Middlewares/Third_Party/FreeRTOS/Source/portable/GCC/ARM_CM4F/port.o
                0x0000000008005b58                SysTick_Handler
 .text.vPortSetupTimerInterrupt
                0x0000000008005b98       0x48 Middlewares/Third_Party/FreeRTOS/Source/portable/GCC/ARM_CM4F/port.o
                0x0000000008005b98                vPortSetupTimerInterrupt
 .text.vPortEnableVFP
                0x0000000008005be0       0x14 Middlewares/Third_Party/FreeRTOS/Source/portable/GCC/ARM_CM4F/port.o
 .text.vPortValidateInterruptPriority
                0x0000000008005bf4       0x7c Middlewares/Third_Party/FreeRTOS/Source/portable/GCC/ARM_CM4F/port.o
                0x0000000008005bf4                vPortValidateInterruptPriority
 .text.pvPortMalloc
                0x0000000008005c70      0x184 Middlewares/Third_Party/FreeRTOS/Source/portable/MemMang/heap_4.o
                0x0000000008005c70                pvPortMalloc
 .text.vPortFree
                0x0000000008005df4       0xb0 Middlewares/Third_Party/FreeRTOS/Source/portable/MemMang/heap_4.o
                0x0000000008005df4                vPortFree
 .text.prvHeapInit
                0x0000000008005ea4       0xc4 Middlewares/Third_Party/FreeRTOS/Source/portable/MemMang/heap_4.o
 .text.prvInsertBlockIntoFreeList
                0x0000000008005f68       0xb4 Middlewares/Third_Party/FreeRTOS/Source/portable/MemMang/heap_4.o
 .text.vCastPointerTo_ARPPacket_t
                0x000000000800601c       0x16 Middlewares/Third_Party/FreeRTOS-Plus-TCP/FreeRTOS_ARP.o
 *fill*         0x0000000008006032        0x2 
 .text.eARPProcessPacket
                0x0000000008006034      0x124 Middlewares/Third_Party/FreeRTOS-Plus-TCP/FreeRTOS_ARP.o
                0x0000000008006034                eARPProcessPacket
 .text.vARPRefreshCacheEntry
                0x0000000008006158      0x1f0 Middlewares/Third_Party/FreeRTOS-Plus-TCP/FreeRTOS_ARP.o
                0x0000000008006158                vARPRefreshCacheEntry
 .text.eARPGetCacheEntry
                0x0000000008006348       0xd0 Middlewares/Third_Party/FreeRTOS-Plus-TCP/FreeRTOS_ARP.o
                0x0000000008006348                eARPGetCacheEntry
 .text.prvCacheLookup
                0x0000000008006418       0x80 Middlewares/Third_Party/FreeRTOS-Plus-TCP/FreeRTOS_ARP.o
 .text.vARPAgeCache
                0x0000000008006498      0x11c Middlewares/Third_Party/FreeRTOS-Plus-TCP/FreeRTOS_ARP.o
                0x0000000008006498                vARPAgeCache
 .text.FreeRTOS_OutputARPRequest
                0x00000000080065b4       0x62 Middlewares/Third_Party/FreeRTOS-Plus-TCP/FreeRTOS_ARP.o
                0x00000000080065b4                FreeRTOS_OutputARPRequest
 *fill*         0x0000000008006616        0x2 
 .text.vARPGenerateRequestPacket
                0x0000000008006618       0xbc Middlewares/Third_Party/FreeRTOS-Plus-TCP/FreeRTOS_ARP.o
                0x0000000008006618                vARPGenerateRequestPacket
 .text.FreeRTOS_ClearARP
                0x00000000080066d4       0x18 Middlewares/Third_Party/FreeRTOS-Plus-TCP/FreeRTOS_ARP.o
                0x00000000080066d4                FreeRTOS_ClearARP
 .text.vCastPointerTo_EthernetHeader_t
                0x00000000080066ec       0x16 Middlewares/Third_Party/FreeRTOS-Plus-TCP/FreeRTOS_IP.o
 .text.vCastConstPointerTo_EthernetHeader_t
                0x0000000008006702       0x16 Middlewares/Third_Party/FreeRTOS-Plus-TCP/FreeRTOS_IP.o
 .text.vCastPointerTo_ARPPacket_t
                0x0000000008006718       0x16 Middlewares/Third_Party/FreeRTOS-Plus-TCP/FreeRTOS_IP.o
 .text.vCastPointerTo_IPPacket_t
                0x000000000800672e       0x16 Middlewares/Third_Party/FreeRTOS-Plus-TCP/FreeRTOS_IP.o
 .text.vCastConstPointerTo_IPPacket_t
                0x0000000008006744       0x16 Middlewares/Third_Party/FreeRTOS-Plus-TCP/FreeRTOS_IP.o
 .text.vCastPointerTo_ICMPPacket_t
                0x000000000800675a       0x16 Middlewares/Third_Party/FreeRTOS-Plus-TCP/FreeRTOS_IP.o
 .text.vCastConstPointerTo_UDPPacket_t
                0x0000000008006770       0x16 Middlewares/Third_Party/FreeRTOS-Plus-TCP/FreeRTOS_IP.o
 .text.vCastConstPointerTo_ProtocolPacket_t
                0x0000000008006786       0x16 Middlewares/Third_Party/FreeRTOS-Plus-TCP/FreeRTOS_IP.o
 .text.vCastPointerTo_FreeRTOS_Socket_t
                0x000000000800679c       0x16 Middlewares/Third_Party/FreeRTOS-Plus-TCP/FreeRTOS_IP.o
 .text.vCastPointerTo_NetworkBufferDescriptor_t
                0x00000000080067b2       0x16 Middlewares/Third_Party/FreeRTOS-Plus-TCP/FreeRTOS_IP.o
 .text.prvIPTask
                0x00000000080067c8      0x198 Middlewares/Third_Party/FreeRTOS-Plus-TCP/FreeRTOS_IP.o
 .text.xIsCallingFromIPTask
                0x0000000008006960       0x2c Middlewares/Third_Party/FreeRTOS-Plus-TCP/FreeRTOS_IP.o
                0x0000000008006960                xIsCallingFromIPTask
 .text.prvHandleEthernetPacket
                0x000000000800698c       0x2c Middlewares/Third_Party/FreeRTOS-Plus-TCP/FreeRTOS_IP.o
 .text.prvCalculateSleepTime
                0x00000000080069b8       0x50 Middlewares/Third_Party/FreeRTOS-Plus-TCP/FreeRTOS_IP.o
 .text.prvCheckNetworkTimers
                0x0000000008006a08       0x80 Middlewares/Third_Party/FreeRTOS-Plus-TCP/FreeRTOS_IP.o
 .text.prvIPTimerStart
                0x0000000008006a88       0x48 Middlewares/Third_Party/FreeRTOS-Plus-TCP/FreeRTOS_IP.o
 .text.prvIPTimerReload
                0x0000000008006ad0       0x20 Middlewares/Third_Party/FreeRTOS-Plus-TCP/FreeRTOS_IP.o
 .text.prvIPTimerCheck
                0x0000000008006af0       0x78 Middlewares/Third_Party/FreeRTOS-Plus-TCP/FreeRTOS_IP.o
 .text.FreeRTOS_NetworkDown
                0x0000000008006b68       0x38 Middlewares/Third_Party/FreeRTOS-Plus-TCP/FreeRTOS_IP.o
                0x0000000008006b68                FreeRTOS_NetworkDown
 .text.pxDuplicateNetworkBufferWithDescriptor
                0x0000000008006ba0       0x54 Middlewares/Third_Party/FreeRTOS-Plus-TCP/FreeRTOS_IP.o
                0x0000000008006ba0                pxDuplicateNetworkBufferWithDescriptor
 .text.prvPacketBuffer_to_NetworkBuffer
                0x0000000008006bf4       0x48 Middlewares/Third_Party/FreeRTOS-Plus-TCP/FreeRTOS_IP.o
 .text.pxPacketBuffer_to_NetworkBuffer
                0x0000000008006c3c       0x1a Middlewares/Third_Party/FreeRTOS-Plus-TCP/FreeRTOS_IP.o
                0x0000000008006c3c                pxPacketBuffer_to_NetworkBuffer
 *fill*         0x0000000008006c56        0x2 
 .text.FreeRTOS_IPInit
                0x0000000008006c58      0x208 Middlewares/Third_Party/FreeRTOS-Plus-TCP/FreeRTOS_IP.o
                0x0000000008006c58                FreeRTOS_IPInit
 .text.FreeRTOS_GetAddressConfiguration
                0x0000000008006e60       0x5c Middlewares/Third_Party/FreeRTOS-Plus-TCP/FreeRTOS_IP.o
                0x0000000008006e60                FreeRTOS_GetAddressConfiguration
 .text.xSendEventToIPTask
                0x0000000008006ebc       0x2c Middlewares/Third_Party/FreeRTOS-Plus-TCP/FreeRTOS_IP.o
                0x0000000008006ebc                xSendEventToIPTask
 .text.xSendEventStructToIPTask
                0x0000000008006ee8       0x98 Middlewares/Third_Party/FreeRTOS-Plus-TCP/FreeRTOS_IP.o
                0x0000000008006ee8                xSendEventStructToIPTask
 .text.prvProcessNetworkDownEvent
                0x0000000008006f80       0x50 Middlewares/Third_Party/FreeRTOS-Plus-TCP/FreeRTOS_IP.o
 .text.vIPNetworkUpCalls
                0x0000000008006fd0       0x28 Middlewares/Third_Party/FreeRTOS-Plus-TCP/FreeRTOS_IP.o
                0x0000000008006fd0                vIPNetworkUpCalls
 .text.prvProcessEthernetPacket
                0x0000000008006ff8       0xcc Middlewares/Third_Party/FreeRTOS-Plus-TCP/FreeRTOS_IP.o
 .text.xIsIPv4Multicast
                0x00000000080070c4       0x50 Middlewares/Third_Party/FreeRTOS-Plus-TCP/FreeRTOS_IP.o
                0x00000000080070c4                xIsIPv4Multicast
 .text.vSetMultiCastIPv4MacAddress
                0x0000000008007114       0x6a Middlewares/Third_Party/FreeRTOS-Plus-TCP/FreeRTOS_IP.o
                0x0000000008007114                vSetMultiCastIPv4MacAddress
 *fill*         0x000000000800717e        0x2 
 .text.prvAllowIPPacket
                0x0000000008007180       0xd0 Middlewares/Third_Party/FreeRTOS-Plus-TCP/FreeRTOS_IP.o
 .text.prvProcessIPPacket
                0x0000000008007250      0x1e8 Middlewares/Third_Party/FreeRTOS-Plus-TCP/FreeRTOS_IP.o
 .text.prvProcessICMPEchoRequest
                0x0000000008007438       0xb0 Middlewares/Third_Party/FreeRTOS-Plus-TCP/FreeRTOS_IP.o
 .text.prvProcessICMPPacket
                0x00000000080074e8       0x34 Middlewares/Third_Party/FreeRTOS-Plus-TCP/FreeRTOS_IP.o
 .text.usGenerateProtocolChecksum
                0x000000000800751c      0x200 Middlewares/Third_Party/FreeRTOS-Plus-TCP/FreeRTOS_IP.o
                0x000000000800751c                usGenerateProtocolChecksum
 .text.usGenerateChecksum
                0x000000000800771c      0x1cc Middlewares/Third_Party/FreeRTOS-Plus-TCP/FreeRTOS_IP.o
                0x000000000800771c                usGenerateChecksum
 .text.vReturnEthernetFrame
                0x00000000080078e8       0x84 Middlewares/Third_Party/FreeRTOS-Plus-TCP/FreeRTOS_IP.o
                0x00000000080078e8                vReturnEthernetFrame
 .text.FreeRTOS_GetMACAddress
                0x000000000800796c       0x14 Middlewares/Third_Party/FreeRTOS-Plus-TCP/FreeRTOS_IP.o
                0x000000000800796c                FreeRTOS_GetMACAddress
 .text.xIPIsNetworkTaskReady
                0x0000000008007980       0x18 Middlewares/Third_Party/FreeRTOS-Plus-TCP/FreeRTOS_IP.o
                0x0000000008007980                xIPIsNetworkTaskReady
 .text.FreeRTOS_max_uint32
                0x0000000008007998       0x20 Middlewares/Third_Party/FreeRTOS-Plus-TCP/FreeRTOS_Sockets.o
 .text.FreeRTOS_round_up
                0x00000000080079b8       0x2a Middlewares/Third_Party/FreeRTOS-Plus-TCP/FreeRTOS_Sockets.o
 .text.uxStreamBufferSpace
                0x00000000080079e2       0x3e Middlewares/Third_Party/FreeRTOS-Plus-TCP/FreeRTOS_Sockets.o
 .text.uxStreamBufferFrontSpace
                0x0000000008007a20       0x28 Middlewares/Third_Party/FreeRTOS-Plus-TCP/FreeRTOS_Sockets.o
 .text.vCastPointerTo_FreeRTOS_Socket_t
                0x0000000008007a48       0x16 Middlewares/Third_Party/FreeRTOS-Plus-TCP/FreeRTOS_Sockets.o
 .text.vCastPointerTo_NetworkBufferDescriptor_t
                0x0000000008007a5e       0x16 Middlewares/Third_Party/FreeRTOS-Plus-TCP/FreeRTOS_Sockets.o
 .text.vCastPointerTo_StreamBuffer_t
                0x0000000008007a74       0x16 Middlewares/Third_Party/FreeRTOS-Plus-TCP/FreeRTOS_Sockets.o
 *fill*         0x0000000008007a8a        0x2 
 .text.vNetworkSocketsInit
                0x0000000008007a8c       0x1c Middlewares/Third_Party/FreeRTOS-Plus-TCP/FreeRTOS_Sockets.o
                0x0000000008007a8c                vNetworkSocketsInit
 .text.prvDetermineSocketSize
                0x0000000008007aa8      0x114 Middlewares/Third_Party/FreeRTOS-Plus-TCP/FreeRTOS_Sockets.o
 .text.FreeRTOS_socket
                0x0000000008007bbc      0x138 Middlewares/Third_Party/FreeRTOS-Plus-TCP/FreeRTOS_Sockets.o
                0x0000000008007bbc                FreeRTOS_socket
 .text.vSocketBind
                0x0000000008007cf4      0x128 Middlewares/Third_Party/FreeRTOS-Plus-TCP/FreeRTOS_Sockets.o
                0x0000000008007cf4                vSocketBind
 .text.FreeRTOS_closesocket
                0x0000000008007e1c       0x4c Middlewares/Third_Party/FreeRTOS-Plus-TCP/FreeRTOS_Sockets.o
                0x0000000008007e1c                FreeRTOS_closesocket
 .text.vSocketClose
                0x0000000008007e68       0xbc Middlewares/Third_Party/FreeRTOS-Plus-TCP/FreeRTOS_Sockets.o
                0x0000000008007e68                vSocketClose
 .text.prvTCPSetSocketCount
                0x0000000008007f24       0x6c Middlewares/Third_Party/FreeRTOS-Plus-TCP/FreeRTOS_Sockets.o
 .text.prvGetPrivatePortNumber
                0x0000000008007f90       0xb0 Middlewares/Third_Party/FreeRTOS-Plus-TCP/FreeRTOS_Sockets.o
 .text.pxListFindListItemWithValue
                0x0000000008008040       0x54 Middlewares/Third_Party/FreeRTOS-Plus-TCP/FreeRTOS_Sockets.o
 .text.pxUDPSocketLookup
                0x0000000008008094       0x50 Middlewares/Third_Party/FreeRTOS-Plus-TCP/FreeRTOS_Sockets.o
                0x0000000008008094                pxUDPSocketLookup
 .text.FreeRTOS_inet_ntoa
                0x00000000080080e4      0x120 Middlewares/Third_Party/FreeRTOS-Plus-TCP/FreeRTOS_Sockets.o
                0x00000000080080e4                FreeRTOS_inet_ntoa
 .text.vSocketWakeUpUser
                0x0000000008008204       0x36 Middlewares/Third_Party/FreeRTOS-Plus-TCP/FreeRTOS_Sockets.o
                0x0000000008008204                vSocketWakeUpUser
 *fill*         0x000000000800823a        0x2 
 .text.xTCPTimerCheck
                0x000000000800823c       0xdc Middlewares/Third_Party/FreeRTOS-Plus-TCP/FreeRTOS_Sockets.o
                0x000000000800823c                xTCPTimerCheck
 .text.pxTCPSocketLookup
                0x0000000008008318       0x8c Middlewares/Third_Party/FreeRTOS-Plus-TCP/FreeRTOS_Sockets.o
                0x0000000008008318                pxTCPSocketLookup
 .text.prvTCPCreateStream
                0x00000000080083a4       0xd8 Middlewares/Third_Party/FreeRTOS-Plus-TCP/FreeRTOS_Sockets.o
 .text.lTCPAddRxdata
                0x000000000800847c       0xb4 Middlewares/Third_Party/FreeRTOS-Plus-TCP/FreeRTOS_Sockets.o
                0x000000000800847c                lTCPAddRxdata
 .text.FreeRTOS_min_uint32
                0x0000000008008530       0x20 Middlewares/Third_Party/FreeRTOS-Plus-TCP/FreeRTOS_Stream_Buffer.o
 .text.uxStreamBufferSpace
                0x0000000008008550       0x3e Middlewares/Third_Party/FreeRTOS-Plus-TCP/FreeRTOS_Stream_Buffer.o
 .text.uxStreamBufferDistance
                0x000000000800858e       0x3c Middlewares/Third_Party/FreeRTOS-Plus-TCP/FreeRTOS_Stream_Buffer.o
 .text.uxStreamBufferGetSpace
                0x00000000080085ca       0x28 Middlewares/Third_Party/FreeRTOS-Plus-TCP/FreeRTOS_Stream_Buffer.o
 .text.uxStreamBufferGetSize
                0x00000000080085f2       0x28 Middlewares/Third_Party/FreeRTOS-Plus-TCP/FreeRTOS_Stream_Buffer.o
 .text.xStreamBufferLessThenEqual
                0x000000000800861a       0x66 Middlewares/Third_Party/FreeRTOS-Plus-TCP/FreeRTOS_Stream_Buffer.o
 .text.uxStreamBufferAdd
                0x0000000008008680      0x100 Middlewares/Third_Party/FreeRTOS-Plus-TCP/FreeRTOS_Stream_Buffer.o
                0x0000000008008680                uxStreamBufferAdd
 .text.uxStreamBufferGet
                0x0000000008008780       0xe8 Middlewares/Third_Party/FreeRTOS-Plus-TCP/FreeRTOS_Stream_Buffer.o
                0x0000000008008780                uxStreamBufferGet
 .text.FreeRTOS_min_int32
                0x0000000008008868       0x20 Middlewares/Third_Party/FreeRTOS-Plus-TCP/FreeRTOS_TCP_IP.o
 .text.FreeRTOS_min_uint32
                0x0000000008008888       0x20 Middlewares/Third_Party/FreeRTOS-Plus-TCP/FreeRTOS_TCP_IP.o
 .text.uxStreamBufferSpace
                0x00000000080088a8       0x3e Middlewares/Third_Party/FreeRTOS-Plus-TCP/FreeRTOS_TCP_IP.o
 .text.uxStreamBufferDistance
                0x00000000080088e6       0x3c Middlewares/Third_Party/FreeRTOS-Plus-TCP/FreeRTOS_TCP_IP.o
 .text.uxStreamBufferGetSpace
                0x0000000008008922       0x28 Middlewares/Third_Party/FreeRTOS-Plus-TCP/FreeRTOS_TCP_IP.o
 .text.uxStreamBufferFrontSpace
                0x000000000800894a       0x28 Middlewares/Third_Party/FreeRTOS-Plus-TCP/FreeRTOS_TCP_IP.o
 .text.uxStreamBufferMidSpace
                0x0000000008008972       0x28 Middlewares/Third_Party/FreeRTOS-Plus-TCP/FreeRTOS_TCP_IP.o
 .text.vStreamBufferMoveMid
                0x000000000800899a       0x50 Middlewares/Third_Party/FreeRTOS-Plus-TCP/FreeRTOS_TCP_IP.o
 .text.vCastConstPointerTo_IPHeader_t
                0x00000000080089ea       0x16 Middlewares/Third_Party/FreeRTOS-Plus-TCP/FreeRTOS_TCP_IP.o
 .text.vCastPointerTo_TCPPacket_t
                0x0000000008008a00       0x16 Middlewares/Third_Party/FreeRTOS-Plus-TCP/FreeRTOS_TCP_IP.o
 .text.vCastConstPointerTo_TCPPacket_t
                0x0000000008008a16       0x16 Middlewares/Third_Party/FreeRTOS-Plus-TCP/FreeRTOS_TCP_IP.o
 .text.vCastPointerTo_ProtocolHeaders_t
                0x0000000008008a2c       0x16 Middlewares/Third_Party/FreeRTOS-Plus-TCP/FreeRTOS_TCP_IP.o
 .text.vCastConstPointerTo_ProtocolHeaders_t
                0x0000000008008a42       0x16 Middlewares/Third_Party/FreeRTOS-Plus-TCP/FreeRTOS_TCP_IP.o
 .text.vCastPointerTo_FreeRTOS_Socket_t
                0x0000000008008a58       0x16 Middlewares/Third_Party/FreeRTOS-Plus-TCP/FreeRTOS_TCP_IP.o
 .text.ulChar2u32
                0x0000000008008a6e       0x36 Middlewares/Third_Party/FreeRTOS-Plus-TCP/FreeRTOS_TCP_IP.o
 .text.usChar2u16
                0x0000000008008aa4       0x2a Middlewares/Third_Party/FreeRTOS-Plus-TCP/FreeRTOS_TCP_IP.o
 *fill*         0x0000000008008ace        0x2 
 .text.prvTCPSocketIsActive
                0x0000000008008ad0       0x64 Middlewares/Third_Party/FreeRTOS-Plus-TCP/FreeRTOS_TCP_IP.o
 .text.prvTCPStatusAgeCheck
                0x0000000008008b34       0x98 Middlewares/Third_Party/FreeRTOS-Plus-TCP/FreeRTOS_TCP_IP.o
 .text.xTCPSocketCheck
                0x0000000008008bcc       0xc8 Middlewares/Third_Party/FreeRTOS-Plus-TCP/FreeRTOS_TCP_IP.o
                0x0000000008008bcc                xTCPSocketCheck
 .text.prvTCPSendPacket
                0x0000000008008c94       0xd0 Middlewares/Third_Party/FreeRTOS-Plus-TCP/FreeRTOS_TCP_IP.o
 .text.prvTCPSendRepeated
                0x0000000008008d64       0x60 Middlewares/Third_Party/FreeRTOS-Plus-TCP/FreeRTOS_TCP_IP.o
 .text.prvTCPReturnPacket
                0x0000000008008dc4      0x388 Middlewares/Third_Party/FreeRTOS-Plus-TCP/FreeRTOS_TCP_IP.o
 .text.prvTCPCreateWindow
                0x000000000800914c       0x4e Middlewares/Third_Party/FreeRTOS-Plus-TCP/FreeRTOS_TCP_IP.o
 *fill*         0x000000000800919a        0x2 
 .text.prvTCPPrepareConnect
                0x000000000800919c      0x1cc Middlewares/Third_Party/FreeRTOS-Plus-TCP/FreeRTOS_TCP_IP.o
 .text.prvCheckOptions
                0x0000000008009368       0xbc Middlewares/Third_Party/FreeRTOS-Plus-TCP/FreeRTOS_TCP_IP.o
 .text.prvSingleStepTCPHeaderOptions
                0x0000000008009424      0x1ac Middlewares/Third_Party/FreeRTOS-Plus-TCP/FreeRTOS_TCP_IP.o
 .text.prvReadSackOption
                0x00000000080095d0       0x6e Middlewares/Third_Party/FreeRTOS-Plus-TCP/FreeRTOS_TCP_IP.o
 .text.prvWinScaleFactor
                0x000000000800963e       0x40 Middlewares/Third_Party/FreeRTOS-Plus-TCP/FreeRTOS_TCP_IP.o
 .text.prvSetSynAckOptions
                0x000000000800967e       0xa0 Middlewares/Third_Party/FreeRTOS-Plus-TCP/FreeRTOS_TCP_IP.o
 .text.prvTCPTouchSocket
                0x000000000800971e       0x1a Middlewares/Third_Party/FreeRTOS-Plus-TCP/FreeRTOS_TCP_IP.o
 .text.vTCPStateChange
                0x0000000008009738      0x170 Middlewares/Third_Party/FreeRTOS-Plus-TCP/FreeRTOS_TCP_IP.o
                0x0000000008009738                vTCPStateChange
 .text.prvTCPBufferResize
                0x00000000080098a8       0xe4 Middlewares/Third_Party/FreeRTOS-Plus-TCP/FreeRTOS_TCP_IP.o
 .text.prvTCPPrepareSend
                0x000000000800998c      0x23e Middlewares/Third_Party/FreeRTOS-Plus-TCP/FreeRTOS_TCP_IP.o
 *fill*         0x0000000008009bca        0x2 
 .text.prvTCPNextTimeout
                0x0000000008009bcc       0xf8 Middlewares/Third_Party/FreeRTOS-Plus-TCP/FreeRTOS_TCP_IP.o
 .text.prvTCPAddTxData
                0x0000000008009cc4       0x54 Middlewares/Third_Party/FreeRTOS-Plus-TCP/FreeRTOS_TCP_IP.o
 .text.prvTCPHandleFin
                0x0000000008009d18      0x158 Middlewares/Third_Party/FreeRTOS-Plus-TCP/FreeRTOS_TCP_IP.o
 .text.prvCheckRxData
                0x0000000008009e70       0xf8 Middlewares/Third_Party/FreeRTOS-Plus-TCP/FreeRTOS_TCP_IP.o
 .text.prvStoreRxData
                0x0000000008009f68       0xee Middlewares/Third_Party/FreeRTOS-Plus-TCP/FreeRTOS_TCP_IP.o
 .text.prvSetOptions
                0x000000000800a056       0xc2 Middlewares/Third_Party/FreeRTOS-Plus-TCP/FreeRTOS_TCP_IP.o
 .text.prvHandleSynReceived
                0x000000000800a118      0x1dc Middlewares/Third_Party/FreeRTOS-Plus-TCP/FreeRTOS_TCP_IP.o
 .text.prvHandleEstablished
                0x000000000800a2f4      0x222 Middlewares/Third_Party/FreeRTOS-Plus-TCP/FreeRTOS_TCP_IP.o
 *fill*         0x000000000800a516        0x2 
 .text.prvSendData
                0x000000000800a518      0x12c Middlewares/Third_Party/FreeRTOS-Plus-TCP/FreeRTOS_TCP_IP.o
 .text.prvTCPHandleState
                0x000000000800a644      0x234 Middlewares/Third_Party/FreeRTOS-Plus-TCP/FreeRTOS_TCP_IP.o
 .text.prvTCPSendSpecialPacketHelper
                0x000000000800a878       0x42 Middlewares/Third_Party/FreeRTOS-Plus-TCP/FreeRTOS_TCP_IP.o
 .text.prvTCPSendChallengeAck
                0x000000000800a8ba       0x1a Middlewares/Third_Party/FreeRTOS-Plus-TCP/FreeRTOS_TCP_IP.o
 .text.prvTCPSendReset
                0x000000000800a8d4       0x1a Middlewares/Third_Party/FreeRTOS-Plus-TCP/FreeRTOS_TCP_IP.o
 *fill*         0x000000000800a8ee        0x2 
 .text.prvSocketSetMSS
                0x000000000800a8f0       0x70 Middlewares/Third_Party/FreeRTOS-Plus-TCP/FreeRTOS_TCP_IP.o
 .text.xProcessReceivedTCPPacket
                0x000000000800a960      0x34e Middlewares/Third_Party/FreeRTOS-Plus-TCP/FreeRTOS_TCP_IP.o
                0x000000000800a960                xProcessReceivedTCPPacket
 *fill*         0x000000000800acae        0x2 
 .text.prvHandleListen
                0x000000000800acb0      0x188 Middlewares/Third_Party/FreeRTOS-Plus-TCP/FreeRTOS_TCP_IP.o
 .text.prvTCPSocketCopy
                0x000000000800ae38       0xd0 Middlewares/Third_Party/FreeRTOS-Plus-TCP/FreeRTOS_TCP_IP.o
 .text.xTCPCheckNewClient
                0x000000000800af08       0x90 Middlewares/Third_Party/FreeRTOS-Plus-TCP/FreeRTOS_TCP_IP.o
                0x000000000800af08                xTCPCheckNewClient
 .text.FreeRTOS_min_int32
                0x000000000800af98       0x20 Middlewares/Third_Party/FreeRTOS-Plus-TCP/FreeRTOS_TCP_WIN.o
 .text.FreeRTOS_min_uint32
                0x000000000800afb8       0x20 Middlewares/Third_Party/FreeRTOS-Plus-TCP/FreeRTOS_TCP_WIN.o
 .text.vCastPointerTo_TCPSegment_t
                0x000000000800afd8       0x16 Middlewares/Third_Party/FreeRTOS-Plus-TCP/FreeRTOS_TCP_WIN.o
 .text.xSequenceLessThanOrEqual
                0x000000000800afee       0x2c Middlewares/Third_Party/FreeRTOS-Plus-TCP/FreeRTOS_TCP_WIN.o
 .text.xSequenceLessThan
                0x000000000800b01a       0x2e Middlewares/Third_Party/FreeRTOS-Plus-TCP/FreeRTOS_TCP_WIN.o
 .text.xSequenceGreaterThan
                0x000000000800b048       0x2e Middlewares/Third_Party/FreeRTOS-Plus-TCP/FreeRTOS_TCP_WIN.o
 .text.xSequenceGreaterThanOrEqual
                0x000000000800b076       0x2c Middlewares/Third_Party/FreeRTOS-Plus-TCP/FreeRTOS_TCP_WIN.o
 .text.vListInsertFifo
                0x000000000800b0a2       0x20 Middlewares/Third_Party/FreeRTOS-Plus-TCP/FreeRTOS_TCP_WIN.o
 .text.vTCPTimerSet
                0x000000000800b0c2       0x1a Middlewares/Third_Party/FreeRTOS-Plus-TCP/FreeRTOS_TCP_WIN.o
 .text.ulTimerGetAge
                0x000000000800b0dc       0x1c Middlewares/Third_Party/FreeRTOS-Plus-TCP/FreeRTOS_TCP_WIN.o
 .text.vListInsertGeneric
                0x000000000800b0f8       0x44 Middlewares/Third_Party/FreeRTOS-Plus-TCP/FreeRTOS_TCP_WIN.o
 .text.prvCreateSectors
                0x000000000800b13c       0xa8 Middlewares/Third_Party/FreeRTOS-Plus-TCP/FreeRTOS_TCP_WIN.o
 .text.xTCPWindowRxFind
                0x000000000800b1e4       0x50 Middlewares/Third_Party/FreeRTOS-Plus-TCP/FreeRTOS_TCP_WIN.o
 .text.xTCPWindowNew
                0x000000000800b234       0xd0 Middlewares/Third_Party/FreeRTOS-Plus-TCP/FreeRTOS_TCP_WIN.o
 .text.xTCPWindowRxEmpty
                0x000000000800b304       0x42 Middlewares/Third_Party/FreeRTOS-Plus-TCP/FreeRTOS_TCP_WIN.o
                0x000000000800b304                xTCPWindowRxEmpty
 .text.xTCPWindowGetHead
                0x000000000800b346       0x38 Middlewares/Third_Party/FreeRTOS-Plus-TCP/FreeRTOS_TCP_WIN.o
 .text.xTCPWindowPeekHead
                0x000000000800b37e       0x32 Middlewares/Third_Party/FreeRTOS-Plus-TCP/FreeRTOS_TCP_WIN.o
 .text.vTCPWindowFree
                0x000000000800b3b0       0x58 Middlewares/Third_Party/FreeRTOS-Plus-TCP/FreeRTOS_TCP_WIN.o
 .text.vTCPWindowDestroy
                0x000000000800b408       0x5e Middlewares/Third_Party/FreeRTOS-Plus-TCP/FreeRTOS_TCP_WIN.o
                0x000000000800b408                vTCPWindowDestroy
 *fill*         0x000000000800b466        0x2 
 .text.vTCPWindowCreate
                0x000000000800b468       0x70 Middlewares/Third_Party/FreeRTOS-Plus-TCP/FreeRTOS_TCP_WIN.o
                0x000000000800b468                vTCPWindowCreate
 .text.vTCPWindowInit
                0x000000000800b4d8       0xb6 Middlewares/Third_Party/FreeRTOS-Plus-TCP/FreeRTOS_TCP_WIN.o
                0x000000000800b4d8                vTCPWindowInit
 .text.xTCPWindowRxConfirm
                0x000000000800b58e       0x9c Middlewares/Third_Party/FreeRTOS-Plus-TCP/FreeRTOS_TCP_WIN.o
 *fill*         0x000000000800b62a        0x2 
 .text.lTCPWindowRxCheck
                0x000000000800b62c      0x1c8 Middlewares/Third_Party/FreeRTOS-Plus-TCP/FreeRTOS_TCP_WIN.o
                0x000000000800b62c                lTCPWindowRxCheck
 .text.lTCPIncrementTxPosition
                0x000000000800b7f4       0x32 Middlewares/Third_Party/FreeRTOS-Plus-TCP/FreeRTOS_TCP_WIN.o
 *fill*         0x000000000800b826        0x2 
 .text.lTCPWindowTxAdd
                0x000000000800b828      0x16c Middlewares/Third_Party/FreeRTOS-Plus-TCP/FreeRTOS_TCP_WIN.o
                0x000000000800b828                lTCPWindowTxAdd
 .text.xTCPWindowTxDone
                0x000000000800b994       0x24 Middlewares/Third_Party/FreeRTOS-Plus-TCP/FreeRTOS_TCP_WIN.o
                0x000000000800b994                xTCPWindowTxDone
 .text.prvTCPWindowTxHasSpace
                0x000000000800b9b8       0x8c Middlewares/Third_Party/FreeRTOS-Plus-TCP/FreeRTOS_TCP_WIN.o
 .text.xTCPWindowTxHasData
                0x000000000800ba44       0xc0 Middlewares/Third_Party/FreeRTOS-Plus-TCP/FreeRTOS_TCP_WIN.o
                0x000000000800ba44                xTCPWindowTxHasData
 .text.ulTCPWindowTxGet
                0x000000000800bb04      0x1b8 Middlewares/Third_Party/FreeRTOS-Plus-TCP/FreeRTOS_TCP_WIN.o
                0x000000000800bb04                ulTCPWindowTxGet
 .text.prvTCPWindowTxCheckAck
                0x000000000800bcbc      0x184 Middlewares/Third_Party/FreeRTOS-Plus-TCP/FreeRTOS_TCP_WIN.o
 .text.prvTCPWindowFastRetransmit
                0x000000000800be40       0xa8 Middlewares/Third_Party/FreeRTOS-Plus-TCP/FreeRTOS_TCP_WIN.o
 .text.ulTCPWindowTxAck
                0x000000000800bee8       0x3a Middlewares/Third_Party/FreeRTOS-Plus-TCP/FreeRTOS_TCP_WIN.o
                0x000000000800bee8                ulTCPWindowTxAck
 *fill*         0x000000000800bf22        0x2 
 .text.ulTCPWindowTxSack
                0x000000000800bf24       0x44 Middlewares/Third_Party/FreeRTOS-Plus-TCP/FreeRTOS_TCP_WIN.o
                0x000000000800bf24                ulTCPWindowTxSack
 .text.vCastPointerTo_UDPPacket_t
                0x000000000800bf68       0x16 Middlewares/Third_Party/FreeRTOS-Plus-TCP/FreeRTOS_UDP_IP.o
 .text.vCastConstPointerTo_UDPPacket_t
                0x000000000800bf7e       0x16 Middlewares/Third_Party/FreeRTOS-Plus-TCP/FreeRTOS_UDP_IP.o
 .text.vProcessGeneratedUDPPacket
                0x000000000800bf94      0x1a4 Middlewares/Third_Party/FreeRTOS-Plus-TCP/FreeRTOS_UDP_IP.o
                0x000000000800bf94                vProcessGeneratedUDPPacket
 .text.xProcessReceivedUDPPacket
                0x000000000800c138       0xb6 Middlewares/Third_Party/FreeRTOS-Plus-TCP/FreeRTOS_UDP_IP.o
                0x000000000800c138                xProcessReceivedUDPPacket
 *fill*         0x000000000800c1ee        0x2 
 .text.xNetworkBuffersInitialise
                0x000000000800c1f0       0xf8 Middlewares/Third_Party/FreeRTOS-Plus-TCP/portable/BufferManagement/BufferAllocation_2.o
                0x000000000800c1f0                xNetworkBuffersInitialise
 .text.vReleaseNetworkBuffer
                0x000000000800c2e8       0x22 Middlewares/Third_Party/FreeRTOS-Plus-TCP/portable/BufferManagement/BufferAllocation_2.o
                0x000000000800c2e8                vReleaseNetworkBuffer
 *fill*         0x000000000800c30a        0x2 
 .text.pxGetNetworkBufferWithDescriptor
                0x000000000800c30c       0xfc Middlewares/Third_Party/FreeRTOS-Plus-TCP/portable/BufferManagement/BufferAllocation_2.o
                0x000000000800c30c                pxGetNetworkBufferWithDescriptor
 .text.vReleaseNetworkBufferAndDescriptor
                0x000000000800c408       0x68 Middlewares/Third_Party/FreeRTOS-Plus-TCP/portable/BufferManagement/BufferAllocation_2.o
                0x000000000800c408                vReleaseNetworkBufferAndDescriptor
 .text.xHas_1F_PHYSPCS
                0x000000000800c470       0x30 Middlewares/Third_Party/FreeRTOS-Plus-TCP/portable/NetworkInterface/Common/phyHandling.o
 .text.xHas_19_PHYCR
                0x000000000800c4a0       0x38 Middlewares/Third_Party/FreeRTOS-Plus-TCP/portable/NetworkInterface/Common/phyHandling.o
 .text.vPhyInitialise
                0x000000000800c4d8       0x2a Middlewares/Third_Party/FreeRTOS-Plus-TCP/portable/NetworkInterface/Common/phyHandling.o
                0x000000000800c4d8                vPhyInitialise
 .text.xPhyDiscover
                0x000000000800c502       0x98 Middlewares/Third_Party/FreeRTOS-Plus-TCP/portable/NetworkInterface/Common/phyHandling.o
                0x000000000800c502                xPhyDiscover
 .text.xPhyReset
                0x000000000800c59a      0x132 Middlewares/Third_Party/FreeRTOS-Plus-TCP/portable/NetworkInterface/Common/phyHandling.o
 .text.xPhyConfigure
                0x000000000800c6cc      0x1f0 Middlewares/Third_Party/FreeRTOS-Plus-TCP/portable/NetworkInterface/Common/phyHandling.o
                0x000000000800c6cc                xPhyConfigure
 .text.xPhyFixedValue
                0x000000000800c8bc       0x7e Middlewares/Third_Party/FreeRTOS-Plus-TCP/portable/NetworkInterface/Common/phyHandling.o
                0x000000000800c8bc                xPhyFixedValue
 *fill*         0x000000000800c93a        0x2 
 .text.xPhyStartAutoNegotiation
                0x000000000800c93c      0x2c8 Middlewares/Third_Party/FreeRTOS-Plus-TCP/portable/NetworkInterface/Common/phyHandling.o
                0x000000000800c93c                xPhyStartAutoNegotiation
 .text.xPhyCheckLinkStatus
                0x000000000800cc04      0x140 Middlewares/Third_Party/FreeRTOS-Plus-TCP/portable/NetworkInterface/Common/phyHandling.o
                0x000000000800cc04                xPhyCheckLinkStatus
 .text.HAL_ETH_RxCpltCallback
                0x000000000800cd44       0x5c Middlewares/Third_Party/FreeRTOS-Plus-TCP/portable/NetworkInterface/STM32Fxx/NetworkInterface.o
                0x000000000800cd44                HAL_ETH_RxCpltCallback
 .text.HAL_ETH_TxCpltCallback
                0x000000000800cda0       0x5c Middlewares/Third_Party/FreeRTOS-Plus-TCP/portable/NetworkInterface/STM32Fxx/NetworkInterface.o
                0x000000000800cda0                HAL_ETH_TxCpltCallback
 .text.vClearTXBuffers
                0x000000000800cdfc       0xa4 Middlewares/Third_Party/FreeRTOS-Plus-TCP/portable/NetworkInterface/STM32Fxx/NetworkInterface.o
 .text.xNetworkInterfaceInitialise
                0x000000000800cea0      0x150 Middlewares/Third_Party/FreeRTOS-Plus-TCP/portable/NetworkInterface/STM32Fxx/NetworkInterface.o
                0x000000000800cea0                xNetworkInterfaceInitialise
 .text.prvDMATxDescListInit
                0x000000000800cff0       0x88 Middlewares/Third_Party/FreeRTOS-Plus-TCP/portable/NetworkInterface/STM32Fxx/NetworkInterface.o
 .text.prvDMARxDescListInit
                0x000000000800d078       0xa0 Middlewares/Third_Party/FreeRTOS-Plus-TCP/portable/NetworkInterface/STM32Fxx/NetworkInterface.o
 .text.xNetworkInterfaceOutput
                0x000000000800d118      0x114 Middlewares/Third_Party/FreeRTOS-Plus-TCP/portable/NetworkInterface/STM32Fxx/NetworkInterface.o
                0x000000000800d118                xNetworkInterfaceOutput
 .text.xMayAcceptPacket
                0x000000000800d22c       0x34 Middlewares/Third_Party/FreeRTOS-Plus-TCP/portable/NetworkInterface/STM32Fxx/NetworkInterface.o
 .text.prvPassEthMessages
                0x000000000800d260       0x42 Middlewares/Third_Party/FreeRTOS-Plus-TCP/portable/NetworkInterface/STM32Fxx/NetworkInterface.o
 *fill*         0x000000000800d2a2        0x2 
 .text.prvNetworkInterfaceInput
                0x000000000800d2a4      0x170 Middlewares/Third_Party/FreeRTOS-Plus-TCP/portable/NetworkInterface/STM32Fxx/NetworkInterface.o
 .text.xSTM32_PhyRead
                0x000000000800d414       0x54 Middlewares/Third_Party/FreeRTOS-Plus-TCP/portable/NetworkInterface/STM32Fxx/NetworkInterface.o
                0x000000000800d414                xSTM32_PhyRead
 .text.xSTM32_PhyWrite
                0x000000000800d468       0x54 Middlewares/Third_Party/FreeRTOS-Plus-TCP/portable/NetworkInterface/STM32Fxx/NetworkInterface.o
                0x000000000800d468                xSTM32_PhyWrite
 .text.vMACBProbePhy
                0x000000000800d4bc       0x30 Middlewares/Third_Party/FreeRTOS-Plus-TCP/portable/NetworkInterface/STM32Fxx/NetworkInterface.o
                0x000000000800d4bc                vMACBProbePhy
 .text.prvEthernetUpdateConfig
                0x000000000800d4ec       0xe0 Middlewares/Third_Party/FreeRTOS-Plus-TCP/portable/NetworkInterface/STM32Fxx/NetworkInterface.o
 .text.prvEMACHandlerTask
                0x000000000800d5cc       0xc0 Middlewares/Third_Party/FreeRTOS-Plus-TCP/portable/NetworkInterface/STM32Fxx/NetworkInterface.o
 .text.xApplicationGetRandomNumber
                0x000000000800d68c       0x30 Middlewares/Third_Party/FreeRTOS-Plus-TCP/portable/NetworkInterface/STM32Fxx/NetworkInterface.o
                0x000000000800d68c                xApplicationGetRandomNumber
 .text.ulApplicationGetNextSequenceNumber
                0x000000000800d6bc       0x22 Middlewares/Third_Party/FreeRTOS-Plus-TCP/portable/NetworkInterface/STM32Fxx/NetworkInterface.o
                0x000000000800d6bc                ulApplicationGetNextSequenceNumber
 *fill*         0x000000000800d6de        0x2 
 .text.__errno  0x000000000800d6e0        0xc c:/st/stm32cubeide_1.5.0/stm32cubeide/plugins/com.st.stm32cube.ide.mcu.externaltools.gnu-tools-for-stm32.7-2018-q2-update.win32_1.5.0.202011040924/tools/bin/../lib/gcc/arm-none-eabi/7.3.1/../../../../arm-none-eabi/lib/thumb/v7e-m/fpv4-sp/hard\libc_nano.a(lib_a-errno.o)
                0x000000000800d6e0                __errno
 .text.__libc_init_array
                0x000000000800d6ec       0x48 c:/st/stm32cubeide_1.5.0/stm32cubeide/plugins/com.st.stm32cube.ide.mcu.externaltools.gnu-tools-for-stm32.7-2018-q2-update.win32_1.5.0.202011040924/tools/bin/../lib/gcc/arm-none-eabi/7.3.1/../../../../arm-none-eabi/lib/thumb/v7e-m/fpv4-sp/hard\libc_nano.a(lib_a-init.o)
                0x000000000800d6ec                __libc_init_array
 .text.memcmp   0x000000000800d734       0x1e c:/st/stm32cubeide_1.5.0/stm32cubeide/plugins/com.st.stm32cube.ide.mcu.externaltools.gnu-tools-for-stm32.7-2018-q2-update.win32_1.5.0.202011040924/tools/bin/../lib/gcc/arm-none-eabi/7.3.1/../../../../arm-none-eabi/lib/thumb/v7e-m/fpv4-sp/hard\libc_nano.a(lib_a-memcmp.o)
                0x000000000800d734                memcmp
 .text.memcpy   0x000000000800d752       0x16 c:/st/stm32cubeide_1.5.0/stm32cubeide/plugins/com.st.stm32cube.ide.mcu.externaltools.gnu-tools-for-stm32.7-2018-q2-update.win32_1.5.0.202011040924/tools/bin/../lib/gcc/arm-none-eabi/7.3.1/../../../../arm-none-eabi/lib/thumb/v7e-m/fpv4-sp/hard\libc_nano.a(lib_a-memcpy-stub.o)
                0x000000000800d752                memcpy
 .text.memmove  0x000000000800d768       0x32 c:/st/stm32cubeide_1.5.0/stm32cubeide/plugins/com.st.stm32cube.ide.mcu.externaltools.gnu-tools-for-stm32.7-2018-q2-update.win32_1.5.0.202011040924/tools/bin/../lib/gcc/arm-none-eabi/7.3.1/../../../../arm-none-eabi/lib/thumb/v7e-m/fpv4-sp/hard\libc_nano.a(lib_a-memmove.o)
                0x000000000800d768                memmove
 .text.memset   0x000000000800d79a       0x10 c:/st/stm32cubeide_1.5.0/stm32cubeide/plugins/com.st.stm32cube.ide.mcu.externaltools.gnu-tools-for-stm32.7-2018-q2-update.win32_1.5.0.202011040924/tools/bin/../lib/gcc/arm-none-eabi/7.3.1/../../../../arm-none-eabi/lib/thumb/v7e-m/fpv4-sp/hard\libc_nano.a(lib_a-memset.o)
                0x000000000800d79a                memset
 *fill*         0x000000000800d7aa        0x2 
 .text.rand     0x000000000800d7ac       0x68 c:/st/stm32cubeide_1.5.0/stm32cubeide/plugins/com.st.stm32cube.ide.mcu.externaltools.gnu-tools-for-stm32.7-2018-q2-update.win32_1.5.0.202011040924/tools/bin/../lib/gcc/arm-none-eabi/7.3.1/../../../../arm-none-eabi/lib/thumb/v7e-m/fpv4-sp/hard\libc_nano.a(lib_a-rand.o)
                0x000000000800d7ac                rand
 .text.malloc   0x000000000800d814       0x10 c:/st/stm32cubeide_1.5.0/stm32cubeide/plugins/com.st.stm32cube.ide.mcu.externaltools.gnu-tools-for-stm32.7-2018-q2-update.win32_1.5.0.202011040924/tools/bin/../lib/gcc/arm-none-eabi/7.3.1/../../../../arm-none-eabi/lib/thumb/v7e-m/fpv4-sp/hard\libc_nano.a(lib_a-malloc.o)
                0x000000000800d814                malloc
 .text._malloc_r
                0x000000000800d824       0xb4 c:/st/stm32cubeide_1.5.0/stm32cubeide/plugins/com.st.stm32cube.ide.mcu.externaltools.gnu-tools-for-stm32.7-2018-q2-update.win32_1.5.0.202011040924/tools/bin/../lib/gcc/arm-none-eabi/7.3.1/../../../../arm-none-eabi/lib/thumb/v7e-m/fpv4-sp/hard\libc_nano.a(lib_a-nano-mallocr.o)
                0x000000000800d824                _malloc_r
 .text._sbrk_r  0x000000000800d8d8       0x20 c:/st/stm32cubeide_1.5.0/stm32cubeide/plugins/com.st.stm32cube.ide.mcu.externaltools.gnu-tools-for-stm32.7-2018-q2-update.win32_1.5.0.202011040924/tools/bin/../lib/gcc/arm-none-eabi/7.3.1/../../../../arm-none-eabi/lib/thumb/v7e-m/fpv4-sp/hard\libc_nano.a(lib_a-sbrkr.o)
                0x000000000800d8d8                _sbrk_r
 .text.__malloc_lock
                0x000000000800d8f8        0x2 c:/st/stm32cubeide_1.5.0/stm32cubeide/plugins/com.st.stm32cube.ide.mcu.externaltools.gnu-tools-for-stm32.7-2018-q2-update.win32_1.5.0.202011040924/tools/bin/../lib/gcc/arm-none-eabi/7.3.1/../../../../arm-none-eabi/lib/thumb/v7e-m/fpv4-sp/hard\libc_nano.a(lib_a-mlock.o)
                0x000000000800d8f8                __malloc_lock
 .text.__malloc_unlock
                0x000000000800d8fa        0x2 c:/st/stm32cubeide_1.5.0/stm32cubeide/plugins/com.st.stm32cube.ide.mcu.externaltools.gnu-tools-for-stm32.7-2018-q2-update.win32_1.5.0.202011040924/tools/bin/../lib/gcc/arm-none-eabi/7.3.1/../../../../arm-none-eabi/lib/thumb/v7e-m/fpv4-sp/hard\libc_nano.a(lib_a-mlock.o)
                0x000000000800d8fa                __malloc_unlock
 *(.glue_7)
 .glue_7        0x000000000800d8fc        0x0 linker stubs
 *(.glue_7t)
 .glue_7t       0x000000000800d8fc        0x0 linker stubs
 *(.eh_frame)
 .eh_frame      0x000000000800d8fc        0x0 c:/st/stm32cubeide_1.5.0/stm32cubeide/plugins/com.st.stm32cube.ide.mcu.externaltools.gnu-tools-for-stm32.7-2018-q2-update.win32_1.5.0.202011040924/tools/bin/../lib/gcc/arm-none-eabi/7.3.1/thumb/v7e-m/fpv4-sp/hard/crtbegin.o
 *(.init)
 .init          0x000000000800d8fc        0x4 c:/st/stm32cubeide_1.5.0/stm32cubeide/plugins/com.st.stm32cube.ide.mcu.externaltools.gnu-tools-for-stm32.7-2018-q2-update.win32_1.5.0.202011040924/tools/bin/../lib/gcc/arm-none-eabi/7.3.1/thumb/v7e-m/fpv4-sp/hard/crti.o
                0x000000000800d8fc                _init
 .init          0x000000000800d900        0x8 c:/st/stm32cubeide_1.5.0/stm32cubeide/plugins/com.st.stm32cube.ide.mcu.externaltools.gnu-tools-for-stm32.7-2018-q2-update.win32_1.5.0.202011040924/tools/bin/../lib/gcc/arm-none-eabi/7.3.1/thumb/v7e-m/fpv4-sp/hard/crtn.o
 *(.fini)
 .fini          0x000000000800d908        0x4 c:/st/stm32cubeide_1.5.0/stm32cubeide/plugins/com.st.stm32cube.ide.mcu.externaltools.gnu-tools-for-stm32.7-2018-q2-update.win32_1.5.0.202011040924/tools/bin/../lib/gcc/arm-none-eabi/7.3.1/thumb/v7e-m/fpv4-sp/hard/crti.o
                0x000000000800d908                _fini
 .fini          0x000000000800d90c        0x8 c:/st/stm32cubeide_1.5.0/stm32cubeide/plugins/com.st.stm32cube.ide.mcu.externaltools.gnu-tools-for-stm32.7-2018-q2-update.win32_1.5.0.202011040924/tools/bin/../lib/gcc/arm-none-eabi/7.3.1/thumb/v7e-m/fpv4-sp/hard/crtn.o
                0x000000000800d914                . = ALIGN (0x4)
                0x000000000800d914                _etext = .

.vfp11_veneer   0x000000000800d914        0x0
 .vfp11_veneer  0x000000000800d914        0x0 linker stubs

.v4_bx          0x000000000800d914        0x0
 .v4_bx         0x000000000800d914        0x0 linker stubs

.iplt           0x000000000800d914        0x0
 .iplt          0x000000000800d914        0x0 c:/st/stm32cubeide_1.5.0/stm32cubeide/plugins/com.st.stm32cube.ide.mcu.externaltools.gnu-tools-for-stm32.7-2018-q2-update.win32_1.5.0.202011040924/tools/bin/../lib/gcc/arm-none-eabi/7.3.1/thumb/v7e-m/fpv4-sp/hard/crtbegin.o

.rodata         0x000000000800d914      0x1b0
                0x000000000800d914                . = ALIGN (0x4)
 *(.rodata)
 .rodata        0x000000000800d914       0x6c Core/Src/main.o
 .rodata        0x000000000800d980        0x5 Middlewares/Third_Party/FreeRTOS/Source/tasks.o
 *fill*         0x000000000800d985        0x3 
 .rodata        0x000000000800d988       0xbf Middlewares/Third_Party/FreeRTOS-Plus-TCP/FreeRTOS_IP.o
 *fill*         0x000000000800da47        0x1 
 .rodata        0x000000000800da48        0xa Middlewares/Third_Party/FreeRTOS-Plus-TCP/portable/BufferManagement/BufferAllocation_2.o
 *fill*         0x000000000800da52        0x2 
 .rodata        0x000000000800da54        0x5 Middlewares/Third_Party/FreeRTOS-Plus-TCP/portable/NetworkInterface/STM32Fxx/NetworkInterface.o
 *(.rodata*)
 *fill*         0x000000000800da59        0x3 
 .rodata.ucIPAddress
                0x000000000800da5c        0x4 Core/Src/main.o
 .rodata.ucNetMask
                0x000000000800da60        0x4 Core/Src/main.o
 .rodata.ucGatewayAddress
                0x000000000800da64        0x4 Core/Src/main.o
 .rodata.ucDNSServerAddress
                0x000000000800da68        0x4 Core/Src/main.o
 .rodata.AHBPrescTable
                0x000000000800da6c       0x10 Core/Src/system_stm32f4xx.o
                0x000000000800da6c                AHBPrescTable
 .rodata.APBPrescTable
                0x000000000800da7c        0x8 Core/Src/system_stm32f4xx.o
                0x000000000800da7c                APBPrescTable
 .rodata.xDefaultPartARPPacketHeader.8224
                0x000000000800da84       0x26 Middlewares/Third_Party/FreeRTOS-Plus-TCP/FreeRTOS_ARP.o
 *fill*         0x000000000800daaa        0x2 
 .rodata.xBroadcastMACAddress
                0x000000000800daac        0x6 Middlewares/Third_Party/FreeRTOS-Plus-TCP/FreeRTOS_IP.o
                0x000000000800daac                xBroadcastMACAddress
 *fill*         0x000000000800dab2        0x2 
 .rodata.xNetworkDownEvent.8291
                0x000000000800dab4        0x8 Middlewares/Third_Party/FreeRTOS-Plus-TCP/FreeRTOS_IP.o
 .rodata.xBufferAllocFixedSize
                0x000000000800dabc        0x4 Middlewares/Third_Party/FreeRTOS-Plus-TCP/portable/BufferManagement/BufferAllocation_2.o
                0x000000000800dabc                xBufferAllocFixedSize
 .rodata.xPHYProperties
                0x000000000800dac0        0x4 Middlewares/Third_Party/FreeRTOS-Plus-TCP/portable/NetworkInterface/STM32Fxx/NetworkInterface.o
                0x000000000800dac0                xPHYProperties
                0x000000000800dac4                . = ALIGN (0x4)

.ARM.extab      0x000000000800dac4        0x0
                0x000000000800dac4                . = ALIGN (0x4)
 *(.ARM.extab* .gnu.linkonce.armextab.*)
                0x000000000800dac4                . = ALIGN (0x4)

.ARM            0x000000000800dac4        0x8
                0x000000000800dac4                . = ALIGN (0x4)
                0x000000000800dac4                __exidx_start = .
 *(.ARM.exidx*)
 .ARM.exidx     0x000000000800dac4        0x8 c:/st/stm32cubeide_1.5.0/stm32cubeide/plugins/com.st.stm32cube.ide.mcu.externaltools.gnu-tools-for-stm32.7-2018-q2-update.win32_1.5.0.202011040924/tools/bin/../lib/gcc/arm-none-eabi/7.3.1/thumb/v7e-m/fpv4-sp/hard\libgcc.a(_udivmoddi4.o)
                0x000000000800dacc                __exidx_end = .
                0x000000000800dacc                . = ALIGN (0x4)

.rel.dyn        0x000000000800dacc        0x0
 .rel.iplt      0x000000000800dacc        0x0 c:/st/stm32cubeide_1.5.0/stm32cubeide/plugins/com.st.stm32cube.ide.mcu.externaltools.gnu-tools-for-stm32.7-2018-q2-update.win32_1.5.0.202011040924/tools/bin/../lib/gcc/arm-none-eabi/7.3.1/thumb/v7e-m/fpv4-sp/hard/crtbegin.o

.preinit_array  0x000000000800dacc        0x0
                0x000000000800dacc                . = ALIGN (0x4)
                0x000000000800dacc                PROVIDE (__preinit_array_start = .)
 *(.preinit_array*)
                0x000000000800dacc                PROVIDE (__preinit_array_end = .)
                0x000000000800dacc                . = ALIGN (0x4)

.init_array     0x000000000800dacc        0x4
                0x000000000800dacc                . = ALIGN (0x4)
                0x000000000800dacc                PROVIDE (__init_array_start = .)
 *(SORT_BY_NAME(.init_array.*))
 *(.init_array*)
 .init_array    0x000000000800dacc        0x4 c:/st/stm32cubeide_1.5.0/stm32cubeide/plugins/com.st.stm32cube.ide.mcu.externaltools.gnu-tools-for-stm32.7-2018-q2-update.win32_1.5.0.202011040924/tools/bin/../lib/gcc/arm-none-eabi/7.3.1/thumb/v7e-m/fpv4-sp/hard/crtbegin.o
                0x000000000800dad0                PROVIDE (__init_array_end = .)
                0x000000000800dad0                . = ALIGN (0x4)

.fini_array     0x000000000800dad0        0x4
                0x000000000800dad0                . = ALIGN (0x4)
                [!provide]                        PROVIDE (__fini_array_start = .)
 *(SORT_BY_NAME(.fini_array.*))
 *(.fini_array*)
 .fini_array    0x000000000800dad0        0x4 c:/st/stm32cubeide_1.5.0/stm32cubeide/plugins/com.st.stm32cube.ide.mcu.externaltools.gnu-tools-for-stm32.7-2018-q2-update.win32_1.5.0.202011040924/tools/bin/../lib/gcc/arm-none-eabi/7.3.1/thumb/v7e-m/fpv4-sp/hard/crtbegin.o
                [!provide]                        PROVIDE (__fini_array_end = .)
                0x000000000800dad4                . = ALIGN (0x4)
                0x000000000800dad4                _sidata = LOADADDR (.data)

.data           0x0000000020000000       0x9c load address 0x000000000800dad4
                0x0000000020000000                . = ALIGN (0x4)
                0x0000000020000000                _sdata = .
 *(.data)
 *(.data*)
 .data.UART_ACCESS_KEY
                0x0000000020000000        0x1 Core/Src/main.o
                0x0000000020000000                UART_ACCESS_KEY
 *fill*         0x0000000020000001        0x3 
 .data.ucMACAddress
                0x0000000020000004        0x6 Core/Src/main.o
 *fill*         0x000000002000000a        0x2 
 .data.SystemCoreClock
                0x000000002000000c        0x4 Core/Src/system_stm32f4xx.o
                0x000000002000000c                SystemCoreClock
 .data.uwTickPrio
                0x0000000020000010        0x4 Drivers/STM32F4xx_HAL_Driver/Src/stm32f4xx_hal.o
                0x0000000020000010                uwTickPrio
 .data.uwTickFreq
                0x0000000020000014        0x1 Drivers/STM32F4xx_HAL_Driver/Src/stm32f4xx_hal.o
                0x0000000020000014                uwTickFreq
 *fill*         0x0000000020000015        0x3 
 .data.uxCriticalNesting
                0x0000000020000018        0x4 Middlewares/Third_Party/FreeRTOS/Source/portable/GCC/ARM_CM4F/port.o
 .data.xDefaultPartUDPPacketHeader
                0x000000002000001c       0x18 Middlewares/Third_Party/FreeRTOS-Plus-TCP/FreeRTOS_UDP_IP.o
                0x000000002000001c                xDefaultPartUDPPacketHeader
 .data.uxLowestSemCount.11463
                0x0000000020000034        0x4 Middlewares/Third_Party/FreeRTOS-Plus-TCP/portable/NetworkInterface/STM32Fxx/NetworkInterface.o
 .data._impure_ptr
                0x0000000020000038        0x4 c:/st/stm32cubeide_1.5.0/stm32cubeide/plugins/com.st.stm32cube.ide.mcu.externaltools.gnu-tools-for-stm32.7-2018-q2-update.win32_1.5.0.202011040924/tools/bin/../lib/gcc/arm-none-eabi/7.3.1/../../../../arm-none-eabi/lib/thumb/v7e-m/fpv4-sp/hard\libc_nano.a(lib_a-impure.o)
                0x0000000020000038                _impure_ptr
 .data.impure_data
                0x000000002000003c       0x60 c:/st/stm32cubeide_1.5.0/stm32cubeide/plugins/com.st.stm32cube.ide.mcu.externaltools.gnu-tools-for-stm32.7-2018-q2-update.win32_1.5.0.202011040924/tools/bin/../lib/gcc/arm-none-eabi/7.3.1/../../../../arm-none-eabi/lib/thumb/v7e-m/fpv4-sp/hard\libc_nano.a(lib_a-impure.o)
                0x000000002000009c                . = ALIGN (0x4)
                0x000000002000009c                _edata = .

.igot.plt       0x000000002000009c        0x0 load address 0x000000000800db70
 .igot.plt      0x000000002000009c        0x0 c:/st/stm32cubeide_1.5.0/stm32cubeide/plugins/com.st.stm32cube.ide.mcu.externaltools.gnu-tools-for-stm32.7-2018-q2-update.win32_1.5.0.202011040924/tools/bin/../lib/gcc/arm-none-eabi/7.3.1/thumb/v7e-m/fpv4-sp/hard/crtbegin.o
                0x000000002000009c                . = ALIGN (0x4)

.bss            0x00000000200000a0     0x4be4 load address 0x000000000800db70
                0x00000000200000a0                _sbss = .
                0x00000000200000a0                __bss_start__ = _sbss
 *(.bss)
 .bss           0x00000000200000a0       0x1c c:/st/stm32cubeide_1.5.0/stm32cubeide/plugins/com.st.stm32cube.ide.mcu.externaltools.gnu-tools-for-stm32.7-2018-q2-update.win32_1.5.0.202011040924/tools/bin/../lib/gcc/arm-none-eabi/7.3.1/thumb/v7e-m/fpv4-sp/hard/crtbegin.o
 *(.bss*)
 .bss.xIdleTaskTCBBuffer
                0x00000000200000bc       0x54 Core/Src/freertos.o
 .bss.xIdleStack
                0x0000000020000110      0x200 Core/Src/freertos.o
 .bss.xTaskHandle1
                0x0000000020000310        0x4 Core/Src/main.o
                0x0000000020000310                xTaskHandle1
 .bss.xTaskHandle2
                0x0000000020000314        0x4 Core/Src/main.o
                0x0000000020000314                xTaskHandle2
 .bss.xTasksAlreadyCreated.10499
                0x0000000020000318        0x4 Core/Src/main.o
 .bss.__sbrk_heap_end
                0x000000002000031c        0x4 Core/Src/sysmem.o
 .bss.pxCurrentTCB
                0x0000000020000320        0x4 Middlewares/Third_Party/FreeRTOS/Source/tasks.o
                0x0000000020000320                pxCurrentTCB
 .bss.pxReadyTasksLists
                0x0000000020000324       0x8c Middlewares/Third_Party/FreeRTOS/Source/tasks.o
 .bss.xDelayedTaskList1
                0x00000000200003b0       0x14 Middlewares/Third_Party/FreeRTOS/Source/tasks.o
 .bss.xDelayedTaskList2
                0x00000000200003c4       0x14 Middlewares/Third_Party/FreeRTOS/Source/tasks.o
 .bss.pxDelayedTaskList
                0x00000000200003d8        0x4 Middlewares/Third_Party/FreeRTOS/Source/tasks.o
 .bss.pxOverflowDelayedTaskList
                0x00000000200003dc        0x4 Middlewares/Third_Party/FreeRTOS/Source/tasks.o
 .bss.xPendingReadyList
                0x00000000200003e0       0x14 Middlewares/Third_Party/FreeRTOS/Source/tasks.o
 .bss.xTasksWaitingTermination
                0x00000000200003f4       0x14 Middlewares/Third_Party/FreeRTOS/Source/tasks.o
 .bss.uxDeletedTasksWaitingCleanUp
                0x0000000020000408        0x4 Middlewares/Third_Party/FreeRTOS/Source/tasks.o
 .bss.xSuspendedTaskList
                0x000000002000040c       0x14 Middlewares/Third_Party/FreeRTOS/Source/tasks.o
 .bss.uxCurrentNumberOfTasks
                0x0000000020000420        0x4 Middlewares/Third_Party/FreeRTOS/Source/tasks.o
 .bss.xTickCount
                0x0000000020000424        0x4 Middlewares/Third_Party/FreeRTOS/Source/tasks.o
 .bss.uxTopReadyPriority
                0x0000000020000428        0x4 Middlewares/Third_Party/FreeRTOS/Source/tasks.o
 .bss.xSchedulerRunning
                0x000000002000042c        0x4 Middlewares/Third_Party/FreeRTOS/Source/tasks.o
 .bss.uxPendedTicks
                0x0000000020000430        0x4 Middlewares/Third_Party/FreeRTOS/Source/tasks.o
 .bss.xYieldPending
                0x0000000020000434        0x4 Middlewares/Third_Party/FreeRTOS/Source/tasks.o
 .bss.xNumOfOverflows
                0x0000000020000438        0x4 Middlewares/Third_Party/FreeRTOS/Source/tasks.o
 .bss.uxTaskNumber
                0x000000002000043c        0x4 Middlewares/Third_Party/FreeRTOS/Source/tasks.o
 .bss.xNextTaskUnblockTime
                0x0000000020000440        0x4 Middlewares/Third_Party/FreeRTOS/Source/tasks.o
 .bss.xIdleTaskHandle
                0x0000000020000444        0x4 Middlewares/Third_Party/FreeRTOS/Source/tasks.o
 .bss.uxSchedulerSuspended
                0x0000000020000448        0x4 Middlewares/Third_Party/FreeRTOS/Source/tasks.o
 .bss.ucMaxSysCallPriority