NetworkInterface.c:312:6:HAL_ETH_RxCpltCallback	24	static,ignoring_inline_asm
NetworkInterface.c:330:6:HAL_ETH_TxCpltCallback	24	static,ignoring_inline_asm
NetworkInterface.c:350:13:vClearTXBuffers	24	static
NetworkInterface.c:398:12:xNetworkInterfaceInitialise	24	static
NetworkInterface.c:525:13:prvDMATxDescListInit	16	static
NetworkInterface.c:574:13:prvDMARxDescListInit	24	static,ignoring_inline_asm
NetworkInterface.c:636:13:prvMACAddressConfig	32	static
NetworkInterface.c:658:12:xNetworkInterfaceOutput	40	static,ignoring_inline_asm
NetworkInterface.c:784:19:xMayAcceptPacket	24	static
NetworkInterface.c:870:13:prvPassEthMessages	32	static
NetworkInterface.c:905:19:prvNetworkInterfaceInput	56	static,ignoring_inline_asm
NetworkInterface.c:1062:12:xSTM32_PhyRead	32	static
NetworkInterface.c:1087:12:xSTM32_PhyWrite	32	static
NetworkInterface.c:1112:6:vMACBProbePhy	8	static
NetworkInterface.c:1120:13:prvEthernetUpdateConfig	16	static
NetworkInterface.c:1199:12:xGetPhyLinkStatus	16	static
NetworkInterface.c:1218:6:vNetworkInterfaceAllocateRAMToBuffers	24	static
NetworkInterface.c:1237:13:prvEMACHandlerTask	32	static
NetworkInterface.c:1315:12:xApplicationGetRandomNumber	24	static
NetworkInterface.c:1338:10:ulApplicationGetNextSequenceNumber	24	static
