NetworkInterface.c:313:6:HAL_ETH_RxCpltCallback	24	static,ignoring_inline_asm
NetworkInterface.c:331:6:HAL_ETH_TxCpltCallback	24	static,ignoring_inline_asm
NetworkInterface.c:351:13:vClearTXBuffers	24	static
NetworkInterface.c:399:12:xNetworkInterfaceInitialise	24	static
NetworkInterface.c:526:13:prvDMATxDescListInit	16	static
NetworkInterface.c:575:13:prvDMARxDescListInit	24	static,ignoring_inline_asm
NetworkInterface.c:637:13:prvMACAddressConfig	32	static
NetworkInterface.c:659:12:xNetworkInterfaceOutput	40	static,ignoring_inline_asm
NetworkInterface.c:785:19:xMayAcceptPacket	24	static
NetworkInterface.c:871:13:prvPassEthMessages	32	static
NetworkInterface.c:906:19:prvNetworkInterfaceInput	56	static,ignoring_inline_asm
NetworkInterface.c:1063:12:xSTM32_PhyRead	32	static
NetworkInterface.c:1088:12:xSTM32_PhyWrite	32	static
NetworkInterface.c:1113:6:vMACBProbePhy	8	static
NetworkInterface.c:1121:13:prvEthernetUpdateConfig	16	static
NetworkInterface.c:1200:12:xGetPhyLinkStatus	16	static
NetworkInterface.c:1219:6:vNetworkInterfaceAllocateRAMToBuffers	24	static
NetworkInterface.c:1238:13:prvEMACHandlerTask	32	static
NetworkInterface.c:1316:12:xApplicationGetRandomNumber	24	static
NetworkInterface.c:1339:10:ulApplicationGetNextSequenceNumber	24	static
