main.c:124:5:main	24	static
main.c:233:6:SystemClock_Config	88	static
main.c:277:13:MX_ETH_Init	8	static
main.c:321:13:MX_GPIO_Init	24	static
main.c:332:6:USART6_Init	32	static
main.c:350:13:MX_USART6_UART_Init	16	static
main.c:383:6:vApplicationIPNetworkEventHook	48	static
main.c:513:6:StartDefaultTask	16	static
main.c:526:8:vTask1_handler	24	static,ignoring_inline_asm
main.c:546:8:vTask2_handler	32	static,ignoring_inline_asm
main.c:601:6:HAL_TIM_PeriodElapsedCallback	16	static
main.c:619:6:Error_Handler	4	static,ignoring_inline_asm
