main.c:120:5:main	24	static
main.c:221:6:SystemClock_Config	88	static
main.c:265:13:MX_ETH_Init	8	static
main.c:309:13:MX_GPIO_Init	24	static
main.c:320:6:USART6_Init	32	static
main.c:338:13:MX_USART6_UART_Init	16	static
main.c:371:6:vApplicationIPNetworkEventHook	48	static
main.c:445:6:StartDefaultTask	16	static
main.c:455:8:vTask1_handler	24	static,ignoring_inline_asm
main.c:477:8:vTask2_handler	32	static,ignoring_inline_asm
main.c:604:6:HAL_TIM_PeriodElapsedCallback	16	static
main.c:622:6:Error_Handler	4	static,ignoring_inline_asm
