FreeRTOS_IP_Private.h:91:23:vCastPointerTo_EthernetHeader_t	16	static
FreeRTOS_IP_Private.h:96:23:vCastConstPointerTo_EthernetHeader_t	16	static
FreeRTOS_IP_Private.h:211:23:vCastPointerTo_ARPPacket_t	16	static
FreeRTOS_IP_Private.h:230:23:vCastPointerTo_IPPacket_t	16	static
FreeRTOS_IP_Private.h:234:23:vCastConstPointerTo_IPPacket_t	16	static
FreeRTOS_IP_Private.h:250:23:vCastPointerTo_ICMPPacket_t	16	static
FreeRTOS_IP_Private.h:270:23:vCastConstPointerTo_UDPPacket_t	16	static
FreeRTOS_IP_Private.h:312:23:vCastConstPointerTo_ProtocolPacket_t	16	static
FreeRTOS_IP_Private.h:800:23:vCastPointerTo_FreeRTOS_Socket_t	16	static
FreeRTOS_IP.c:185:19:vCastPointerTo_NetworkBufferDescriptor_t	16	static
FreeRTOS_IP.c:358:10:vApplicationPingReplyHook	16	static
FreeRTOS_IP.c:395:13:prvIPTask	48	static
FreeRTOS_IP.c:646:12:xIsCallingFromIPTask	16	static
FreeRTOS_IP.c:669:13:prvHandleEthernetPacket	24	static
FreeRTOS_IP.c:714:19:prvCalculateSleepTime	16	static
FreeRTOS_IP.c:771:13:prvCheckNetworkTimers	24	static
FreeRTOS_IP.c:847:13:prvIPTimerStart	16	static
FreeRTOS_IP.c:872:13:prvIPTimerReload	16	static
FreeRTOS_IP.c:887:19:prvIPTimerCheck	24	static
FreeRTOS_IP.c:928:6:FreeRTOS_NetworkDown	16	static
FreeRTOS_IP.c:957:12:FreeRTOS_NetworkDownFromISR	16	static
FreeRTOS_IP.c:988:8:FreeRTOS_GetUDPPayloadBuffer	32	static
FreeRTOS_IP.c:1030:29:pxDuplicateNetworkBufferWithDescriptor	24	static
FreeRTOS_IP.c:1065:36:prvPacketBuffer_to_NetworkBuffer	24	static
FreeRTOS_IP.c:1113:33:pxPacketBuffer_to_NetworkBuffer	16	static
FreeRTOS_IP.c:1128:29:pxUDPPayloadBuffer_to_NetworkBuffer	16	static
FreeRTOS_IP.c:1139:6:FreeRTOS_ReleaseUDPPayloadBuffer	16	static
FreeRTOS_IP.c:1163:12:FreeRTOS_IPInit	64	static,ignoring_inline_asm
FreeRTOS_IP.c:1283:6:FreeRTOS_GetAddressConfiguration	24	static
FreeRTOS_IP.c:1321:6:FreeRTOS_SetAddressConfiguration	24	static
FreeRTOS_IP.c:1454:12:xSendEventToIPTask	32	static
FreeRTOS_IP.c:1474:12:xSendEventStructToIPTask	32	static
FreeRTOS_IP.c:1568:26:eConsiderFrameForProcessing	32	static
FreeRTOS_IP.c:1626:13:prvProcessNetworkDownEvent	8	static
FreeRTOS_IP.c:1684:6:vIPNetworkUpCalls	8	static
FreeRTOS_IP.c:1714:13:prvProcessEthernetPacket	32	static,ignoring_inline_asm
FreeRTOS_IP.c:1815:12:xIsIPv4Multicast	24	static
FreeRTOS_IP.c:1839:6:vSetMultiCastIPv4MacAddress	24	static
FreeRTOS_IP.c:1862:33:prvAllowIPPacket	40	static
FreeRTOS_IP.c:2019:33:prvProcessIPPacket	72	static
FreeRTOS_IP.c:2260:37:prvProcessICMPEchoRequest	32	static
FreeRTOS_IP.c:2313:37:prvProcessICMPPacket	24	static
FreeRTOS_IP.c:2498:10:usGenerateProtocolChecksum	56	static
FreeRTOS_IP.c:2822:10:usGenerateChecksum	64	static
FreeRTOS_IP.c:2976:6:vReturnEthernetFrame	32	static
FreeRTOS_IP.c:3140:10:FreeRTOS_GetIPAddress	4	static
FreeRTOS_IP.c:3151:6:FreeRTOS_SetIPAddress	16	static
FreeRTOS_IP.c:3163:10:FreeRTOS_GetGatewayAddress	4	static
FreeRTOS_IP.c:3174:10:FreeRTOS_GetDNSServerAddress	4	static
FreeRTOS_IP.c:3185:10:FreeRTOS_GetNetmask	4	static
FreeRTOS_IP.c:3196:6:FreeRTOS_UpdateMACAddress	16	static
FreeRTOS_IP.c:3208:17:FreeRTOS_GetMACAddress	4	static
FreeRTOS_IP.c:3219:6:FreeRTOS_SetNetmask	16	static
FreeRTOS_IP.c:3230:6:FreeRTOS_SetGatewayAddress	16	static
FreeRTOS_IP.c:3312:12:xIPIsNetworkTaskReady	4	static
FreeRTOS_IP.c:3323:12:FreeRTOS_IsNetworkUp	4	static
FreeRTOS_IP.c:3353:14:FreeRTOS_strerror_r	32	static
