FreeRTOS_IP_Private.h:91:23:vCastPointerTo_EthernetHeader_t	16	static
FreeRTOS_IP_Private.h:96:23:vCastConstPointerTo_EthernetHeader_t	16	static
FreeRTOS_IP_Private.h:211:23:vCastPointerTo_ARPPacket_t	16	static
FreeRTOS_IP_Private.h:230:23:vCastPointerTo_IPPacket_t	16	static
FreeRTOS_IP_Private.h:234:23:vCastConstPointerTo_IPPacket_t	16	static
FreeRTOS_IP_Private.h:250:23:vCastPointerTo_ICMPPacket_t	16	static
FreeRTOS_IP_Private.h:270:23:vCastConstPointerTo_UDPPacket_t	16	static
FreeRTOS_IP_Private.h:312:23:vCastConstPointerTo_ProtocolPacket_t	16	static
FreeRTOS_IP_Private.h:800:23:vCastPointerTo_FreeRTOS_Socket_t	16	static
FreeRTOS_IP.c:185:19:vCastPointerTo_NetworkBufferDescriptor_t	16	static
FreeRTOS_IP.c:358:10:vApplicationPingReplyHook	16	static
FreeRTOS_IP.c:395:13:prvIPTask	48	static
FreeRTOS_IP.c:646:12:xIsCallingFromIPTask	16	static
FreeRTOS_IP.c:669:13:prvHandleEthernetPacket	24	static
FreeRTOS_IP.c:714:19:prvCalculateSleepTime	16	static
FreeRTOS_IP.c:771:13:prvCheckNetworkTimers	24	static
FreeRTOS_IP.c:847:13:prvIPTimerStart	16	static
FreeRTOS_IP.c:872:13:prvIPTimerReload	16	static
FreeRTOS_IP.c:887:19:prvIPTimerCheck	24	static
FreeRTOS_IP.c:928:6:FreeRTOS_NetworkDown	16	static
FreeRTOS_IP.c:957:12:FreeRTOS_NetworkDownFromISR	16	static
FreeRTOS_IP.c:988:8:FreeRTOS_GetUDPPayloadBuffer	32	static
FreeRTOS_IP.c:1030:29:pxDuplicateNetworkBufferWithDescriptor	24	static
FreeRTOS_IP.c:1065:36:prvPacketBuffer_to_NetworkBuffer	24	static
FreeRTOS_IP.c:1113:33:pxPacketBuffer_to_NetworkBuffer	16	static
FreeRTOS_IP.c:1128:29:pxUDPPayloadBuffer_to_NetworkBuffer	16	static
FreeRTOS_IP.c:1139:6:FreeRTOS_ReleaseUDPPayloadBuffer	16	static
FreeRTOS_IP.c:1163:12:FreeRTOS_IPInit	64	static,ignoring_inline_asm
FreeRTOS_IP.c:1282:6:FreeRTOS_GetAddressConfiguration	24	static
FreeRTOS_IP.c:1320:6:FreeRTOS_SetAddressConfiguration	24	static
FreeRTOS_IP.c:1453:12:xSendEventToIPTask	32	static
FreeRTOS_IP.c:1473:12:xSendEventStructToIPTask	32	static
FreeRTOS_IP.c:1567:26:eConsiderFrameForProcessing	32	static
FreeRTOS_IP.c:1625:13:prvProcessNetworkDownEvent	8	static
FreeRTOS_IP.c:1683:6:vIPNetworkUpCalls	8	static
FreeRTOS_IP.c:1713:13:prvProcessEthernetPacket	32	static,ignoring_inline_asm
FreeRTOS_IP.c:1814:12:xIsIPv4Multicast	24	static
FreeRTOS_IP.c:1838:6:vSetMultiCastIPv4MacAddress	24	static
FreeRTOS_IP.c:1861:33:prvAllowIPPacket	40	static
FreeRTOS_IP.c:2018:33:prvProcessIPPacket	72	static
FreeRTOS_IP.c:2259:37:prvProcessICMPEchoRequest	32	static
FreeRTOS_IP.c:2312:37:prvProcessICMPPacket	24	static
FreeRTOS_IP.c:2497:10:usGenerateProtocolChecksum	56	static
FreeRTOS_IP.c:2821:10:usGenerateChecksum	64	static
FreeRTOS_IP.c:2975:6:vReturnEthernetFrame	32	static
FreeRTOS_IP.c:3139:10:FreeRTOS_GetIPAddress	4	static
FreeRTOS_IP.c:3150:6:FreeRTOS_SetIPAddress	16	static
FreeRTOS_IP.c:3162:10:FreeRTOS_GetGatewayAddress	4	static
FreeRTOS_IP.c:3173:10:FreeRTOS_GetDNSServerAddress	4	static
FreeRTOS_IP.c:3184:10:FreeRTOS_GetNetmask	4	static
FreeRTOS_IP.c:3195:6:FreeRTOS_UpdateMACAddress	16	static
FreeRTOS_IP.c:3207:17:FreeRTOS_GetMACAddress	4	static
FreeRTOS_IP.c:3218:6:FreeRTOS_SetNetmask	16	static
FreeRTOS_IP.c:3229:6:FreeRTOS_SetGatewayAddress	16	static
FreeRTOS_IP.c:3311:12:xIPIsNetworkTaskReady	4	static
FreeRTOS_IP.c:3322:12:FreeRTOS_IsNetworkUp	4	static
FreeRTOS_IP.c:3352:14:FreeRTOS_strerror_r	32	static
